[0.324s] DEBUG:colcon:Command line arguments: ['/usr/bin/colcon', 'build']
[0.325s] DEBUG:colcon:Parsed command line arguments: Namespace(log_base=None, log_level=None, verb_name='build', build_base='build', install_base='install', merge_install=False, symlink_install=False, test_result_base=None, continue_on_error=False, executor='parallel', parallel_workers=16, event_handlers=None, ignore_user_meta=False, metas=['./colcon.meta'], base_paths=['.'], packages_ignore=None, packages_ignore_regex=None, paths=None, packages_up_to=None, packages_up_to_regex=None, packages_above=None, packages_above_and_dependencies=None, packages_above_depth=None, packages_select_by_dep=None, packages_skip_by_dep=None, packages_skip_up_to=None, packages_select_build_failed=False, packages_skip_build_finished=False, packages_select_test_failures=False, packages_skip_test_passed=False, packages_select=None, packages_skip=None, packages_select_regex=None, packages_skip_regex=None, packages_start=None, packages_end=None, allow_overriding=[], cmake_args=None, cmake_target=None, cmake_target_skip_unavailable=False, cmake_clean_cache=False, cmake_clean_first=False, cmake_force_configure=False, ament_cmake_args=None, catkin_cmake_args=None, catkin_skip_building_tests=False, mixin_files=None, mixin=None, verb_parser=<colcon_mixin.mixin.mixin_argument.MixinArgumentDecorator object at 0x7a28e26bd1f0>, verb_extension=<colcon_core.verb.build.BuildVerb object at 0x7a28e27d90d0>, main=<bound method BuildVerb.main of <colcon_core.verb.build.BuildVerb object at 0x7a28e27d90d0>>, mixin_verb=('build',))
[0.467s] Level 1:colcon.colcon_core.package_discovery:discover_packages(colcon_meta) check parameters
[0.468s] Level 1:colcon.colcon_core.package_discovery:discover_packages(recursive) check parameters
[0.468s] Level 1:colcon.colcon_core.package_discovery:discover_packages(ignore) check parameters
[0.468s] Level 1:colcon.colcon_core.package_discovery:discover_packages(path) check parameters
[0.468s] Level 1:colcon.colcon_core.package_discovery:discover_packages(colcon_meta) discover
[0.468s] Level 1:colcon.colcon_core.package_discovery:discover_packages(recursive) discover
[0.468s] INFO:colcon.colcon_core.package_discovery:Crawling recursively for packages in '/home/solomon/atlasr1_ws'
[0.468s] Level 1:colcon.colcon_core.package_identification:_identify(.) by extensions ['ignore', 'ignore_ament_install']
[0.468s] Level 1:colcon.colcon_core.package_identification:_identify(.) by extension 'ignore'
[0.468s] Level 1:colcon.colcon_core.package_identification:_identify(.) by extension 'ignore_ament_install'
[0.468s] Level 1:colcon.colcon_core.package_identification:_identify(.) by extensions ['colcon_pkg']
[0.468s] Level 1:colcon.colcon_core.package_identification:_identify(.) by extension 'colcon_pkg'
[0.468s] Level 1:colcon.colcon_core.package_identification:_identify(.) by extensions ['colcon_meta']
[0.468s] Level 1:colcon.colcon_core.package_identification:_identify(.) by extension 'colcon_meta'
[0.468s] Level 1:colcon.colcon_core.package_identification:_identify(.) by extensions ['ros']
[0.468s] Level 1:colcon.colcon_core.package_identification:_identify(.) by extension 'ros'
[0.554s] Level 1:colcon.colcon_core.package_identification:_identify(.) by extensions ['cmake', 'python']
[0.554s] Level 1:colcon.colcon_core.package_identification:_identify(.) by extension 'cmake'
[0.554s] Level 1:colcon.colcon_core.package_identification:_identify(.) by extension 'python'
[0.554s] Level 1:colcon.colcon_core.package_identification:_identify(.) by extensions ['python_setup_py']
[0.554s] Level 1:colcon.colcon_core.package_identification:_identify(.) by extension 'python_setup_py'
[0.554s] Level 1:colcon.colcon_core.package_identification:_identify(build) by extensions ['ignore', 'ignore_ament_install']
[0.554s] Level 1:colcon.colcon_core.package_identification:_identify(build) by extension 'ignore'
[0.555s] Level 1:colcon.colcon_core.package_identification:_identify(build) ignored
[0.555s] Level 1:colcon.colcon_core.package_identification:_identify(install) by extensions ['ignore', 'ignore_ament_install']
[0.555s] Level 1:colcon.colcon_core.package_identification:_identify(install) by extension 'ignore'
[0.555s] Level 1:colcon.colcon_core.package_identification:_identify(install) ignored
[0.555s] Level 1:colcon.colcon_core.package_identification:_identify(log) by extensions ['ignore', 'ignore_ament_install']
[0.555s] Level 1:colcon.colcon_core.package_identification:_identify(log) by extension 'ignore'
[0.555s] Level 1:colcon.colcon_core.package_identification:_identify(log) ignored
[0.555s] Level 1:colcon.colcon_core.package_identification:_identify(src) by extensions ['ignore', 'ignore_ament_install']
[0.555s] Level 1:colcon.colcon_core.package_identification:_identify(src) by extension 'ignore'
[0.555s] Level 1:colcon.colcon_core.package_identification:_identify(src) by extension 'ignore_ament_install'
[0.555s] Level 1:colcon.colcon_core.package_identification:_identify(src) by extensions ['colcon_pkg']
[0.555s] Level 1:colcon.colcon_core.package_identification:_identify(src) by extension 'colcon_pkg'
[0.556s] Level 1:colcon.colcon_core.package_identification:_identify(src) by extensions ['colcon_meta']
[0.556s] Level 1:colcon.colcon_core.package_identification:_identify(src) by extension 'colcon_meta'
[0.556s] Level 1:colcon.colcon_core.package_identification:_identify(src) by extensions ['ros']
[0.556s] Level 1:colcon.colcon_core.package_identification:_identify(src) by extension 'ros'
[0.556s] Level 1:colcon.colcon_core.package_identification:_identify(src) by extensions ['cmake', 'python']
[0.556s] Level 1:colcon.colcon_core.package_identification:_identify(src) by extension 'cmake'
[0.556s] Level 1:colcon.colcon_core.package_identification:_identify(src) by extension 'python'
[0.556s] Level 1:colcon.colcon_core.package_identification:_identify(src) by extensions ['python_setup_py']
[0.556s] Level 1:colcon.colcon_core.package_identification:_identify(src) by extension 'python_setup_py'
[0.556s] Level 1:colcon.colcon_core.package_identification:_identify(src/atlasr1_controller) by extensions ['ignore', 'ignore_ament_install']
[0.556s] Level 1:colcon.colcon_core.package_identification:_identify(src/atlasr1_controller) by extension 'ignore'
[0.556s] Level 1:colcon.colcon_core.package_identification:_identify(src/atlasr1_controller) by extension 'ignore_ament_install'
[0.556s] Level 1:colcon.colcon_core.package_identification:_identify(src/atlasr1_controller) by extensions ['colcon_pkg']
[0.556s] Level 1:colcon.colcon_core.package_identification:_identify(src/atlasr1_controller) by extension 'colcon_pkg'
[0.557s] Level 1:colcon.colcon_core.package_identification:_identify(src/atlasr1_controller) by extensions ['colcon_meta']
[0.557s] Level 1:colcon.colcon_core.package_identification:_identify(src/atlasr1_controller) by extension 'colcon_meta'
[0.557s] Level 1:colcon.colcon_core.package_identification:_identify(src/atlasr1_controller) by extensions ['ros']
[0.557s] Level 1:colcon.colcon_core.package_identification:_identify(src/atlasr1_controller) by extension 'ros'
[0.570s] DEBUG:colcon.colcon_core.package_identification:Package 'src/atlasr1_controller' with type 'ros.ament_cmake' and name 'atlasr1_controller'
[0.570s] Level 1:colcon.colcon_core.package_identification:_identify(src/atlasr1_description) by extensions ['ignore', 'ignore_ament_install']
[0.570s] Level 1:colcon.colcon_core.package_identification:_identify(src/atlasr1_description) by extension 'ignore'
[0.570s] Level 1:colcon.colcon_core.package_identification:_identify(src/atlasr1_description) by extension 'ignore_ament_install'
[0.570s] Level 1:colcon.colcon_core.package_identification:_identify(src/atlasr1_description) by extensions ['colcon_pkg']
[0.570s] Level 1:colcon.colcon_core.package_identification:_identify(src/atlasr1_description) by extension 'colcon_pkg'
[0.571s] Level 1:colcon.colcon_core.package_identification:_identify(src/atlasr1_description) by extensions ['colcon_meta']
[0.571s] Level 1:colcon.colcon_core.package_identification:_identify(src/atlasr1_description) by extension 'colcon_meta'
[0.571s] Level 1:colcon.colcon_core.package_identification:_identify(src/atlasr1_description) by extensions ['ros']
[0.571s] Level 1:colcon.colcon_core.package_identification:_identify(src/atlasr1_description) by extension 'ros'
[0.581s] DEBUG:colcon.colcon_core.package_identification:Package 'src/atlasr1_description' with type 'ros.ament_cmake' and name 'atlasr1_description'
[0.581s] Level 1:colcon.colcon_core.package_discovery:discover_packages(recursive) using defaults
[0.582s] Level 1:colcon.colcon_core.package_discovery:discover_packages(ignore) discover
[0.582s] Level 1:colcon.colcon_core.package_discovery:discover_packages(ignore) using defaults
[0.582s] Level 1:colcon.colcon_core.package_discovery:discover_packages(path) discover
[0.582s] Level 1:colcon.colcon_core.package_discovery:discover_packages(path) using defaults
[0.644s] Level 1:colcon.colcon_core.package_discovery:discover_packages(prefix_path) check parameters
[0.644s] Level 1:colcon.colcon_core.package_discovery:discover_packages(prefix_path) discover
[0.657s] DEBUG:colcon.colcon_installed_package_information.package_discovery:Found 2 installed packages in /home/solomon/atlasr1_ws/install
[0.661s] DEBUG:colcon.colcon_installed_package_information.package_discovery:Found 382 installed packages in /opt/ros/jazzy
[0.666s] Level 1:colcon.colcon_core.package_discovery:discover_packages(prefix_path) using defaults
[0.768s] Level 5:colcon.colcon_core.verb:set package 'atlasr1_controller' build argument 'cmake_args' from command line to 'None'
[0.769s] Level 5:colcon.colcon_core.verb:set package 'atlasr1_controller' build argument 'cmake_target' from command line to 'None'
[0.769s] Level 5:colcon.colcon_core.verb:set package 'atlasr1_controller' build argument 'cmake_target_skip_unavailable' from command line to 'False'
[0.769s] Level 5:colcon.colcon_core.verb:set package 'atlasr1_controller' build argument 'cmake_clean_cache' from command line to 'False'
[0.769s] Level 5:colcon.colcon_core.verb:set package 'atlasr1_controller' build argument 'cmake_clean_first' from command line to 'False'
[0.769s] Level 5:colcon.colcon_core.verb:set package 'atlasr1_controller' build argument 'cmake_force_configure' from command line to 'False'
[0.769s] Level 5:colcon.colcon_core.verb:set package 'atlasr1_controller' build argument 'ament_cmake_args' from command line to 'None'
[0.769s] Level 5:colcon.colcon_core.verb:set package 'atlasr1_controller' build argument 'catkin_cmake_args' from command line to 'None'
[0.769s] Level 5:colcon.colcon_core.verb:set package 'atlasr1_controller' build argument 'catkin_skip_building_tests' from command line to 'False'
[0.769s] DEBUG:colcon.colcon_core.verb:Building package 'atlasr1_controller' with the following arguments: {'ament_cmake_args': None, 'build_base': '/home/solomon/atlasr1_ws/build/atlasr1_controller', 'catkin_cmake_args': None, 'catkin_skip_building_tests': False, 'cmake_args': None, 'cmake_clean_cache': False, 'cmake_clean_first': False, 'cmake_force_configure': False, 'cmake_target': None, 'cmake_target_skip_unavailable': False, 'install_base': '/home/solomon/atlasr1_ws/install/atlasr1_controller', 'merge_install': False, 'path': '/home/solomon/atlasr1_ws/src/atlasr1_controller', 'symlink_install': False, 'test_result_base': None}
[0.770s] Level 5:colcon.colcon_core.verb:set package 'atlasr1_description' build argument 'cmake_args' from command line to 'None'
[0.770s] Level 5:colcon.colcon_core.verb:set package 'atlasr1_description' build argument 'cmake_target' from command line to 'None'
[0.770s] Level 5:colcon.colcon_core.verb:set package 'atlasr1_description' build argument 'cmake_target_skip_unavailable' from command line to 'False'
[0.771s] Level 5:colcon.colcon_core.verb:set package 'atlasr1_description' build argument 'cmake_clean_cache' from command line to 'False'
[0.771s] Level 5:colcon.colcon_core.verb:set package 'atlasr1_description' build argument 'cmake_clean_first' from command line to 'False'
[0.771s] Level 5:colcon.colcon_core.verb:set package 'atlasr1_description' build argument 'cmake_force_configure' from command line to 'False'
[0.771s] Level 5:colcon.colcon_core.verb:set package 'atlasr1_description' build argument 'ament_cmake_args' from command line to 'None'
[0.771s] Level 5:colcon.colcon_core.verb:set package 'atlasr1_description' build argument 'catkin_cmake_args' from command line to 'None'
[0.771s] Level 5:colcon.colcon_core.verb:set package 'atlasr1_description' build argument 'catkin_skip_building_tests' from command line to 'False'
[0.771s] DEBUG:colcon.colcon_core.verb:Building package 'atlasr1_description' with the following arguments: {'ament_cmake_args': None, 'build_base': '/home/solomon/atlasr1_ws/build/atlasr1_description', 'catkin_cmake_args': None, 'catkin_skip_building_tests': False, 'cmake_args': None, 'cmake_clean_cache': False, 'cmake_clean_first': False, 'cmake_force_configure': False, 'cmake_target': None, 'cmake_target_skip_unavailable': False, 'install_base': '/home/solomon/atlasr1_ws/install/atlasr1_description', 'merge_install': False, 'path': '/home/solomon/atlasr1_ws/src/atlasr1_description', 'symlink_install': False, 'test_result_base': None}
[0.772s] INFO:colcon.colcon_core.executor:Executing jobs using 'parallel' executor
[0.776s] DEBUG:colcon.colcon_parallel_executor.executor.parallel:run_until_complete
[0.777s] INFO:colcon.colcon_ros.task.ament_cmake.build:Building ROS package in '/home/solomon/atlasr1_ws/src/atlasr1_controller' with build type 'ament_cmake'
[0.778s] INFO:colcon.colcon_cmake.task.cmake.build:Building CMake package in '/home/solomon/atlasr1_ws/src/atlasr1_controller'
[0.787s] INFO:colcon.colcon_core.plugin_system:Skipping extension 'colcon_core.shell.bat': Not used on non-Windows systems
[0.787s] INFO:colcon.colcon_core.shell:Skip shell extension 'powershell' for command environment: Not usable outside of PowerShell
[0.787s] DEBUG:colcon.colcon_core.shell:Skip shell extension 'dsv' for command environment
[0.798s] INFO:colcon.colcon_ros.task.ament_cmake.build:Building ROS package in '/home/solomon/atlasr1_ws/src/atlasr1_description' with build type 'ament_cmake'
[0.799s] INFO:colcon.colcon_cmake.task.cmake.build:Building CMake package in '/home/solomon/atlasr1_ws/src/atlasr1_description'
[0.799s] INFO:colcon.colcon_core.shell:Skip shell extension 'powershell' for command environment: Not usable outside of PowerShell
[0.799s] DEBUG:colcon.colcon_core.shell:Skip shell extension 'dsv' for command environment
[0.824s] DEBUG:colcon.colcon_core.event_handler.log_command:Invoking command in '/home/solomon/atlasr1_ws/build/atlasr1_controller': CMAKE_PREFIX_PATH=${CMAKE_PREFIX_PATH}:/opt/ros/jazzy DEBUGINFOD_URLS=https://debuginfod.ubuntu.com /usr/bin/cmake --build /home/solomon/atlasr1_ws/build/atlasr1_controller -- -j16 -l16
[0.843s] DEBUG:colcon.colcon_core.event_handler.log_command:Invoking command in '/home/solomon/atlasr1_ws/build/atlasr1_description': CMAKE_PREFIX_PATH=${CMAKE_PREFIX_PATH}:/opt/ros/jazzy DEBUGINFOD_URLS=https://debuginfod.ubuntu.com /usr/bin/cmake --build /home/solomon/atlasr1_ws/build/atlasr1_description -- -j16 -l16
[1.032s] DEBUG:colcon.colcon_core.event_handler.log_command:Invoked command in '/home/solomon/atlasr1_ws/build/atlasr1_description' returned '0': CMAKE_PREFIX_PATH=${CMAKE_PREFIX_PATH}:/opt/ros/jazzy DEBUGINFOD_URLS=https://debuginfod.ubuntu.com /usr/bin/cmake --build /home/solomon/atlasr1_ws/build/atlasr1_description -- -j16 -l16
[1.074s] DEBUG:colcon.colcon_core.event_handler.log_command:Invoking command in '/home/solomon/atlasr1_ws/build/atlasr1_description': CMAKE_PREFIX_PATH=${CMAKE_PREFIX_PATH}:/opt/ros/jazzy DEBUGINFOD_URLS=https://debuginfod.ubuntu.com /usr/bin/cmake --install /home/solomon/atlasr1_ws/build/atlasr1_description
[1.134s] Level 1:colcon.colcon_core.environment:create_environment_scripts_only(atlasr1_description)
[1.136s] DEBUG:colcon.colcon_core.event_handler.log_command:Invoked command in '/home/solomon/atlasr1_ws/build/atlasr1_description' returned '0': CMAKE_PREFIX_PATH=${CMAKE_PREFIX_PATH}:/opt/ros/jazzy DEBUGINFOD_URLS=https://debuginfod.ubuntu.com /usr/bin/cmake --install /home/solomon/atlasr1_ws/build/atlasr1_description
[1.151s] Level 1:colcon.colcon_core.environment:checking '/home/solomon/atlasr1_ws/install/atlasr1_description' for CMake module files
[1.152s] Level 1:colcon.colcon_core.environment:checking '/home/solomon/atlasr1_ws/install/atlasr1_description' for CMake config files
[1.153s] Level 1:colcon.colcon_core.shell:create_environment_hook('atlasr1_description', 'cmake_prefix_path')
[1.154s] INFO:colcon.colcon_core.shell:Creating environment hook '/home/solomon/atlasr1_ws/install/atlasr1_description/share/atlasr1_description/hook/cmake_prefix_path.ps1'
[1.157s] INFO:colcon.colcon_core.shell:Creating environment descriptor '/home/solomon/atlasr1_ws/install/atlasr1_description/share/atlasr1_description/hook/cmake_prefix_path.dsv'
[1.161s] INFO:colcon.colcon_core.shell:Creating environment hook '/home/solomon/atlasr1_ws/install/atlasr1_description/share/atlasr1_description/hook/cmake_prefix_path.sh'
[1.165s] Level 1:colcon.colcon_core.environment:checking '/home/solomon/atlasr1_ws/install/atlasr1_description/bin'
[1.166s] Level 1:colcon.colcon_core.environment:checking '/home/solomon/atlasr1_ws/install/atlasr1_description/lib/pkgconfig/atlasr1_description.pc'
[1.166s] Level 1:colcon.colcon_core.environment:checking '/home/solomon/atlasr1_ws/install/atlasr1_description/lib/python3.12/site-packages'
[1.167s] Level 1:colcon.colcon_core.environment:checking '/home/solomon/atlasr1_ws/install/atlasr1_description/bin'
[1.168s] INFO:colcon.colcon_core.shell:Creating package script '/home/solomon/atlasr1_ws/install/atlasr1_description/share/atlasr1_description/package.ps1'
[1.172s] INFO:colcon.colcon_core.shell:Creating package descriptor '/home/solomon/atlasr1_ws/install/atlasr1_description/share/atlasr1_description/package.dsv'
[1.174s] INFO:colcon.colcon_core.shell:Creating package script '/home/solomon/atlasr1_ws/install/atlasr1_description/share/atlasr1_description/package.sh'
[1.179s] INFO:colcon.colcon_core.shell:Creating package script '/home/solomon/atlasr1_ws/install/atlasr1_description/share/atlasr1_description/package.bash'
[1.182s] INFO:colcon.colcon_core.shell:Creating package script '/home/solomon/atlasr1_ws/install/atlasr1_description/share/atlasr1_description/package.zsh'
[1.184s] Level 1:colcon.colcon_core.environment:create_file_with_runtime_dependencies(/home/solomon/atlasr1_ws/install/atlasr1_description/share/colcon-core/packages/atlasr1_description)
[1.188s] Level 1:colcon.colcon_core.environment:create_environment_scripts_only(atlasr1_description)
[1.189s] Level 1:colcon.colcon_core.environment:checking '/home/solomon/atlasr1_ws/install/atlasr1_description' for CMake module files
[1.191s] Level 1:colcon.colcon_core.environment:checking '/home/solomon/atlasr1_ws/install/atlasr1_description' for CMake config files
[1.192s] Level 1:colcon.colcon_core.shell:create_environment_hook('atlasr1_description', 'cmake_prefix_path')
[1.193s] INFO:colcon.colcon_core.shell:Creating environment hook '/home/solomon/atlasr1_ws/install/atlasr1_description/share/atlasr1_description/hook/cmake_prefix_path.ps1'
[1.196s] INFO:colcon.colcon_core.shell:Creating environment descriptor '/home/solomon/atlasr1_ws/install/atlasr1_description/share/atlasr1_description/hook/cmake_prefix_path.dsv'
[1.199s] INFO:colcon.colcon_core.shell:Creating environment hook '/home/solomon/atlasr1_ws/install/atlasr1_description/share/atlasr1_description/hook/cmake_prefix_path.sh'
[1.203s] Level 1:colcon.colcon_core.environment:checking '/home/solomon/atlasr1_ws/install/atlasr1_description/bin'
[1.203s] Level 1:colcon.colcon_core.environment:checking '/home/solomon/atlasr1_ws/install/atlasr1_description/lib/pkgconfig/atlasr1_description.pc'
[1.204s] Level 1:colcon.colcon_core.environment:checking '/home/solomon/atlasr1_ws/install/atlasr1_description/lib/python3.12/site-packages'
[1.205s] Level 1:colcon.colcon_core.environment:checking '/home/solomon/atlasr1_ws/install/atlasr1_description/bin'
[1.207s] INFO:colcon.colcon_core.shell:Creating package script '/home/solomon/atlasr1_ws/install/atlasr1_description/share/atlasr1_description/package.ps1'
[1.210s] INFO:colcon.colcon_core.shell:Creating package descriptor '/home/solomon/atlasr1_ws/install/atlasr1_description/share/atlasr1_description/package.dsv'
[1.211s] INFO:colcon.colcon_core.shell:Creating package script '/home/solomon/atlasr1_ws/install/atlasr1_description/share/atlasr1_description/package.sh'
[1.212s] INFO:colcon.colcon_core.shell:Creating package script '/home/solomon/atlasr1_ws/install/atlasr1_description/share/atlasr1_description/package.bash'
[1.213s] INFO:colcon.colcon_core.shell:Creating package script '/home/solomon/atlasr1_ws/install/atlasr1_description/share/atlasr1_description/package.zsh'
[1.213s] Level 1:colcon.colcon_core.environment:create_file_with_runtime_dependencies(/home/solomon/atlasr1_ws/install/atlasr1_description/share/colcon-core/packages/atlasr1_description)
[2.068s] DEBUG:colcon.colcon_core.event_handler.log_command:Invoked command in '/home/solomon/atlasr1_ws/build/atlasr1_controller' returned '0': CMAKE_PREFIX_PATH=${CMAKE_PREFIX_PATH}:/opt/ros/jazzy DEBUGINFOD_URLS=https://debuginfod.ubuntu.com /usr/bin/cmake --build /home/solomon/atlasr1_ws/build/atlasr1_controller -- -j16 -l16
[2.072s] DEBUG:colcon.colcon_core.event_handler.log_command:Invoking command in '/home/solomon/atlasr1_ws/build/atlasr1_controller': CMAKE_PREFIX_PATH=${CMAKE_PREFIX_PATH}:/opt/ros/jazzy DEBUGINFOD_URLS=https://debuginfod.ubuntu.com /usr/bin/cmake --install /home/solomon/atlasr1_ws/build/atlasr1_controller
[2.253s] Level 1:colcon.colcon_core.environment:create_environment_scripts_only(atlasr1_controller)
[2.255s] Level 1:colcon.colcon_core.environment:checking '/home/solomon/atlasr1_ws/install/atlasr1_controller' for CMake module files
[2.257s] DEBUG:colcon.colcon_core.event_handler.log_command:Invoked command in '/home/solomon/atlasr1_ws/build/atlasr1_controller' returned '0': CMAKE_PREFIX_PATH=${CMAKE_PREFIX_PATH}:/opt/ros/jazzy DEBUGINFOD_URLS=https://debuginfod.ubuntu.com /usr/bin/cmake --install /home/solomon/atlasr1_ws/build/atlasr1_controller
[2.258s] Level 1:colcon.colcon_core.environment:checking '/home/solomon/atlasr1_ws/install/atlasr1_controller' for CMake config files
[2.259s] Level 1:colcon.colcon_core.shell:create_environment_hook('atlasr1_controller', 'cmake_prefix_path')
[2.260s] INFO:colcon.colcon_core.shell:Creating environment hook '/home/solomon/atlasr1_ws/install/atlasr1_controller/share/atlasr1_controller/hook/cmake_prefix_path.ps1'
[2.263s] INFO:colcon.colcon_core.shell:Creating environment descriptor '/home/solomon/atlasr1_ws/install/atlasr1_controller/share/atlasr1_controller/hook/cmake_prefix_path.dsv'
[2.265s] INFO:colcon.colcon_core.shell:Creating environment hook '/home/solomon/atlasr1_ws/install/atlasr1_controller/share/atlasr1_controller/hook/cmake_prefix_path.sh'
[2.268s] Level 1:colcon.colcon_core.environment:checking '/home/solomon/atlasr1_ws/install/atlasr1_controller/lib'
[2.269s] Level 1:colcon.colcon_core.environment:checking '/home/solomon/atlasr1_ws/install/atlasr1_controller/bin'
[2.269s] Level 1:colcon.colcon_core.environment:checking '/home/solomon/atlasr1_ws/install/atlasr1_controller/lib/pkgconfig/atlasr1_controller.pc'
[2.270s] Level 1:colcon.colcon_core.environment:checking '/home/solomon/atlasr1_ws/install/atlasr1_controller/lib/python3.12/site-packages'
[2.271s] Level 1:colcon.colcon_core.shell:create_environment_hook('atlasr1_controller', 'pythonpath')
[2.272s] INFO:colcon.colcon_core.shell:Creating environment hook '/home/solomon/atlasr1_ws/install/atlasr1_controller/share/atlasr1_controller/hook/pythonpath.ps1'
[2.274s] INFO:colcon.colcon_core.shell:Creating environment descriptor '/home/solomon/atlasr1_ws/install/atlasr1_controller/share/atlasr1_controller/hook/pythonpath.dsv'
[2.275s] INFO:colcon.colcon_core.shell:Creating environment hook '/home/solomon/atlasr1_ws/install/atlasr1_controller/share/atlasr1_controller/hook/pythonpath.sh'
[2.278s] Level 1:colcon.colcon_core.environment:checking '/home/solomon/atlasr1_ws/install/atlasr1_controller/bin'
[2.280s] INFO:colcon.colcon_core.shell:Creating package script '/home/solomon/atlasr1_ws/install/atlasr1_controller/share/atlasr1_controller/package.ps1'
[2.282s] INFO:colcon.colcon_core.shell:Creating package descriptor '/home/solomon/atlasr1_ws/install/atlasr1_controller/share/atlasr1_controller/package.dsv'
[2.285s] INFO:colcon.colcon_core.shell:Creating package script '/home/solomon/atlasr1_ws/install/atlasr1_controller/share/atlasr1_controller/package.sh'
[2.288s] INFO:colcon.colcon_core.shell:Creating package script '/home/solomon/atlasr1_ws/install/atlasr1_controller/share/atlasr1_controller/package.bash'
[2.290s] INFO:colcon.colcon_core.shell:Creating package script '/home/solomon/atlasr1_ws/install/atlasr1_controller/share/atlasr1_controller/package.zsh'
[2.294s] Level 1:colcon.colcon_core.environment:create_file_with_runtime_dependencies(/home/solomon/atlasr1_ws/install/atlasr1_controller/share/colcon-core/packages/atlasr1_controller)
[2.295s] Level 1:colcon.colcon_core.environment:create_environment_scripts_only(atlasr1_controller)
[2.296s] Level 1:colcon.colcon_core.environment:checking '/home/solomon/atlasr1_ws/install/atlasr1_controller' for CMake module files
[2.297s] Level 1:colcon.colcon_core.environment:checking '/home/solomon/atlasr1_ws/install/atlasr1_controller' for CMake config files
[2.297s] Level 1:colcon.colcon_core.shell:create_environment_hook('atlasr1_controller', 'cmake_prefix_path')
[2.298s] INFO:colcon.colcon_core.shell:Creating environment hook '/home/solomon/atlasr1_ws/install/atlasr1_controller/share/atlasr1_controller/hook/cmake_prefix_path.ps1'
[2.300s] INFO:colcon.colcon_core.shell:Creating environment descriptor '/home/solomon/atlasr1_ws/install/atlasr1_controller/share/atlasr1_controller/hook/cmake_prefix_path.dsv'
[2.301s] INFO:colcon.colcon_core.shell:Creating environment hook '/home/solomon/atlasr1_ws/install/atlasr1_controller/share/atlasr1_controller/hook/cmake_prefix_path.sh'
[2.305s] Level 1:colcon.colcon_core.environment:checking '/home/solomon/atlasr1_ws/install/atlasr1_controller/lib'
[2.305s] Level 1:colcon.colcon_core.environment:checking '/home/solomon/atlasr1_ws/install/atlasr1_controller/bin'
[2.305s] Level 1:colcon.colcon_core.environment:checking '/home/solomon/atlasr1_ws/install/atlasr1_controller/lib/pkgconfig/atlasr1_controller.pc'
[2.307s] Level 1:colcon.colcon_core.environment:checking '/home/solomon/atlasr1_ws/install/atlasr1_controller/lib/python3.12/site-packages'
[2.308s] Level 1:colcon.colcon_core.shell:create_environment_hook('atlasr1_controller', 'pythonpath')
[2.310s] INFO:colcon.colcon_core.shell:Creating environment hook '/home/solomon/atlasr1_ws/install/atlasr1_controller/share/atlasr1_controller/hook/pythonpath.ps1'
[2.314s] INFO:colcon.colcon_core.shell:Creating environment descriptor '/home/solomon/atlasr1_ws/install/atlasr1_controller/share/atlasr1_controller/hook/pythonpath.dsv'
[2.316s] INFO:colcon.colcon_core.shell:Creating environment hook '/home/solomon/atlasr1_ws/install/atlasr1_controller/share/atlasr1_controller/hook/pythonpath.sh'
[2.318s] Level 1:colcon.colcon_core.environment:checking '/home/solomon/atlasr1_ws/install/atlasr1_controller/bin'
[2.320s] INFO:colcon.colcon_core.shell:Creating package script '/home/solomon/atlasr1_ws/install/atlasr1_controller/share/atlasr1_controller/package.ps1'
[2.322s] INFO:colcon.colcon_core.shell:Creating package descriptor '/home/solomon/atlasr1_ws/install/atlasr1_controller/share/atlasr1_controller/package.dsv'
[2.324s] INFO:colcon.colcon_core.shell:Creating package script '/home/solomon/atlasr1_ws/install/atlasr1_controller/share/atlasr1_controller/package.sh'
[2.327s] INFO:colcon.colcon_core.shell:Creating package script '/home/solomon/atlasr1_ws/install/atlasr1_controller/share/atlasr1_controller/package.bash'
[2.330s] INFO:colcon.colcon_core.shell:Creating package script '/home/solomon/atlasr1_ws/install/atlasr1_controller/share/atlasr1_controller/package.zsh'
[2.332s] Level 1:colcon.colcon_core.environment:create_file_with_runtime_dependencies(/home/solomon/atlasr1_ws/install/atlasr1_controller/share/colcon-core/packages/atlasr1_controller)
[2.334s] DEBUG:colcon.colcon_parallel_executor.executor.parallel:closing loop
[2.336s] DEBUG:colcon.colcon_parallel_executor.executor.parallel:loop closed
[2.337s] DEBUG:colcon.colcon_parallel_executor.executor.parallel:run_until_complete finished with '0'
[2.338s] DEBUG:colcon.colcon_core.event_reactor:joining thread
[2.360s] INFO:colcon.colcon_core.plugin_system:Skipping extension 'colcon_notification.desktop_notification.terminal_notifier': Not used on non-Darwin systems
[2.360s] INFO:colcon.colcon_core.plugin_system:Skipping extension 'colcon_notification.desktop_notification.win32': Not used on non-Windows systems
[2.360s] INFO:colcon.colcon_notification.desktop_notification:Sending desktop notification using 'notify2'
[2.445s] DEBUG:colcon.colcon_core.event_reactor:joined thread
[2.446s] INFO:colcon.colcon_core.shell:Creating prefix script '/home/solomon/atlasr1_ws/install/local_setup.ps1'
[2.449s] INFO:colcon.colcon_core.shell:Creating prefix util module '/home/solomon/atlasr1_ws/install/_local_setup_util_ps1.py'
[2.455s] INFO:colcon.colcon_core.shell:Creating prefix chain script '/home/solomon/atlasr1_ws/install/setup.ps1'
[2.460s] INFO:colcon.colcon_core.shell:Creating prefix script '/home/solomon/atlasr1_ws/install/local_setup.sh'
[2.465s] INFO:colcon.colcon_core.shell:Creating prefix util module '/home/solomon/atlasr1_ws/install/_local_setup_util_sh.py'
[2.469s] INFO:colcon.colcon_core.shell:Creating prefix chain script '/home/solomon/atlasr1_ws/install/setup.sh'
[2.474s] INFO:colcon.colcon_core.shell:Creating prefix script '/home/solomon/atlasr1_ws/install/local_setup.bash'
[2.479s] INFO:colcon.colcon_core.shell:Creating prefix chain script '/home/solomon/atlasr1_ws/install/setup.bash'
[2.484s] INFO:colcon.colcon_core.shell:Creating prefix script '/home/solomon/atlasr1_ws/install/local_setup.zsh'
[2.488s] INFO:colcon.colcon_core.shell:Creating prefix chain script '/home/solomon/atlasr1_ws/install/setup.zsh'
