[0.139s] DEBUG:colcon:Command line arguments: ['/usr/bin/colcon', 'build']
[0.139s] DEBUG:colcon:Parsed command line arguments: Namespace(log_base=None, log_level=None, verb_name='build', build_base='build', install_base='install', merge_install=False, symlink_install=False, test_result_base=None, continue_on_error=False, executor='parallel', parallel_workers=16, event_handlers=None, ignore_user_meta=False, metas=['./colcon.meta'], base_paths=['.'], packages_ignore=None, packages_ignore_regex=None, paths=None, packages_up_to=None, packages_up_to_regex=None, packages_above=None, packages_above_and_dependencies=None, packages_above_depth=None, packages_select_by_dep=None, packages_skip_by_dep=None, packages_skip_up_to=None, packages_select_build_failed=False, packages_skip_build_finished=False, packages_select_test_failures=False, packages_skip_test_passed=False, packages_select=None, packages_skip=None, packages_select_regex=None, packages_skip_regex=None, packages_start=None, packages_end=None, allow_overriding=[], cmake_args=None, cmake_target=None, cmake_target_skip_unavailable=False, cmake_clean_cache=False, cmake_clean_first=False, cmake_force_configure=False, ament_cmake_args=None, catkin_cmake_args=None, catkin_skip_building_tests=False, mixin_files=None, mixin=None, verb_parser=<colcon_mixin.mixin.mixin_argument.MixinArgumentDecorator object at 0x7a3ce04bcf80>, verb_extension=<colcon_core.verb.build.BuildVerb object at 0x7a3ce05e1520>, main=<bound method BuildVerb.main of <colcon_core.verb.build.BuildVerb object at 0x7a3ce05e1520>>, mixin_verb=('build',))
[0.190s] Level 1:colcon.colcon_core.package_discovery:discover_packages(colcon_meta) check parameters
[0.191s] Level 1:colcon.colcon_core.package_discovery:discover_packages(recursive) check parameters
[0.191s] Level 1:colcon.colcon_core.package_discovery:discover_packages(ignore) check parameters
[0.191s] Level 1:colcon.colcon_core.package_discovery:discover_packages(path) check parameters
[0.191s] Level 1:colcon.colcon_core.package_discovery:discover_packages(colcon_meta) discover
[0.191s] Level 1:colcon.colcon_core.package_discovery:discover_packages(recursive) discover
[0.191s] INFO:colcon.colcon_core.package_discovery:Crawling recursively for packages in '/home/solomon/atlasr1_ws'
[0.191s] Level 1:colcon.colcon_core.package_identification:_identify(.) by extensions ['ignore', 'ignore_ament_install']
[0.191s] Level 1:colcon.colcon_core.package_identification:_identify(.) by extension 'ignore'
[0.191s] Level 1:colcon.colcon_core.package_identification:_identify(.) by extension 'ignore_ament_install'
[0.191s] Level 1:colcon.colcon_core.package_identification:_identify(.) by extensions ['colcon_pkg']
[0.191s] Level 1:colcon.colcon_core.package_identification:_identify(.) by extension 'colcon_pkg'
[0.191s] Level 1:colcon.colcon_core.package_identification:_identify(.) by extensions ['colcon_meta']
[0.191s] Level 1:colcon.colcon_core.package_identification:_identify(.) by extension 'colcon_meta'
[0.191s] Level 1:colcon.colcon_core.package_identification:_identify(.) by extensions ['ros']
[0.191s] Level 1:colcon.colcon_core.package_identification:_identify(.) by extension 'ros'
[0.223s] Level 1:colcon.colcon_core.package_identification:_identify(.) by extensions ['cmake', 'python']
[0.223s] Level 1:colcon.colcon_core.package_identification:_identify(.) by extension 'cmake'
[0.223s] Level 1:colcon.colcon_core.package_identification:_identify(.) by extension 'python'
[0.223s] Level 1:colcon.colcon_core.package_identification:_identify(.) by extensions ['python_setup_py']
[0.223s] Level 1:colcon.colcon_core.package_identification:_identify(.) by extension 'python_setup_py'
[0.223s] Level 1:colcon.colcon_core.package_identification:_identify(build) by extensions ['ignore', 'ignore_ament_install']
[0.224s] Level 1:colcon.colcon_core.package_identification:_identify(build) by extension 'ignore'
[0.224s] Level 1:colcon.colcon_core.package_identification:_identify(build) ignored
[0.224s] Level 1:colcon.colcon_core.package_identification:_identify(install) by extensions ['ignore', 'ignore_ament_install']
[0.224s] Level 1:colcon.colcon_core.package_identification:_identify(install) by extension 'ignore'
[0.224s] Level 1:colcon.colcon_core.package_identification:_identify(install) ignored
[0.224s] Level 1:colcon.colcon_core.package_identification:_identify(log) by extensions ['ignore', 'ignore_ament_install']
[0.224s] Level 1:colcon.colcon_core.package_identification:_identify(log) by extension 'ignore'
[0.224s] Level 1:colcon.colcon_core.package_identification:_identify(log) ignored
[0.224s] Level 1:colcon.colcon_core.package_identification:_identify(src) by extensions ['ignore', 'ignore_ament_install']
[0.224s] Level 1:colcon.colcon_core.package_identification:_identify(src) by extension 'ignore'
[0.224s] Level 1:colcon.colcon_core.package_identification:_identify(src) by extension 'ignore_ament_install'
[0.224s] Level 1:colcon.colcon_core.package_identification:_identify(src) by extensions ['colcon_pkg']
[0.224s] Level 1:colcon.colcon_core.package_identification:_identify(src) by extension 'colcon_pkg'
[0.224s] Level 1:colcon.colcon_core.package_identification:_identify(src) by extensions ['colcon_meta']
[0.224s] Level 1:colcon.colcon_core.package_identification:_identify(src) by extension 'colcon_meta'
[0.224s] Level 1:colcon.colcon_core.package_identification:_identify(src) by extensions ['ros']
[0.224s] Level 1:colcon.colcon_core.package_identification:_identify(src) by extension 'ros'
[0.225s] Level 1:colcon.colcon_core.package_identification:_identify(src) by extensions ['cmake', 'python']
[0.225s] Level 1:colcon.colcon_core.package_identification:_identify(src) by extension 'cmake'
[0.225s] Level 1:colcon.colcon_core.package_identification:_identify(src) by extension 'python'
[0.225s] Level 1:colcon.colcon_core.package_identification:_identify(src) by extensions ['python_setup_py']
[0.225s] Level 1:colcon.colcon_core.package_identification:_identify(src) by extension 'python_setup_py'
[0.225s] Level 1:colcon.colcon_core.package_identification:_identify(src/atlasr1_controller) by extensions ['ignore', 'ignore_ament_install']
[0.225s] Level 1:colcon.colcon_core.package_identification:_identify(src/atlasr1_controller) by extension 'ignore'
[0.225s] Level 1:colcon.colcon_core.package_identification:_identify(src/atlasr1_controller) by extension 'ignore_ament_install'
[0.225s] Level 1:colcon.colcon_core.package_identification:_identify(src/atlasr1_controller) by extensions ['colcon_pkg']
[0.225s] Level 1:colcon.colcon_core.package_identification:_identify(src/atlasr1_controller) by extension 'colcon_pkg'
[0.225s] Level 1:colcon.colcon_core.package_identification:_identify(src/atlasr1_controller) by extensions ['colcon_meta']
[0.225s] Level 1:colcon.colcon_core.package_identification:_identify(src/atlasr1_controller) by extension 'colcon_meta'
[0.225s] Level 1:colcon.colcon_core.package_identification:_identify(src/atlasr1_controller) by extensions ['ros']
[0.225s] Level 1:colcon.colcon_core.package_identification:_identify(src/atlasr1_controller) by extension 'ros'
[0.229s] DEBUG:colcon.colcon_core.package_identification:Package 'src/atlasr1_controller' with type 'ros.ament_cmake' and name 'atlasr1_controller'
[0.229s] Level 1:colcon.colcon_core.package_identification:_identify(src/atlasr1_description) by extensions ['ignore', 'ignore_ament_install']
[0.229s] Level 1:colcon.colcon_core.package_identification:_identify(src/atlasr1_description) by extension 'ignore'
[0.229s] Level 1:colcon.colcon_core.package_identification:_identify(src/atlasr1_description) by extension 'ignore_ament_install'
[0.229s] Level 1:colcon.colcon_core.package_identification:_identify(src/atlasr1_description) by extensions ['colcon_pkg']
[0.229s] Level 1:colcon.colcon_core.package_identification:_identify(src/atlasr1_description) by extension 'colcon_pkg'
[0.229s] Level 1:colcon.colcon_core.package_identification:_identify(src/atlasr1_description) by extensions ['colcon_meta']
[0.229s] Level 1:colcon.colcon_core.package_identification:_identify(src/atlasr1_description) by extension 'colcon_meta'
[0.229s] Level 1:colcon.colcon_core.package_identification:_identify(src/atlasr1_description) by extensions ['ros']
[0.229s] Level 1:colcon.colcon_core.package_identification:_identify(src/atlasr1_description) by extension 'ros'
[0.235s] DEBUG:colcon.colcon_core.package_identification:Package 'src/atlasr1_description' with type 'ros.ament_cmake' and name 'atlasr1_description'
[0.235s] Level 1:colcon.colcon_core.package_discovery:discover_packages(recursive) using defaults
[0.235s] Level 1:colcon.colcon_core.package_discovery:discover_packages(ignore) discover
[0.235s] Level 1:colcon.colcon_core.package_discovery:discover_packages(ignore) using defaults
[0.235s] Level 1:colcon.colcon_core.package_discovery:discover_packages(path) discover
[0.236s] Level 1:colcon.colcon_core.package_discovery:discover_packages(path) using defaults
[0.256s] Level 1:colcon.colcon_core.package_discovery:discover_packages(prefix_path) check parameters
[0.257s] Level 1:colcon.colcon_core.package_discovery:discover_packages(prefix_path) discover
[0.259s] DEBUG:colcon.colcon_installed_package_information.package_discovery:Found 1 installed packages in /home/solomon/atlasr1_ws/install
[0.261s] DEBUG:colcon.colcon_installed_package_information.package_discovery:Found 382 installed packages in /opt/ros/jazzy
[0.264s] Level 1:colcon.colcon_core.package_discovery:discover_packages(prefix_path) using defaults
[0.318s] Level 5:colcon.colcon_core.verb:set package 'atlasr1_controller' build argument 'cmake_args' from command line to 'None'
[0.318s] Level 5:colcon.colcon_core.verb:set package 'atlasr1_controller' build argument 'cmake_target' from command line to 'None'
[0.318s] Level 5:colcon.colcon_core.verb:set package 'atlasr1_controller' build argument 'cmake_target_skip_unavailable' from command line to 'False'
[0.318s] Level 5:colcon.colcon_core.verb:set package 'atlasr1_controller' build argument 'cmake_clean_cache' from command line to 'False'
[0.318s] Level 5:colcon.colcon_core.verb:set package 'atlasr1_controller' build argument 'cmake_clean_first' from command line to 'False'
[0.319s] Level 5:colcon.colcon_core.verb:set package 'atlasr1_controller' build argument 'cmake_force_configure' from command line to 'False'
[0.319s] Level 5:colcon.colcon_core.verb:set package 'atlasr1_controller' build argument 'ament_cmake_args' from command line to 'None'
[0.319s] Level 5:colcon.colcon_core.verb:set package 'atlasr1_controller' build argument 'catkin_cmake_args' from command line to 'None'
[0.319s] Level 5:colcon.colcon_core.verb:set package 'atlasr1_controller' build argument 'catkin_skip_building_tests' from command line to 'False'
[0.319s] DEBUG:colcon.colcon_core.verb:Building package 'atlasr1_controller' with the following arguments: {'ament_cmake_args': None, 'build_base': '/home/solomon/atlasr1_ws/build/atlasr1_controller', 'catkin_cmake_args': None, 'catkin_skip_building_tests': False, 'cmake_args': None, 'cmake_clean_cache': False, 'cmake_clean_first': False, 'cmake_force_configure': False, 'cmake_target': None, 'cmake_target_skip_unavailable': False, 'install_base': '/home/solomon/atlasr1_ws/install/atlasr1_controller', 'merge_install': False, 'path': '/home/solomon/atlasr1_ws/src/atlasr1_controller', 'symlink_install': False, 'test_result_base': None}
[0.319s] Level 5:colcon.colcon_core.verb:set package 'atlasr1_description' build argument 'cmake_args' from command line to 'None'
[0.319s] Level 5:colcon.colcon_core.verb:set package 'atlasr1_description' build argument 'cmake_target' from command line to 'None'
[0.319s] Level 5:colcon.colcon_core.verb:set package 'atlasr1_description' build argument 'cmake_target_skip_unavailable' from command line to 'False'
[0.319s] Level 5:colcon.colcon_core.verb:set package 'atlasr1_description' build argument 'cmake_clean_cache' from command line to 'False'
[0.319s] Level 5:colcon.colcon_core.verb:set package 'atlasr1_description' build argument 'cmake_clean_first' from command line to 'False'
[0.319s] Level 5:colcon.colcon_core.verb:set package 'atlasr1_description' build argument 'cmake_force_configure' from command line to 'False'
[0.319s] Level 5:colcon.colcon_core.verb:set package 'atlasr1_description' build argument 'ament_cmake_args' from command line to 'None'
[0.319s] Level 5:colcon.colcon_core.verb:set package 'atlasr1_description' build argument 'catkin_cmake_args' from command line to 'None'
[0.319s] Level 5:colcon.colcon_core.verb:set package 'atlasr1_description' build argument 'catkin_skip_building_tests' from command line to 'False'
[0.319s] DEBUG:colcon.colcon_core.verb:Building package 'atlasr1_description' with the following arguments: {'ament_cmake_args': None, 'build_base': '/home/solomon/atlasr1_ws/build/atlasr1_description', 'catkin_cmake_args': None, 'catkin_skip_building_tests': False, 'cmake_args': None, 'cmake_clean_cache': False, 'cmake_clean_first': False, 'cmake_force_configure': False, 'cmake_target': None, 'cmake_target_skip_unavailable': False, 'install_base': '/home/solomon/atlasr1_ws/install/atlasr1_description', 'merge_install': False, 'path': '/home/solomon/atlasr1_ws/src/atlasr1_description', 'symlink_install': False, 'test_result_base': None}
[0.319s] INFO:colcon.colcon_core.executor:Executing jobs using 'parallel' executor
[0.321s] DEBUG:colcon.colcon_parallel_executor.executor.parallel:run_until_complete
[0.321s] INFO:colcon.colcon_ros.task.ament_cmake.build:Building ROS package in '/home/solomon/atlasr1_ws/src/atlasr1_controller' with build type 'ament_cmake'
[0.321s] INFO:colcon.colcon_cmake.task.cmake.build:Building CMake package in '/home/solomon/atlasr1_ws/src/atlasr1_controller'
[0.330s] INFO:colcon.colcon_core.plugin_system:Skipping extension 'colcon_core.shell.bat': Not used on non-Windows systems
[0.330s] INFO:colcon.colcon_core.shell:Skip shell extension 'powershell' for command environment: Not usable outside of PowerShell
[0.331s] DEBUG:colcon.colcon_core.shell:Skip shell extension 'dsv' for command environment
[0.340s] INFO:colcon.colcon_ros.task.ament_cmake.build:Building ROS package in '/home/solomon/atlasr1_ws/src/atlasr1_description' with build type 'ament_cmake'
[0.341s] INFO:colcon.colcon_cmake.task.cmake.build:Building CMake package in '/home/solomon/atlasr1_ws/src/atlasr1_description'
[0.341s] INFO:colcon.colcon_core.shell:Skip shell extension 'powershell' for command environment: Not usable outside of PowerShell
[0.341s] DEBUG:colcon.colcon_core.shell:Skip shell extension 'dsv' for command environment
[0.360s] DEBUG:colcon.colcon_core.event_handler.log_command:Invoking command in '/home/solomon/atlasr1_ws/build/atlasr1_controller': CMAKE_PREFIX_PATH=${CMAKE_PREFIX_PATH}:/opt/ros/jazzy DEBUGINFOD_URLS=https://debuginfod.ubuntu.com /usr/bin/cmake /home/solomon/atlasr1_ws/src/atlasr1_controller -DCMAKE_INSTALL_PREFIX=/home/solomon/atlasr1_ws/install/atlasr1_controller
[0.371s] DEBUG:colcon.colcon_core.event_handler.log_command:Invoking command in '/home/solomon/atlasr1_ws/build/atlasr1_description': CMAKE_PREFIX_PATH=${CMAKE_PREFIX_PATH}:/opt/ros/jazzy DEBUGINFOD_URLS=https://debuginfod.ubuntu.com /usr/bin/cmake --build /home/solomon/atlasr1_ws/build/atlasr1_description -- -j16 -l16
[0.466s] DEBUG:colcon.colcon_core.event_handler.log_command:Invoked command in '/home/solomon/atlasr1_ws/build/atlasr1_description' returned '0': CMAKE_PREFIX_PATH=${CMAKE_PREFIX_PATH}:/opt/ros/jazzy DEBUGINFOD_URLS=https://debuginfod.ubuntu.com /usr/bin/cmake --build /home/solomon/atlasr1_ws/build/atlasr1_description -- -j16 -l16
[0.495s] DEBUG:colcon.colcon_core.event_handler.log_command:Invoking command in '/home/solomon/atlasr1_ws/build/atlasr1_description': CMAKE_PREFIX_PATH=${CMAKE_PREFIX_PATH}:/opt/ros/jazzy DEBUGINFOD_URLS=https://debuginfod.ubuntu.com /usr/bin/cmake --install /home/solomon/atlasr1_ws/build/atlasr1_description
[0.513s] Level 1:colcon.colcon_core.environment:create_environment_scripts_only(atlasr1_description)
[0.514s] DEBUG:colcon.colcon_core.event_handler.log_command:Invoked command in '/home/solomon/atlasr1_ws/build/atlasr1_description' returned '0': CMAKE_PREFIX_PATH=${CMAKE_PREFIX_PATH}:/opt/ros/jazzy DEBUGINFOD_URLS=https://debuginfod.ubuntu.com /usr/bin/cmake --install /home/solomon/atlasr1_ws/build/atlasr1_description
[0.519s] Level 1:colcon.colcon_core.environment:checking '/home/solomon/atlasr1_ws/install/atlasr1_description' for CMake module files
[0.520s] Level 1:colcon.colcon_core.environment:checking '/home/solomon/atlasr1_ws/install/atlasr1_description' for CMake config files
[0.520s] Level 1:colcon.colcon_core.shell:create_environment_hook('atlasr1_description', 'cmake_prefix_path')
[0.521s] INFO:colcon.colcon_core.shell:Creating environment hook '/home/solomon/atlasr1_ws/install/atlasr1_description/share/atlasr1_description/hook/cmake_prefix_path.ps1'
[0.523s] INFO:colcon.colcon_core.shell:Creating environment descriptor '/home/solomon/atlasr1_ws/install/atlasr1_description/share/atlasr1_description/hook/cmake_prefix_path.dsv'
[0.527s] INFO:colcon.colcon_core.shell:Creating environment hook '/home/solomon/atlasr1_ws/install/atlasr1_description/share/atlasr1_description/hook/cmake_prefix_path.sh'
[0.530s] Level 1:colcon.colcon_core.environment:checking '/home/solomon/atlasr1_ws/install/atlasr1_description/bin'
[0.530s] Level 1:colcon.colcon_core.environment:checking '/home/solomon/atlasr1_ws/install/atlasr1_description/lib/pkgconfig/atlasr1_description.pc'
[0.530s] Level 1:colcon.colcon_core.environment:checking '/home/solomon/atlasr1_ws/install/atlasr1_description/lib/python3.12/site-packages'
[0.531s] Level 1:colcon.colcon_core.environment:checking '/home/solomon/atlasr1_ws/install/atlasr1_description/bin'
[0.531s] INFO:colcon.colcon_core.shell:Creating package script '/home/solomon/atlasr1_ws/install/atlasr1_description/share/atlasr1_description/package.ps1'
[0.532s] INFO:colcon.colcon_core.shell:Creating package descriptor '/home/solomon/atlasr1_ws/install/atlasr1_description/share/atlasr1_description/package.dsv'
[0.533s] INFO:colcon.colcon_core.shell:Creating package script '/home/solomon/atlasr1_ws/install/atlasr1_description/share/atlasr1_description/package.sh'
[0.534s] INFO:colcon.colcon_core.shell:Creating package script '/home/solomon/atlasr1_ws/install/atlasr1_description/share/atlasr1_description/package.bash'
[0.534s] INFO:colcon.colcon_core.shell:Creating package script '/home/solomon/atlasr1_ws/install/atlasr1_description/share/atlasr1_description/package.zsh'
[0.535s] Level 1:colcon.colcon_core.environment:create_file_with_runtime_dependencies(/home/solomon/atlasr1_ws/install/atlasr1_description/share/colcon-core/packages/atlasr1_description)
[0.536s] Level 1:colcon.colcon_core.environment:create_environment_scripts_only(atlasr1_description)
[0.536s] Level 1:colcon.colcon_core.environment:checking '/home/solomon/atlasr1_ws/install/atlasr1_description' for CMake module files
[0.536s] Level 1:colcon.colcon_core.environment:checking '/home/solomon/atlasr1_ws/install/atlasr1_description' for CMake config files
[0.536s] Level 1:colcon.colcon_core.shell:create_environment_hook('atlasr1_description', 'cmake_prefix_path')
[0.537s] INFO:colcon.colcon_core.shell:Creating environment hook '/home/solomon/atlasr1_ws/install/atlasr1_description/share/atlasr1_description/hook/cmake_prefix_path.ps1'
[0.537s] INFO:colcon.colcon_core.shell:Creating environment descriptor '/home/solomon/atlasr1_ws/install/atlasr1_description/share/atlasr1_description/hook/cmake_prefix_path.dsv'
[0.537s] INFO:colcon.colcon_core.shell:Creating environment hook '/home/solomon/atlasr1_ws/install/atlasr1_description/share/atlasr1_description/hook/cmake_prefix_path.sh'
[0.538s] Level 1:colcon.colcon_core.environment:checking '/home/solomon/atlasr1_ws/install/atlasr1_description/bin'
[0.538s] Level 1:colcon.colcon_core.environment:checking '/home/solomon/atlasr1_ws/install/atlasr1_description/lib/pkgconfig/atlasr1_description.pc'
[0.538s] Level 1:colcon.colcon_core.environment:checking '/home/solomon/atlasr1_ws/install/atlasr1_description/lib/python3.12/site-packages'
[0.539s] Level 1:colcon.colcon_core.environment:checking '/home/solomon/atlasr1_ws/install/atlasr1_description/bin'
[0.539s] INFO:colcon.colcon_core.shell:Creating package script '/home/solomon/atlasr1_ws/install/atlasr1_description/share/atlasr1_description/package.ps1'
[0.540s] INFO:colcon.colcon_core.shell:Creating package descriptor '/home/solomon/atlasr1_ws/install/atlasr1_description/share/atlasr1_description/package.dsv'
[0.540s] INFO:colcon.colcon_core.shell:Creating package script '/home/solomon/atlasr1_ws/install/atlasr1_description/share/atlasr1_description/package.sh'
[0.540s] INFO:colcon.colcon_core.shell:Creating package script '/home/solomon/atlasr1_ws/install/atlasr1_description/share/atlasr1_description/package.bash'
[0.541s] INFO:colcon.colcon_core.shell:Creating package script '/home/solomon/atlasr1_ws/install/atlasr1_description/share/atlasr1_description/package.zsh'
[0.541s] Level 1:colcon.colcon_core.environment:create_file_with_runtime_dependencies(/home/solomon/atlasr1_ws/install/atlasr1_description/share/colcon-core/packages/atlasr1_description)
[1.892s] DEBUG:colcon.colcon_core.event_handler.log_command:Invoked command in '/home/solomon/atlasr1_ws/build/atlasr1_controller' returned '0': CMAKE_PREFIX_PATH=${CMAKE_PREFIX_PATH}:/opt/ros/jazzy DEBUGINFOD_URLS=https://debuginfod.ubuntu.com /usr/bin/cmake /home/solomon/atlasr1_ws/src/atlasr1_controller -DCMAKE_INSTALL_PREFIX=/home/solomon/atlasr1_ws/install/atlasr1_controller
[1.893s] DEBUG:colcon.colcon_core.event_handler.log_command:Invoking command in '/home/solomon/atlasr1_ws/build/atlasr1_controller': CMAKE_PREFIX_PATH=${CMAKE_PREFIX_PATH}:/opt/ros/jazzy DEBUGINFOD_URLS=https://debuginfod.ubuntu.com /usr/bin/cmake --build /home/solomon/atlasr1_ws/build/atlasr1_controller -- -j16 -l16
[1.987s] DEBUG:colcon.colcon_core.event_handler.log_command:Invoked command in '/home/solomon/atlasr1_ws/build/atlasr1_controller' returned '0': CMAKE_PREFIX_PATH=${CMAKE_PREFIX_PATH}:/opt/ros/jazzy DEBUGINFOD_URLS=https://debuginfod.ubuntu.com /usr/bin/cmake --build /home/solomon/atlasr1_ws/build/atlasr1_controller -- -j16 -l16
[1.989s] DEBUG:colcon.colcon_core.event_handler.log_command:Invoking command in '/home/solomon/atlasr1_ws/build/atlasr1_controller': CMAKE_PREFIX_PATH=${CMAKE_PREFIX_PATH}:/opt/ros/jazzy DEBUGINFOD_URLS=https://debuginfod.ubuntu.com /usr/bin/cmake --install /home/solomon/atlasr1_ws/build/atlasr1_controller
[2.014s] Level 1:colcon.colcon_core.environment:create_environment_scripts_only(atlasr1_controller)
[2.015s] Level 1:colcon.colcon_core.environment:checking '/home/solomon/atlasr1_ws/install/atlasr1_controller' for CMake module files
[2.015s] DEBUG:colcon.colcon_core.event_handler.log_command:Invoked command in '/home/solomon/atlasr1_ws/build/atlasr1_controller' returned '0': CMAKE_PREFIX_PATH=${CMAKE_PREFIX_PATH}:/opt/ros/jazzy DEBUGINFOD_URLS=https://debuginfod.ubuntu.com /usr/bin/cmake --install /home/solomon/atlasr1_ws/build/atlasr1_controller
[2.016s] Level 1:colcon.colcon_core.environment:checking '/home/solomon/atlasr1_ws/install/atlasr1_controller' for CMake config files
[2.016s] Level 1:colcon.colcon_core.shell:create_environment_hook('atlasr1_controller', 'cmake_prefix_path')
[2.016s] INFO:colcon.colcon_core.shell:Creating environment hook '/home/solomon/atlasr1_ws/install/atlasr1_controller/share/atlasr1_controller/hook/cmake_prefix_path.ps1'
[2.017s] INFO:colcon.colcon_core.shell:Creating environment descriptor '/home/solomon/atlasr1_ws/install/atlasr1_controller/share/atlasr1_controller/hook/cmake_prefix_path.dsv'
[2.018s] INFO:colcon.colcon_core.shell:Creating environment hook '/home/solomon/atlasr1_ws/install/atlasr1_controller/share/atlasr1_controller/hook/cmake_prefix_path.sh'
[2.018s] Level 1:colcon.colcon_core.environment:checking '/home/solomon/atlasr1_ws/install/atlasr1_controller/bin'
[2.018s] Level 1:colcon.colcon_core.environment:checking '/home/solomon/atlasr1_ws/install/atlasr1_controller/lib/pkgconfig/atlasr1_controller.pc'
[2.019s] Level 1:colcon.colcon_core.environment:checking '/home/solomon/atlasr1_ws/install/atlasr1_controller/lib/python3.12/site-packages'
[2.019s] Level 1:colcon.colcon_core.environment:checking '/home/solomon/atlasr1_ws/install/atlasr1_controller/bin'
[2.019s] INFO:colcon.colcon_core.shell:Creating package script '/home/solomon/atlasr1_ws/install/atlasr1_controller/share/atlasr1_controller/package.ps1'
[2.020s] INFO:colcon.colcon_core.shell:Creating package descriptor '/home/solomon/atlasr1_ws/install/atlasr1_controller/share/atlasr1_controller/package.dsv'
[2.020s] INFO:colcon.colcon_core.shell:Creating package script '/home/solomon/atlasr1_ws/install/atlasr1_controller/share/atlasr1_controller/package.sh'
[2.021s] INFO:colcon.colcon_core.shell:Creating package script '/home/solomon/atlasr1_ws/install/atlasr1_controller/share/atlasr1_controller/package.bash'
[2.021s] INFO:colcon.colcon_core.shell:Creating package script '/home/solomon/atlasr1_ws/install/atlasr1_controller/share/atlasr1_controller/package.zsh'
[2.021s] Level 1:colcon.colcon_core.environment:create_file_with_runtime_dependencies(/home/solomon/atlasr1_ws/install/atlasr1_controller/share/colcon-core/packages/atlasr1_controller)
[2.022s] Level 1:colcon.colcon_core.environment:create_environment_scripts_only(atlasr1_controller)
[2.022s] Level 1:colcon.colcon_core.environment:checking '/home/solomon/atlasr1_ws/install/atlasr1_controller' for CMake module files
[2.023s] Level 1:colcon.colcon_core.environment:checking '/home/solomon/atlasr1_ws/install/atlasr1_controller' for CMake config files
[2.023s] Level 1:colcon.colcon_core.shell:create_environment_hook('atlasr1_controller', 'cmake_prefix_path')
[2.023s] INFO:colcon.colcon_core.shell:Creating environment hook '/home/solomon/atlasr1_ws/install/atlasr1_controller/share/atlasr1_controller/hook/cmake_prefix_path.ps1'
[2.024s] INFO:colcon.colcon_core.shell:Creating environment descriptor '/home/solomon/atlasr1_ws/install/atlasr1_controller/share/atlasr1_controller/hook/cmake_prefix_path.dsv'
[2.024s] INFO:colcon.colcon_core.shell:Creating environment hook '/home/solomon/atlasr1_ws/install/atlasr1_controller/share/atlasr1_controller/hook/cmake_prefix_path.sh'
[2.025s] Level 1:colcon.colcon_core.environment:checking '/home/solomon/atlasr1_ws/install/atlasr1_controller/bin'
[2.025s] Level 1:colcon.colcon_core.environment:checking '/home/solomon/atlasr1_ws/install/atlasr1_controller/lib/pkgconfig/atlasr1_controller.pc'
[2.025s] Level 1:colcon.colcon_core.environment:checking '/home/solomon/atlasr1_ws/install/atlasr1_controller/lib/python3.12/site-packages'
[2.026s] Level 1:colcon.colcon_core.environment:checking '/home/solomon/atlasr1_ws/install/atlasr1_controller/bin'
[2.026s] INFO:colcon.colcon_core.shell:Creating package script '/home/solomon/atlasr1_ws/install/atlasr1_controller/share/atlasr1_controller/package.ps1'
[2.026s] INFO:colcon.colcon_core.shell:Creating package descriptor '/home/solomon/atlasr1_ws/install/atlasr1_controller/share/atlasr1_controller/package.dsv'
[2.027s] INFO:colcon.colcon_core.shell:Creating package script '/home/solomon/atlasr1_ws/install/atlasr1_controller/share/atlasr1_controller/package.sh'
[2.027s] INFO:colcon.colcon_core.shell:Creating package script '/home/solomon/atlasr1_ws/install/atlasr1_controller/share/atlasr1_controller/package.bash'
[2.028s] INFO:colcon.colcon_core.shell:Creating package script '/home/solomon/atlasr1_ws/install/atlasr1_controller/share/atlasr1_controller/package.zsh'
[2.028s] Level 1:colcon.colcon_core.environment:create_file_with_runtime_dependencies(/home/solomon/atlasr1_ws/install/atlasr1_controller/share/colcon-core/packages/atlasr1_controller)
[2.028s] DEBUG:colcon.colcon_parallel_executor.executor.parallel:closing loop
[2.029s] DEBUG:colcon.colcon_parallel_executor.executor.parallel:loop closed
[2.029s] DEBUG:colcon.colcon_parallel_executor.executor.parallel:run_until_complete finished with '0'
[2.029s] DEBUG:colcon.colcon_core.event_reactor:joining thread
[2.050s] INFO:colcon.colcon_core.plugin_system:Skipping extension 'colcon_notification.desktop_notification.terminal_notifier': Not used on non-Darwin systems
[2.050s] INFO:colcon.colcon_core.plugin_system:Skipping extension 'colcon_notification.desktop_notification.win32': Not used on non-Windows systems
[2.051s] INFO:colcon.colcon_notification.desktop_notification:Sending desktop notification using 'notify2'
[2.075s] DEBUG:colcon.colcon_core.event_reactor:joined thread
[2.076s] INFO:colcon.colcon_core.shell:Creating prefix script '/home/solomon/atlasr1_ws/install/local_setup.ps1'
[2.077s] INFO:colcon.colcon_core.shell:Creating prefix util module '/home/solomon/atlasr1_ws/install/_local_setup_util_ps1.py'
[2.078s] INFO:colcon.colcon_core.shell:Creating prefix chain script '/home/solomon/atlasr1_ws/install/setup.ps1'
[2.079s] INFO:colcon.colcon_core.shell:Creating prefix script '/home/solomon/atlasr1_ws/install/local_setup.sh'
[2.080s] INFO:colcon.colcon_core.shell:Creating prefix util module '/home/solomon/atlasr1_ws/install/_local_setup_util_sh.py'
[2.081s] INFO:colcon.colcon_core.shell:Creating prefix chain script '/home/solomon/atlasr1_ws/install/setup.sh'
[2.082s] INFO:colcon.colcon_core.shell:Creating prefix script '/home/solomon/atlasr1_ws/install/local_setup.bash'
[2.083s] INFO:colcon.colcon_core.shell:Creating prefix chain script '/home/solomon/atlasr1_ws/install/setup.bash'
[2.086s] INFO:colcon.colcon_core.shell:Creating prefix script '/home/solomon/atlasr1_ws/install/local_setup.zsh'
[2.087s] INFO:colcon.colcon_core.shell:Creating prefix chain script '/home/solomon/atlasr1_ws/install/setup.zsh'
