[0.228s] DEBUG:colcon:Command line arguments: ['/usr/bin/colcon', 'build']
[0.229s] DEBUG:colcon:Parsed command line arguments: Namespace(log_base=None, log_level=None, verb_name='build', build_base='build', install_base='install', merge_install=False, symlink_install=False, test_result_base=None, continue_on_error=False, executor='parallel', parallel_workers=16, event_handlers=None, ignore_user_meta=False, metas=['./colcon.meta'], base_paths=['.'], packages_ignore=None, packages_ignore_regex=None, paths=None, packages_up_to=None, packages_up_to_regex=None, packages_above=None, packages_above_and_dependencies=None, packages_above_depth=None, packages_select_by_dep=None, packages_skip_by_dep=None, packages_skip_up_to=None, packages_select_build_failed=False, packages_skip_build_finished=False, packages_select_test_failures=False, packages_skip_test_passed=False, packages_select=None, packages_skip=None, packages_select_regex=None, packages_skip_regex=None, packages_start=None, packages_end=None, allow_overriding=[], cmake_args=None, cmake_target=None, cmake_target_skip_unavailable=False, cmake_clean_cache=False, cmake_clean_first=False, cmake_force_configure=False, ament_cmake_args=None, catkin_cmake_args=None, catkin_skip_building_tests=False, mixin_files=None, mixin=None, verb_parser=<colcon_mixin.mixin.mixin_argument.MixinArgumentDecorator object at 0x71da3fab5550>, verb_extension=<colcon_core.verb.build.BuildVerb object at 0x71da3fbd1b20>, main=<bound method BuildVerb.main of <colcon_core.verb.build.BuildVerb object at 0x71da3fbd1b20>>, mixin_verb=('build',))
[0.318s] Level 1:colcon.colcon_core.package_discovery:discover_packages(colcon_meta) check parameters
[0.318s] Level 1:colcon.colcon_core.package_discovery:discover_packages(recursive) check parameters
[0.319s] Level 1:colcon.colcon_core.package_discovery:discover_packages(ignore) check parameters
[0.319s] Level 1:colcon.colcon_core.package_discovery:discover_packages(path) check parameters
[0.319s] Level 1:colcon.colcon_core.package_discovery:discover_packages(colcon_meta) discover
[0.319s] Level 1:colcon.colcon_core.package_discovery:discover_packages(recursive) discover
[0.319s] INFO:colcon.colcon_core.package_discovery:Crawling recursively for packages in '/home/solomon/atlasr1_ws'
[0.319s] Level 1:colcon.colcon_core.package_identification:_identify(.) by extensions ['ignore', 'ignore_ament_install']
[0.319s] Level 1:colcon.colcon_core.package_identification:_identify(.) by extension 'ignore'
[0.320s] Level 1:colcon.colcon_core.package_identification:_identify(.) by extension 'ignore_ament_install'
[0.320s] Level 1:colcon.colcon_core.package_identification:_identify(.) by extensions ['colcon_pkg']
[0.320s] Level 1:colcon.colcon_core.package_identification:_identify(.) by extension 'colcon_pkg'
[0.320s] Level 1:colcon.colcon_core.package_identification:_identify(.) by extensions ['colcon_meta']
[0.320s] Level 1:colcon.colcon_core.package_identification:_identify(.) by extension 'colcon_meta'
[0.320s] Level 1:colcon.colcon_core.package_identification:_identify(.) by extensions ['ros']
[0.320s] Level 1:colcon.colcon_core.package_identification:_identify(.) by extension 'ros'
[0.388s] Level 1:colcon.colcon_core.package_identification:_identify(.) by extensions ['cmake', 'python']
[0.388s] Level 1:colcon.colcon_core.package_identification:_identify(.) by extension 'cmake'
[0.388s] Level 1:colcon.colcon_core.package_identification:_identify(.) by extension 'python'
[0.388s] Level 1:colcon.colcon_core.package_identification:_identify(.) by extensions ['python_setup_py']
[0.389s] Level 1:colcon.colcon_core.package_identification:_identify(.) by extension 'python_setup_py'
[0.389s] Level 1:colcon.colcon_core.package_identification:_identify(build) by extensions ['ignore', 'ignore_ament_install']
[0.389s] Level 1:colcon.colcon_core.package_identification:_identify(build) by extension 'ignore'
[0.389s] Level 1:colcon.colcon_core.package_identification:_identify(build) ignored
[0.390s] Level 1:colcon.colcon_core.package_identification:_identify(install) by extensions ['ignore', 'ignore_ament_install']
[0.390s] Level 1:colcon.colcon_core.package_identification:_identify(install) by extension 'ignore'
[0.390s] Level 1:colcon.colcon_core.package_identification:_identify(install) ignored
[0.390s] Level 1:colcon.colcon_core.package_identification:_identify(log) by extensions ['ignore', 'ignore_ament_install']
[0.390s] Level 1:colcon.colcon_core.package_identification:_identify(log) by extension 'ignore'
[0.390s] Level 1:colcon.colcon_core.package_identification:_identify(log) ignored
[0.390s] Level 1:colcon.colcon_core.package_identification:_identify(src) by extensions ['ignore', 'ignore_ament_install']
[0.391s] Level 1:colcon.colcon_core.package_identification:_identify(src) by extension 'ignore'
[0.391s] Level 1:colcon.colcon_core.package_identification:_identify(src) by extension 'ignore_ament_install'
[0.391s] Level 1:colcon.colcon_core.package_identification:_identify(src) by extensions ['colcon_pkg']
[0.391s] Level 1:colcon.colcon_core.package_identification:_identify(src) by extension 'colcon_pkg'
[0.391s] Level 1:colcon.colcon_core.package_identification:_identify(src) by extensions ['colcon_meta']
[0.391s] Level 1:colcon.colcon_core.package_identification:_identify(src) by extension 'colcon_meta'
[0.391s] Level 1:colcon.colcon_core.package_identification:_identify(src) by extensions ['ros']
[0.391s] Level 1:colcon.colcon_core.package_identification:_identify(src) by extension 'ros'
[0.391s] Level 1:colcon.colcon_core.package_identification:_identify(src) by extensions ['cmake', 'python']
[0.391s] Level 1:colcon.colcon_core.package_identification:_identify(src) by extension 'cmake'
[0.391s] Level 1:colcon.colcon_core.package_identification:_identify(src) by extension 'python'
[0.391s] Level 1:colcon.colcon_core.package_identification:_identify(src) by extensions ['python_setup_py']
[0.391s] Level 1:colcon.colcon_core.package_identification:_identify(src) by extension 'python_setup_py'
[0.391s] Level 1:colcon.colcon_core.package_identification:_identify(src/atlasr1_controller) by extensions ['ignore', 'ignore_ament_install']
[0.391s] Level 1:colcon.colcon_core.package_identification:_identify(src/atlasr1_controller) by extension 'ignore'
[0.391s] Level 1:colcon.colcon_core.package_identification:_identify(src/atlasr1_controller) by extension 'ignore_ament_install'
[0.392s] Level 1:colcon.colcon_core.package_identification:_identify(src/atlasr1_controller) by extensions ['colcon_pkg']
[0.392s] Level 1:colcon.colcon_core.package_identification:_identify(src/atlasr1_controller) by extension 'colcon_pkg'
[0.392s] Level 1:colcon.colcon_core.package_identification:_identify(src/atlasr1_controller) by extensions ['colcon_meta']
[0.392s] Level 1:colcon.colcon_core.package_identification:_identify(src/atlasr1_controller) by extension 'colcon_meta'
[0.392s] Level 1:colcon.colcon_core.package_identification:_identify(src/atlasr1_controller) by extensions ['ros']
[0.392s] Level 1:colcon.colcon_core.package_identification:_identify(src/atlasr1_controller) by extension 'ros'
[0.398s] DEBUG:colcon.colcon_core.package_identification:Package 'src/atlasr1_controller' with type 'ros.ament_cmake' and name 'atlasr1_controller'
[0.398s] Level 1:colcon.colcon_core.package_identification:_identify(src/atlasr1_description) by extensions ['ignore', 'ignore_ament_install']
[0.398s] Level 1:colcon.colcon_core.package_identification:_identify(src/atlasr1_description) by extension 'ignore'
[0.398s] Level 1:colcon.colcon_core.package_identification:_identify(src/atlasr1_description) by extension 'ignore_ament_install'
[0.399s] Level 1:colcon.colcon_core.package_identification:_identify(src/atlasr1_description) by extensions ['colcon_pkg']
[0.399s] Level 1:colcon.colcon_core.package_identification:_identify(src/atlasr1_description) by extension 'colcon_pkg'
[0.399s] Level 1:colcon.colcon_core.package_identification:_identify(src/atlasr1_description) by extensions ['colcon_meta']
[0.399s] Level 1:colcon.colcon_core.package_identification:_identify(src/atlasr1_description) by extension 'colcon_meta'
[0.399s] Level 1:colcon.colcon_core.package_identification:_identify(src/atlasr1_description) by extensions ['ros']
[0.399s] Level 1:colcon.colcon_core.package_identification:_identify(src/atlasr1_description) by extension 'ros'
[0.405s] DEBUG:colcon.colcon_core.package_identification:Package 'src/atlasr1_description' with type 'ros.ament_cmake' and name 'atlasr1_description'
[0.406s] Level 1:colcon.colcon_core.package_discovery:discover_packages(recursive) using defaults
[0.406s] Level 1:colcon.colcon_core.package_discovery:discover_packages(ignore) discover
[0.406s] Level 1:colcon.colcon_core.package_discovery:discover_packages(ignore) using defaults
[0.406s] Level 1:colcon.colcon_core.package_discovery:discover_packages(path) discover
[0.406s] Level 1:colcon.colcon_core.package_discovery:discover_packages(path) using defaults
[0.448s] Level 1:colcon.colcon_core.package_discovery:discover_packages(prefix_path) check parameters
[0.449s] Level 1:colcon.colcon_core.package_discovery:discover_packages(prefix_path) discover
[0.453s] DEBUG:colcon.colcon_installed_package_information.package_discovery:Found 2 installed packages in /home/solomon/atlasr1_ws/install
[0.457s] DEBUG:colcon.colcon_installed_package_information.package_discovery:Found 382 installed packages in /opt/ros/jazzy
[0.464s] Level 1:colcon.colcon_core.package_discovery:discover_packages(prefix_path) using defaults
[0.546s] Level 5:colcon.colcon_core.verb:set package 'atlasr1_controller' build argument 'cmake_args' from command line to 'None'
[0.546s] Level 5:colcon.colcon_core.verb:set package 'atlasr1_controller' build argument 'cmake_target' from command line to 'None'
[0.546s] Level 5:colcon.colcon_core.verb:set package 'atlasr1_controller' build argument 'cmake_target_skip_unavailable' from command line to 'False'
[0.546s] Level 5:colcon.colcon_core.verb:set package 'atlasr1_controller' build argument 'cmake_clean_cache' from command line to 'False'
[0.546s] Level 5:colcon.colcon_core.verb:set package 'atlasr1_controller' build argument 'cmake_clean_first' from command line to 'False'
[0.546s] Level 5:colcon.colcon_core.verb:set package 'atlasr1_controller' build argument 'cmake_force_configure' from command line to 'False'
[0.546s] Level 5:colcon.colcon_core.verb:set package 'atlasr1_controller' build argument 'ament_cmake_args' from command line to 'None'
[0.546s] Level 5:colcon.colcon_core.verb:set package 'atlasr1_controller' build argument 'catkin_cmake_args' from command line to 'None'
[0.546s] Level 5:colcon.colcon_core.verb:set package 'atlasr1_controller' build argument 'catkin_skip_building_tests' from command line to 'False'
[0.546s] DEBUG:colcon.colcon_core.verb:Building package 'atlasr1_controller' with the following arguments: {'ament_cmake_args': None, 'build_base': '/home/solomon/atlasr1_ws/build/atlasr1_controller', 'catkin_cmake_args': None, 'catkin_skip_building_tests': False, 'cmake_args': None, 'cmake_clean_cache': False, 'cmake_clean_first': False, 'cmake_force_configure': False, 'cmake_target': None, 'cmake_target_skip_unavailable': False, 'install_base': '/home/solomon/atlasr1_ws/install/atlasr1_controller', 'merge_install': False, 'path': '/home/solomon/atlasr1_ws/src/atlasr1_controller', 'symlink_install': False, 'test_result_base': None}
[0.547s] Level 5:colcon.colcon_core.verb:set package 'atlasr1_description' build argument 'cmake_args' from command line to 'None'
[0.547s] Level 5:colcon.colcon_core.verb:set package 'atlasr1_description' build argument 'cmake_target' from command line to 'None'
[0.547s] Level 5:colcon.colcon_core.verb:set package 'atlasr1_description' build argument 'cmake_target_skip_unavailable' from command line to 'False'
[0.547s] Level 5:colcon.colcon_core.verb:set package 'atlasr1_description' build argument 'cmake_clean_cache' from command line to 'False'
[0.547s] Level 5:colcon.colcon_core.verb:set package 'atlasr1_description' build argument 'cmake_clean_first' from command line to 'False'
[0.547s] Level 5:colcon.colcon_core.verb:set package 'atlasr1_description' build argument 'cmake_force_configure' from command line to 'False'
[0.547s] Level 5:colcon.colcon_core.verb:set package 'atlasr1_description' build argument 'ament_cmake_args' from command line to 'None'
[0.547s] Level 5:colcon.colcon_core.verb:set package 'atlasr1_description' build argument 'catkin_cmake_args' from command line to 'None'
[0.547s] Level 5:colcon.colcon_core.verb:set package 'atlasr1_description' build argument 'catkin_skip_building_tests' from command line to 'False'
[0.547s] DEBUG:colcon.colcon_core.verb:Building package 'atlasr1_description' with the following arguments: {'ament_cmake_args': None, 'build_base': '/home/solomon/atlasr1_ws/build/atlasr1_description', 'catkin_cmake_args': None, 'catkin_skip_building_tests': False, 'cmake_args': None, 'cmake_clean_cache': False, 'cmake_clean_first': False, 'cmake_force_configure': False, 'cmake_target': None, 'cmake_target_skip_unavailable': False, 'install_base': '/home/solomon/atlasr1_ws/install/atlasr1_description', 'merge_install': False, 'path': '/home/solomon/atlasr1_ws/src/atlasr1_description', 'symlink_install': False, 'test_result_base': None}
[0.548s] INFO:colcon.colcon_core.executor:Executing jobs using 'parallel' executor
[0.552s] DEBUG:colcon.colcon_parallel_executor.executor.parallel:run_until_complete
[0.553s] INFO:colcon.colcon_ros.task.ament_cmake.build:Building ROS package in '/home/solomon/atlasr1_ws/src/atlasr1_controller' with build type 'ament_cmake'
[0.553s] INFO:colcon.colcon_cmake.task.cmake.build:Building CMake package in '/home/solomon/atlasr1_ws/src/atlasr1_controller'
[0.558s] INFO:colcon.colcon_core.plugin_system:Skipping extension 'colcon_core.shell.bat': Not used on non-Windows systems
[0.559s] INFO:colcon.colcon_core.shell:Skip shell extension 'powershell' for command environment: Not usable outside of PowerShell
[0.559s] DEBUG:colcon.colcon_core.shell:Skip shell extension 'dsv' for command environment
[0.570s] INFO:colcon.colcon_ros.task.ament_cmake.build:Building ROS package in '/home/solomon/atlasr1_ws/src/atlasr1_description' with build type 'ament_cmake'
[0.571s] INFO:colcon.colcon_cmake.task.cmake.build:Building CMake package in '/home/solomon/atlasr1_ws/src/atlasr1_description'
[0.572s] INFO:colcon.colcon_core.shell:Skip shell extension 'powershell' for command environment: Not usable outside of PowerShell
[0.572s] DEBUG:colcon.colcon_core.shell:Skip shell extension 'dsv' for command environment
[0.592s] DEBUG:colcon.colcon_core.event_handler.log_command:Invoking command in '/home/solomon/atlasr1_ws/build/atlasr1_controller': CMAKE_PREFIX_PATH=${CMAKE_PREFIX_PATH}:/opt/ros/jazzy DEBUGINFOD_URLS=https://debuginfod.ubuntu.com /usr/bin/cmake --build /home/solomon/atlasr1_ws/build/atlasr1_controller -- -j16 -l16
[0.606s] DEBUG:colcon.colcon_core.event_handler.log_command:Invoking command in '/home/solomon/atlasr1_ws/build/atlasr1_description': CMAKE_PREFIX_PATH=${CMAKE_PREFIX_PATH}:/opt/ros/jazzy DEBUGINFOD_URLS=https://debuginfod.ubuntu.com /usr/bin/cmake --build /home/solomon/atlasr1_ws/build/atlasr1_description -- -j16 -l16
[0.739s] DEBUG:colcon.colcon_core.event_handler.log_command:Invoked command in '/home/solomon/atlasr1_ws/build/atlasr1_description' returned '0': CMAKE_PREFIX_PATH=${CMAKE_PREFIX_PATH}:/opt/ros/jazzy DEBUGINFOD_URLS=https://debuginfod.ubuntu.com /usr/bin/cmake --build /home/solomon/atlasr1_ws/build/atlasr1_description -- -j16 -l16
[0.775s] DEBUG:colcon.colcon_core.event_handler.log_command:Invoking command in '/home/solomon/atlasr1_ws/build/atlasr1_description': CMAKE_PREFIX_PATH=${CMAKE_PREFIX_PATH}:/opt/ros/jazzy DEBUGINFOD_URLS=https://debuginfod.ubuntu.com /usr/bin/cmake --install /home/solomon/atlasr1_ws/build/atlasr1_description
[0.806s] Level 1:colcon.colcon_core.environment:create_environment_scripts_only(atlasr1_description)
[0.809s] DEBUG:colcon.colcon_core.event_handler.log_command:Invoked command in '/home/solomon/atlasr1_ws/build/atlasr1_description' returned '0': CMAKE_PREFIX_PATH=${CMAKE_PREFIX_PATH}:/opt/ros/jazzy DEBUGINFOD_URLS=https://debuginfod.ubuntu.com /usr/bin/cmake --install /home/solomon/atlasr1_ws/build/atlasr1_description
[0.813s] Level 1:colcon.colcon_core.environment:checking '/home/solomon/atlasr1_ws/install/atlasr1_description' for CMake module files
[0.815s] Level 1:colcon.colcon_core.environment:checking '/home/solomon/atlasr1_ws/install/atlasr1_description' for CMake config files
[0.815s] Level 1:colcon.colcon_core.shell:create_environment_hook('atlasr1_description', 'cmake_prefix_path')
[0.816s] INFO:colcon.colcon_core.shell:Creating environment hook '/home/solomon/atlasr1_ws/install/atlasr1_description/share/atlasr1_description/hook/cmake_prefix_path.ps1'
[0.819s] INFO:colcon.colcon_core.shell:Creating environment descriptor '/home/solomon/atlasr1_ws/install/atlasr1_description/share/atlasr1_description/hook/cmake_prefix_path.dsv'
[0.821s] INFO:colcon.colcon_core.shell:Creating environment hook '/home/solomon/atlasr1_ws/install/atlasr1_description/share/atlasr1_description/hook/cmake_prefix_path.sh'
[0.825s] Level 1:colcon.colcon_core.environment:checking '/home/solomon/atlasr1_ws/install/atlasr1_description/bin'
[0.825s] Level 1:colcon.colcon_core.environment:checking '/home/solomon/atlasr1_ws/install/atlasr1_description/lib/pkgconfig/atlasr1_description.pc'
[0.826s] Level 1:colcon.colcon_core.environment:checking '/home/solomon/atlasr1_ws/install/atlasr1_description/lib/python3.12/site-packages'
[0.826s] Level 1:colcon.colcon_core.environment:checking '/home/solomon/atlasr1_ws/install/atlasr1_description/bin'
[0.827s] INFO:colcon.colcon_core.shell:Creating package script '/home/solomon/atlasr1_ws/install/atlasr1_description/share/atlasr1_description/package.ps1'
[0.828s] INFO:colcon.colcon_core.shell:Creating package descriptor '/home/solomon/atlasr1_ws/install/atlasr1_description/share/atlasr1_description/package.dsv'
[0.830s] INFO:colcon.colcon_core.shell:Creating package script '/home/solomon/atlasr1_ws/install/atlasr1_description/share/atlasr1_description/package.sh'
[0.832s] INFO:colcon.colcon_core.shell:Creating package script '/home/solomon/atlasr1_ws/install/atlasr1_description/share/atlasr1_description/package.bash'
[0.834s] INFO:colcon.colcon_core.shell:Creating package script '/home/solomon/atlasr1_ws/install/atlasr1_description/share/atlasr1_description/package.zsh'
[0.837s] Level 1:colcon.colcon_core.environment:create_file_with_runtime_dependencies(/home/solomon/atlasr1_ws/install/atlasr1_description/share/colcon-core/packages/atlasr1_description)
[0.840s] Level 1:colcon.colcon_core.environment:create_environment_scripts_only(atlasr1_description)
[0.840s] Level 1:colcon.colcon_core.environment:checking '/home/solomon/atlasr1_ws/install/atlasr1_description' for CMake module files
[0.841s] Level 1:colcon.colcon_core.environment:checking '/home/solomon/atlasr1_ws/install/atlasr1_description' for CMake config files
[0.841s] Level 1:colcon.colcon_core.shell:create_environment_hook('atlasr1_description', 'cmake_prefix_path')
[0.842s] INFO:colcon.colcon_core.shell:Creating environment hook '/home/solomon/atlasr1_ws/install/atlasr1_description/share/atlasr1_description/hook/cmake_prefix_path.ps1'
[0.844s] INFO:colcon.colcon_core.shell:Creating environment descriptor '/home/solomon/atlasr1_ws/install/atlasr1_description/share/atlasr1_description/hook/cmake_prefix_path.dsv'
[0.845s] INFO:colcon.colcon_core.shell:Creating environment hook '/home/solomon/atlasr1_ws/install/atlasr1_description/share/atlasr1_description/hook/cmake_prefix_path.sh'
[0.848s] Level 1:colcon.colcon_core.environment:checking '/home/solomon/atlasr1_ws/install/atlasr1_description/bin'
[0.848s] Level 1:colcon.colcon_core.environment:checking '/home/solomon/atlasr1_ws/install/atlasr1_description/lib/pkgconfig/atlasr1_description.pc'
[0.849s] Level 1:colcon.colcon_core.environment:checking '/home/solomon/atlasr1_ws/install/atlasr1_description/lib/python3.12/site-packages'
[0.850s] Level 1:colcon.colcon_core.environment:checking '/home/solomon/atlasr1_ws/install/atlasr1_description/bin'
[0.851s] INFO:colcon.colcon_core.shell:Creating package script '/home/solomon/atlasr1_ws/install/atlasr1_description/share/atlasr1_description/package.ps1'
[0.855s] INFO:colcon.colcon_core.shell:Creating package descriptor '/home/solomon/atlasr1_ws/install/atlasr1_description/share/atlasr1_description/package.dsv'
[0.856s] INFO:colcon.colcon_core.shell:Creating package script '/home/solomon/atlasr1_ws/install/atlasr1_description/share/atlasr1_description/package.sh'
[0.858s] INFO:colcon.colcon_core.shell:Creating package script '/home/solomon/atlasr1_ws/install/atlasr1_description/share/atlasr1_description/package.bash'
[0.860s] INFO:colcon.colcon_core.shell:Creating package script '/home/solomon/atlasr1_ws/install/atlasr1_description/share/atlasr1_description/package.zsh'
[0.861s] Level 1:colcon.colcon_core.environment:create_file_with_runtime_dependencies(/home/solomon/atlasr1_ws/install/atlasr1_description/share/colcon-core/packages/atlasr1_description)
[1.651s] DEBUG:colcon.colcon_core.event_handler.log_command:Invoked command in '/home/solomon/atlasr1_ws/build/atlasr1_controller' returned '0': CMAKE_PREFIX_PATH=${CMAKE_PREFIX_PATH}:/opt/ros/jazzy DEBUGINFOD_URLS=https://debuginfod.ubuntu.com /usr/bin/cmake --build /home/solomon/atlasr1_ws/build/atlasr1_controller -- -j16 -l16
[1.653s] DEBUG:colcon.colcon_core.event_handler.log_command:Invoking command in '/home/solomon/atlasr1_ws/build/atlasr1_controller': CMAKE_PREFIX_PATH=${CMAKE_PREFIX_PATH}:/opt/ros/jazzy DEBUGINFOD_URLS=https://debuginfod.ubuntu.com /usr/bin/cmake --install /home/solomon/atlasr1_ws/build/atlasr1_controller
[1.824s] Level 1:colcon.colcon_core.environment:create_environment_scripts_only(atlasr1_controller)
[1.825s] Level 1:colcon.colcon_core.environment:checking '/home/solomon/atlasr1_ws/install/atlasr1_controller' for CMake module files
[1.826s] DEBUG:colcon.colcon_core.event_handler.log_command:Invoked command in '/home/solomon/atlasr1_ws/build/atlasr1_controller' returned '0': CMAKE_PREFIX_PATH=${CMAKE_PREFIX_PATH}:/opt/ros/jazzy DEBUGINFOD_URLS=https://debuginfod.ubuntu.com /usr/bin/cmake --install /home/solomon/atlasr1_ws/build/atlasr1_controller
[1.828s] Level 1:colcon.colcon_core.environment:checking '/home/solomon/atlasr1_ws/install/atlasr1_controller' for CMake config files
[1.828s] Level 1:colcon.colcon_core.shell:create_environment_hook('atlasr1_controller', 'cmake_prefix_path')
[1.829s] INFO:colcon.colcon_core.shell:Creating environment hook '/home/solomon/atlasr1_ws/install/atlasr1_controller/share/atlasr1_controller/hook/cmake_prefix_path.ps1'
[1.830s] INFO:colcon.colcon_core.shell:Creating environment descriptor '/home/solomon/atlasr1_ws/install/atlasr1_controller/share/atlasr1_controller/hook/cmake_prefix_path.dsv'
[1.831s] INFO:colcon.colcon_core.shell:Creating environment hook '/home/solomon/atlasr1_ws/install/atlasr1_controller/share/atlasr1_controller/hook/cmake_prefix_path.sh'
[1.832s] Level 1:colcon.colcon_core.environment:checking '/home/solomon/atlasr1_ws/install/atlasr1_controller/lib'
[1.833s] Level 1:colcon.colcon_core.environment:checking '/home/solomon/atlasr1_ws/install/atlasr1_controller/bin'
[1.833s] Level 1:colcon.colcon_core.environment:checking '/home/solomon/atlasr1_ws/install/atlasr1_controller/lib/pkgconfig/atlasr1_controller.pc'
[1.833s] Level 1:colcon.colcon_core.environment:checking '/home/solomon/atlasr1_ws/install/atlasr1_controller/lib/python3.12/site-packages'
[1.834s] Level 1:colcon.colcon_core.shell:create_environment_hook('atlasr1_controller', 'pythonpath')
[1.834s] INFO:colcon.colcon_core.shell:Creating environment hook '/home/solomon/atlasr1_ws/install/atlasr1_controller/share/atlasr1_controller/hook/pythonpath.ps1'
[1.835s] INFO:colcon.colcon_core.shell:Creating environment descriptor '/home/solomon/atlasr1_ws/install/atlasr1_controller/share/atlasr1_controller/hook/pythonpath.dsv'
[1.836s] INFO:colcon.colcon_core.shell:Creating environment hook '/home/solomon/atlasr1_ws/install/atlasr1_controller/share/atlasr1_controller/hook/pythonpath.sh'
[1.838s] Level 1:colcon.colcon_core.environment:checking '/home/solomon/atlasr1_ws/install/atlasr1_controller/bin'
[1.840s] INFO:colcon.colcon_core.shell:Creating package script '/home/solomon/atlasr1_ws/install/atlasr1_controller/share/atlasr1_controller/package.ps1'
[1.841s] INFO:colcon.colcon_core.shell:Creating package descriptor '/home/solomon/atlasr1_ws/install/atlasr1_controller/share/atlasr1_controller/package.dsv'
[1.842s] INFO:colcon.colcon_core.shell:Creating package script '/home/solomon/atlasr1_ws/install/atlasr1_controller/share/atlasr1_controller/package.sh'
[1.843s] INFO:colcon.colcon_core.shell:Creating package script '/home/solomon/atlasr1_ws/install/atlasr1_controller/share/atlasr1_controller/package.bash'
[1.844s] INFO:colcon.colcon_core.shell:Creating package script '/home/solomon/atlasr1_ws/install/atlasr1_controller/share/atlasr1_controller/package.zsh'
[1.845s] Level 1:colcon.colcon_core.environment:create_file_with_runtime_dependencies(/home/solomon/atlasr1_ws/install/atlasr1_controller/share/colcon-core/packages/atlasr1_controller)
[1.847s] Level 1:colcon.colcon_core.environment:create_environment_scripts_only(atlasr1_controller)
[1.847s] Level 1:colcon.colcon_core.environment:checking '/home/solomon/atlasr1_ws/install/atlasr1_controller' for CMake module files
[1.848s] Level 1:colcon.colcon_core.environment:checking '/home/solomon/atlasr1_ws/install/atlasr1_controller' for CMake config files
[1.849s] Level 1:colcon.colcon_core.shell:create_environment_hook('atlasr1_controller', 'cmake_prefix_path')
[1.850s] INFO:colcon.colcon_core.shell:Creating environment hook '/home/solomon/atlasr1_ws/install/atlasr1_controller/share/atlasr1_controller/hook/cmake_prefix_path.ps1'
[1.851s] INFO:colcon.colcon_core.shell:Creating environment descriptor '/home/solomon/atlasr1_ws/install/atlasr1_controller/share/atlasr1_controller/hook/cmake_prefix_path.dsv'
[1.851s] INFO:colcon.colcon_core.shell:Creating environment hook '/home/solomon/atlasr1_ws/install/atlasr1_controller/share/atlasr1_controller/hook/cmake_prefix_path.sh'
[1.853s] Level 1:colcon.colcon_core.environment:checking '/home/solomon/atlasr1_ws/install/atlasr1_controller/lib'
[1.854s] Level 1:colcon.colcon_core.environment:checking '/home/solomon/atlasr1_ws/install/atlasr1_controller/bin'
[1.854s] Level 1:colcon.colcon_core.environment:checking '/home/solomon/atlasr1_ws/install/atlasr1_controller/lib/pkgconfig/atlasr1_controller.pc'
[1.854s] Level 1:colcon.colcon_core.environment:checking '/home/solomon/atlasr1_ws/install/atlasr1_controller/lib/python3.12/site-packages'
[1.854s] Level 1:colcon.colcon_core.shell:create_environment_hook('atlasr1_controller', 'pythonpath')
[1.855s] INFO:colcon.colcon_core.shell:Creating environment hook '/home/solomon/atlasr1_ws/install/atlasr1_controller/share/atlasr1_controller/hook/pythonpath.ps1'
[1.856s] INFO:colcon.colcon_core.shell:Creating environment descriptor '/home/solomon/atlasr1_ws/install/atlasr1_controller/share/atlasr1_controller/hook/pythonpath.dsv'
[1.857s] INFO:colcon.colcon_core.shell:Creating environment hook '/home/solomon/atlasr1_ws/install/atlasr1_controller/share/atlasr1_controller/hook/pythonpath.sh'
[1.860s] Level 1:colcon.colcon_core.environment:checking '/home/solomon/atlasr1_ws/install/atlasr1_controller/bin'
[1.861s] INFO:colcon.colcon_core.shell:Creating package script '/home/solomon/atlasr1_ws/install/atlasr1_controller/share/atlasr1_controller/package.ps1'
[1.863s] INFO:colcon.colcon_core.shell:Creating package descriptor '/home/solomon/atlasr1_ws/install/atlasr1_controller/share/atlasr1_controller/package.dsv'
[1.864s] INFO:colcon.colcon_core.shell:Creating package script '/home/solomon/atlasr1_ws/install/atlasr1_controller/share/atlasr1_controller/package.sh'
[1.866s] INFO:colcon.colcon_core.shell:Creating package script '/home/solomon/atlasr1_ws/install/atlasr1_controller/share/atlasr1_controller/package.bash'
[1.868s] INFO:colcon.colcon_core.shell:Creating package script '/home/solomon/atlasr1_ws/install/atlasr1_controller/share/atlasr1_controller/package.zsh'
[1.869s] Level 1:colcon.colcon_core.environment:create_file_with_runtime_dependencies(/home/solomon/atlasr1_ws/install/atlasr1_controller/share/colcon-core/packages/atlasr1_controller)
[1.871s] DEBUG:colcon.colcon_parallel_executor.executor.parallel:closing loop
[1.873s] DEBUG:colcon.colcon_parallel_executor.executor.parallel:loop closed
[1.874s] DEBUG:colcon.colcon_parallel_executor.executor.parallel:run_until_complete finished with '0'
[1.875s] DEBUG:colcon.colcon_core.event_reactor:joining thread
[1.888s] INFO:colcon.colcon_core.plugin_system:Skipping extension 'colcon_notification.desktop_notification.terminal_notifier': Not used on non-Darwin systems
[1.888s] INFO:colcon.colcon_core.plugin_system:Skipping extension 'colcon_notification.desktop_notification.win32': Not used on non-Windows systems
[1.888s] INFO:colcon.colcon_notification.desktop_notification:Sending desktop notification using 'notify2'
[1.955s] DEBUG:colcon.colcon_core.event_reactor:joined thread
[1.956s] INFO:colcon.colcon_core.shell:Creating prefix script '/home/solomon/atlasr1_ws/install/local_setup.ps1'
[1.959s] INFO:colcon.colcon_core.shell:Creating prefix util module '/home/solomon/atlasr1_ws/install/_local_setup_util_ps1.py'
[1.962s] INFO:colcon.colcon_core.shell:Creating prefix chain script '/home/solomon/atlasr1_ws/install/setup.ps1'
[1.967s] INFO:colcon.colcon_core.shell:Creating prefix script '/home/solomon/atlasr1_ws/install/local_setup.sh'
[1.970s] INFO:colcon.colcon_core.shell:Creating prefix util module '/home/solomon/atlasr1_ws/install/_local_setup_util_sh.py'
[1.972s] INFO:colcon.colcon_core.shell:Creating prefix chain script '/home/solomon/atlasr1_ws/install/setup.sh'
[1.977s] INFO:colcon.colcon_core.shell:Creating prefix script '/home/solomon/atlasr1_ws/install/local_setup.bash'
[1.979s] INFO:colcon.colcon_core.shell:Creating prefix chain script '/home/solomon/atlasr1_ws/install/setup.bash'
[1.982s] INFO:colcon.colcon_core.shell:Creating prefix script '/home/solomon/atlasr1_ws/install/local_setup.zsh'
[1.984s] INFO:colcon.colcon_core.shell:Creating prefix chain script '/home/solomon/atlasr1_ws/install/setup.zsh'
