[0.027s] Invoking command in '/home/solomon/atlasr1_ws/build/atlasr1_controller': CMAKE_PREFIX_PATH=${CMAKE_PREFIX_PATH}:/opt/ros/jazzy DEBUGINFOD_URLS=https://debuginfod.ubuntu.com /usr/bin/cmake --build /home/solomon/atlasr1_ws/build/atlasr1_controller -- -j16 -l16
[0.094s] Invoked command in '/home/solomon/atlasr1_ws/build/atlasr1_controller' returned '0': CMAKE_PREFIX_PATH=${CMAKE_PREFIX_PATH}:/opt/ros/jazzy DEBUGINFOD_URLS=https://debuginfod.ubuntu.com /usr/bin/cmake --build /home/solomon/atlasr1_ws/build/atlasr1_controller -- -j16 -l16
[0.110s] Invoking command in '/home/solomon/atlasr1_ws/build/atlasr1_controller': CMAKE_PREFIX_PATH=${CMAKE_PREFIX_PATH}:/opt/ros/jazzy DEBUGINFOD_URLS=https://debuginfod.ubuntu.com /usr/bin/cmake --install /home/solomon/atlasr1_ws/build/atlasr1_controller
[0.122s] -- Install configuration: ""
[0.122s] -- Up-to-date: /home/solomon/atlasr1_ws/install/atlasr1_controller/share/ament_index/resource_index/package_run_dependencies/atlasr1_controller
[0.122s] -- Up-to-date: /home/solomon/atlasr1_ws/install/atlasr1_controller/share/ament_index/resource_index/parent_prefix_path/atlasr1_controller
[0.122s] -- Up-to-date: /home/solomon/atlasr1_ws/install/atlasr1_controller/share/atlasr1_controller/environment/ament_prefix_path.sh
[0.122s] -- Up-to-date: /home/solomon/atlasr1_ws/install/atlasr1_controller/share/atlasr1_controller/environment/ament_prefix_path.dsv
[0.123s] -- Up-to-date: /home/solomon/atlasr1_ws/install/atlasr1_controller/share/atlasr1_controller/environment/path.sh
[0.123s] -- Up-to-date: /home/solomon/atlasr1_ws/install/atlasr1_controller/share/atlasr1_controller/environment/path.dsv
[0.123s] -- Up-to-date: /home/solomon/atlasr1_ws/install/atlasr1_controller/share/atlasr1_controller/local_setup.bash
[0.123s] -- Up-to-date: /home/solomon/atlasr1_ws/install/atlasr1_controller/share/atlasr1_controller/local_setup.sh
[0.123s] -- Up-to-date: /home/solomon/atlasr1_ws/install/atlasr1_controller/share/atlasr1_controller/local_setup.zsh
[0.123s] -- Up-to-date: /home/solomon/atlasr1_ws/install/atlasr1_controller/share/atlasr1_controller/local_setup.dsv
[0.123s] -- Up-to-date: /home/solomon/atlasr1_ws/install/atlasr1_controller/share/atlasr1_controller/package.dsv
[0.123s] -- Up-to-date: /home/solomon/atlasr1_ws/install/atlasr1_controller/share/ament_index/resource_index/packages/atlasr1_controller
[0.123s] -- Up-to-date: /home/solomon/atlasr1_ws/install/atlasr1_controller/share/atlasr1_controller/cmake/atlasr1_controllerConfig.cmake
[0.123s] -- Up-to-date: /home/solomon/atlasr1_ws/install/atlasr1_controller/share/atlasr1_controller/cmake/atlasr1_controllerConfig-version.cmake
[0.124s] -- Up-to-date: /home/solomon/atlasr1_ws/install/atlasr1_controller/share/atlasr1_controller/package.xml
[0.135s] Invoked command in '/home/solomon/atlasr1_ws/build/atlasr1_controller' returned '0': CMAKE_PREFIX_PATH=${CMAKE_PREFIX_PATH}:/opt/ros/jazzy DEBUGINFOD_URLS=https://debuginfod.ubuntu.com /usr/bin/cmake --install /home/solomon/atlasr1_ws/build/atlasr1_controller
