-- Install configuration: ""
-- Up-to-date: /home/solomon/atlasr1_ws/install/atlasr1_description/share/atlasr1_description/meshes
-- Up-to-date: /home/solomon/atlasr1_ws/install/atlasr1_description/share/atlasr1_description/meshes/base_link.stl
-- Up-to-date: /home/solomon/atlasr1_ws/install/atlasr1_description/share/atlasr1_description/meshes/wheel_2.stl
-- Up-to-date: /home/solomon/atlasr1_ws/install/atlasr1_description/share/atlasr1_description/meshes/lidar.stl
-- Up-to-date: /home/solomon/atlasr1_ws/install/atlasr1_description/share/atlasr1_description/meshes/wheel_3.stl
-- Up-to-date: /home/solomon/atlasr1_ws/install/atlasr1_description/share/atlasr1_description/meshes/wheel_1.stl
-- Up-to-date: /home/solomon/atlasr1_ws/install/atlasr1_description/share/atlasr1_description/urdf
-- Installing: /home/solomon/atlasr1_ws/install/atlasr1_description/share/atlasr1_description/urdf/atlasr1.urdf.xacro
-- Up-to-date: /home/solomon/atlasr1_ws/install/atlasr1_description/share/atlasr1_description/launch
-- Up-to-date: /home/solomon/atlasr1_ws/install/atlasr1_description/share/atlasr1_description/launch/display.launch.py
-- Up-to-date: /home/solomon/atlasr1_ws/install/atlasr1_description/share/atlasr1_description/launch/gazebo.launch.py
-- Up-to-date: /home/solomon/atlasr1_ws/install/atlasr1_description/share/atlasr1_description/rviz
-- Up-to-date: /home/solomon/atlasr1_ws/install/atlasr1_description/share/atlasr1_description/rviz/display.rviz
-- Up-to-date: /home/solomon/atlasr1_ws/install/atlasr1_description/share/ament_index/resource_index/package_run_dependencies/atlasr1_description
-- Up-to-date: /home/solomon/atlasr1_ws/install/atlasr1_description/share/ament_index/resource_index/parent_prefix_path/atlasr1_description
-- Up-to-date: /home/solomon/atlasr1_ws/install/atlasr1_description/share/atlasr1_description/environment/ament_prefix_path.sh
-- Up-to-date: /home/solomon/atlasr1_ws/install/atlasr1_description/share/atlasr1_description/environment/ament_prefix_path.dsv
-- Up-to-date: /home/solomon/atlasr1_ws/install/atlasr1_description/share/atlasr1_description/environment/path.sh
-- Up-to-date: /home/solomon/atlasr1_ws/install/atlasr1_description/share/atlasr1_description/environment/path.dsv
-- Up-to-date: /home/solomon/atlasr1_ws/install/atlasr1_description/share/atlasr1_description/local_setup.bash
-- Up-to-date: /home/solomon/atlasr1_ws/install/atlasr1_description/share/atlasr1_description/local_setup.sh
-- Up-to-date: /home/solomon/atlasr1_ws/install/atlasr1_description/share/atlasr1_description/local_setup.zsh
-- Up-to-date: /home/solomon/atlasr1_ws/install/atlasr1_description/share/atlasr1_description/local_setup.dsv
-- Installing: /home/solomon/atlasr1_ws/install/atlasr1_description/share/atlasr1_description/package.dsv
-- Up-to-date: /home/solomon/atlasr1_ws/install/atlasr1_description/share/ament_index/resource_index/packages/atlasr1_description
-- Up-to-date: /home/solomon/atlasr1_ws/install/atlasr1_description/share/atlasr1_description/cmake/atlasr1_descriptionConfig.cmake
-- Up-to-date: /home/solomon/atlasr1_ws/install/atlasr1_description/share/atlasr1_description/cmake/atlasr1_descriptionConfig-version.cmake
-- Up-to-date: /home/solomon/atlasr1_ws/install/atlasr1_description/share/atlasr1_description/package.xml
