[0.037s] Invoking command in '/home/solomon/atlasr1_ws/build/atlasr1_controller': CMAKE_PREFIX_PATH=${CMAKE_PREFIX_PATH}:/opt/ros/jazzy DEBUGINFOD_URLS=https://debuginfod.ubuntu.com /usr/bin/cmake /home/solomon/atlasr1_ws/src/atlasr1_controller -DCMAKE_INSTALL_PREFIX=/home/solomon/atlasr1_ws/install/atlasr1_controller
[0.247s] -- The C compiler identification is GNU 13.3.0
[0.381s] -- The CXX compiler identification is GNU 13.3.0
[0.414s] -- Detecting C compiler ABI info
[0.601s] -- Detecting C compiler ABI info - done
[0.611s] -- Check for working C compiler: /usr/bin/cc - skipped
[0.612s] -- Detecting C compile features
[0.612s] -- Detecting C compile features - done
[0.628s] -- Detecting CXX compiler ABI info
[0.837s] -- Detecting CXX compiler ABI info - done
[0.847s] -- Check for working CXX compiler: /usr/bin/c++ - skipped
[0.847s] -- Detecting CXX compile features
[0.847s] -- Detecting CXX compile features - done
[0.880s] -- Found ament_cmake: 2.5.4 (/opt/ros/jazzy/share/ament_cmake/cmake)
[1.128s] -- Found Python3: /usr/bin/python3 (found version "3.12.3") found components: Interpreter 
[1.341s] -- Found ament_lint_auto: 0.17.3 (/opt/ros/jazzy/share/ament_lint_auto/cmake)
[1.546s] -- Added test 'lint_cmake' to check CMake code style
[1.548s] -- Added test 'xmllint' to check XML markup files
[1.552s] -- Configuring done (1.5s)
[1.557s] -- Generating done (0.0s)
[1.560s] -- Build files have been written to: /home/solomon/atlasr1_ws/build/atlasr1_controller
[1.570s] Invoked command in '/home/solomon/atlasr1_ws/build/atlasr1_controller' returned '0': CMAKE_PREFIX_PATH=${CMAKE_PREFIX_PATH}:/opt/ros/jazzy DEBUGINFOD_URLS=https://debuginfod.ubuntu.com /usr/bin/cmake /home/solomon/atlasr1_ws/src/atlasr1_controller -DCMAKE_INSTALL_PREFIX=/home/solomon/atlasr1_ws/install/atlasr1_controller
[1.571s] Invoking command in '/home/solomon/atlasr1_ws/build/atlasr1_controller': CMAKE_PREFIX_PATH=${CMAKE_PREFIX_PATH}:/opt/ros/jazzy DEBUGINFOD_URLS=https://debuginfod.ubuntu.com /usr/bin/cmake --build /home/solomon/atlasr1_ws/build/atlasr1_controller -- -j16 -l16
[1.665s] Invoked command in '/home/solomon/atlasr1_ws/build/atlasr1_controller' returned '0': CMAKE_PREFIX_PATH=${CMAKE_PREFIX_PATH}:/opt/ros/jazzy DEBUGINFOD_URLS=https://debuginfod.ubuntu.com /usr/bin/cmake --build /home/solomon/atlasr1_ws/build/atlasr1_controller -- -j16 -l16
[1.666s] Invoking command in '/home/solomon/atlasr1_ws/build/atlasr1_controller': CMAKE_PREFIX_PATH=${CMAKE_PREFIX_PATH}:/opt/ros/jazzy DEBUGINFOD_URLS=https://debuginfod.ubuntu.com /usr/bin/cmake --install /home/solomon/atlasr1_ws/build/atlasr1_controller
[1.685s] -- Install configuration: ""
[1.685s] -- Installing: /home/solomon/atlasr1_ws/install/atlasr1_controller/share/ament_index/resource_index/package_run_dependencies/atlasr1_controller
[1.686s] -- Installing: /home/solomon/atlasr1_ws/install/atlasr1_controller/share/ament_index/resource_index/parent_prefix_path/atlasr1_controller
[1.686s] -- Installing: /home/solomon/atlasr1_ws/install/atlasr1_controller/share/atlasr1_controller/environment/ament_prefix_path.sh
[1.686s] -- Installing: /home/solomon/atlasr1_ws/install/atlasr1_controller/share/atlasr1_controller/environment/ament_prefix_path.dsv
[1.686s] -- Installing: /home/solomon/atlasr1_ws/install/atlasr1_controller/share/atlasr1_controller/environment/path.sh
[1.686s] -- Installing: /home/solomon/atlasr1_ws/install/atlasr1_controller/share/atlasr1_controller/environment/path.dsv
[1.687s] -- Installing: /home/solomon/atlasr1_ws/install/atlasr1_controller/share/atlasr1_controller/local_setup.bash
[1.687s] -- Installing: /home/solomon/atlasr1_ws/install/atlasr1_controller/share/atlasr1_controller/local_setup.sh
[1.687s] -- Installing: /home/solomon/atlasr1_ws/install/atlasr1_controller/share/atlasr1_controller/local_setup.zsh
[1.687s] -- Installing: /home/solomon/atlasr1_ws/install/atlasr1_controller/share/atlasr1_controller/local_setup.dsv
[1.687s] -- Installing: /home/solomon/atlasr1_ws/install/atlasr1_controller/share/atlasr1_controller/package.dsv
[1.687s] -- Installing: /home/solomon/atlasr1_ws/install/atlasr1_controller/share/ament_index/resource_index/packages/atlasr1_controller
[1.687s] -- Installing: /home/solomon/atlasr1_ws/install/atlasr1_controller/share/atlasr1_controller/cmake/atlasr1_controllerConfig.cmake
[1.688s] -- Installing: /home/solomon/atlasr1_ws/install/atlasr1_controller/share/atlasr1_controller/cmake/atlasr1_controllerConfig-version.cmake
[1.688s] -- Installing: /home/solomon/atlasr1_ws/install/atlasr1_controller/share/atlasr1_controller/package.xml
[1.692s] Invoked command in '/home/solomon/atlasr1_ws/build/atlasr1_controller' returned '0': CMAKE_PREFIX_PATH=${CMAKE_PREFIX_PATH}:/opt/ros/jazzy DEBUGINFOD_URLS=https://debuginfod.ubuntu.com /usr/bin/cmake --install /home/solomon/atlasr1_ws/build/atlasr1_controller
