[0.015s] Invoking command in '/home/solomon/atlasr1_ws/build/atlasr1_controller': CMAKE_PREFIX_PATH=${CMAKE_PREFIX_PATH}:/opt/ros/jazzy DEBUGINFOD_URLS=https://debuginfod.ubuntu.com /usr/bin/cmake --build /home/solomon/atlasr1_ws/build/atlasr1_controller -- -j16 -l16
[0.055s] -- Found ament_cmake: 2.5.4 (/opt/ros/jazzy/share/ament_cmake/cmake)
[0.282s] -- Found rclcpp: 28.1.13 (/opt/ros/jazzy/share/rclcpp/cmake)
[0.320s] -- Found rosidl_generator_c: 4.6.6 (/opt/ros/jazzy/share/rosidl_generator_c/cmake)
[0.329s] -- Found rosidl_generator_cpp: 4.6.6 (/opt/ros/jazzy/share/rosidl_generator_cpp/cmake)
[0.343s] -- Using all available rosidl_typesupport_c: rosidl_typesupport_fastrtps_c;rosidl_typesupport_introspection_c
[0.358s] -- Using all available rosidl_typesupport_cpp: rosidl_typesupport_fastrtps_cpp;rosidl_typesupport_introspection_cpp
[0.424s] -- Found rmw_implementation_cmake: 7.3.2 (/opt/ros/jazzy/share/rmw_implementation_cmake/cmake)
[0.426s] -- Found rmw_fastrtps_cpp: 8.4.3 (/opt/ros/jazzy/share/rmw_fastrtps_cpp/cmake)
[0.498s] -- Using RMW implementation 'rmw_fastrtps_cpp' as default
[0.566s] -- Found rclpy: 7.1.6 (/opt/ros/jazzy/share/rclpy/cmake)
[0.567s] -- Found geometry_msgs: 5.3.6 (/opt/ros/jazzy/share/geometry_msgs/cmake)
[0.776s] -- Configuring done (0.7s)
[0.786s] -- Generating done (0.0s)
[0.790s] -- Build files have been written to: /home/solomon/atlasr1_ws/build/atlasr1_controller
[0.845s] Built target ament_cmake_python_copy_atlasr1_controller
[1.053s] running egg_info
[1.074s] writing atlasr1_controller.egg-info/PKG-INFO
[1.074s] writing dependency_links to atlasr1_controller.egg-info/dependency_links.txt
[1.075s] writing top-level names to atlasr1_controller.egg-info/top_level.txt
[1.136s] reading manifest file 'atlasr1_controller.egg-info/SOURCES.txt'
[1.137s] writing manifest file 'atlasr1_controller.egg-info/SOURCES.txt'
[1.176s] Built target ament_cmake_python_build_atlasr1_controller_egg
[1.191s] Invoked command in '/home/solomon/atlasr1_ws/build/atlasr1_controller' returned '0': CMAKE_PREFIX_PATH=${CMAKE_PREFIX_PATH}:/opt/ros/jazzy DEBUGINFOD_URLS=https://debuginfod.ubuntu.com /usr/bin/cmake --build /home/solomon/atlasr1_ws/build/atlasr1_controller -- -j16 -l16
[1.192s] Invoking command in '/home/solomon/atlasr1_ws/build/atlasr1_controller': CMAKE_PREFIX_PATH=${CMAKE_PREFIX_PATH}:/opt/ros/jazzy DEBUGINFOD_URLS=https://debuginfod.ubuntu.com /usr/bin/cmake --install /home/solomon/atlasr1_ws/build/atlasr1_controller
[1.201s] -- Install configuration: ""
[1.202s] -- Up-to-date: /home/solomon/atlasr1_ws/install/atlasr1_controller/share/atlasr1_controller/environment/pythonpath.sh
[1.202s] -- Up-to-date: /home/solomon/atlasr1_ws/install/atlasr1_controller/share/atlasr1_controller/environment/pythonpath.dsv
[1.202s] -- Up-to-date: /home/solomon/atlasr1_ws/install/atlasr1_controller/lib/python3.12/site-packages/atlasr1_controller-0.0.0-py3.12.egg-info
[1.202s] -- Installing: /home/solomon/atlasr1_ws/install/atlasr1_controller/lib/python3.12/site-packages/atlasr1_controller-0.0.0-py3.12.egg-info/SOURCES.txt
[1.202s] -- Installing: /home/solomon/atlasr1_ws/install/atlasr1_controller/lib/python3.12/site-packages/atlasr1_controller-0.0.0-py3.12.egg-info/dependency_links.txt
[1.202s] -- Installing: /home/solomon/atlasr1_ws/install/atlasr1_controller/lib/python3.12/site-packages/atlasr1_controller-0.0.0-py3.12.egg-info/top_level.txt
[1.202s] -- Installing: /home/solomon/atlasr1_ws/install/atlasr1_controller/lib/python3.12/site-packages/atlasr1_controller-0.0.0-py3.12.egg-info/PKG-INFO
[1.202s] -- Up-to-date: /home/solomon/atlasr1_ws/install/atlasr1_controller/lib/python3.12/site-packages/atlasr1_controller
[1.203s] -- Up-to-date: /home/solomon/atlasr1_ws/install/atlasr1_controller/lib/python3.12/site-packages/atlasr1_controller/__init__.py
[1.203s] -- Up-to-date: /home/solomon/atlasr1_ws/install/atlasr1_controller/lib/python3.12/site-packages/atlasr1_controller/whymialive_1.py
[1.203s] -- Up-to-date: /home/solomon/atlasr1_ws/install/atlasr1_controller/lib/python3.12/site-packages/atlasr1_controller/simple_controller.py
[1.238s] Listing '/home/solomon/atlasr1_ws/install/atlasr1_controller/lib/python3.12/site-packages/atlasr1_controller'...
[1.245s] -- Up-to-date: /home/solomon/atlasr1_ws/install/atlasr1_controller/include/include
[1.245s] -- Up-to-date: /home/solomon/atlasr1_ws/install/atlasr1_controller/include/include/atlasr1_controller
[1.246s] -- Up-to-date: /home/solomon/atlasr1_ws/install/atlasr1_controller/share/atlasr1_controller/config
[1.246s] -- Up-to-date: /home/solomon/atlasr1_ws/install/atlasr1_controller/share/atlasr1_controller/config/joy_teleop.yaml
[1.246s] -- Up-to-date: /home/solomon/atlasr1_ws/install/atlasr1_controller/share/atlasr1_controller/config/joy_config.yaml
[1.246s] -- Up-to-date: /home/solomon/atlasr1_ws/install/atlasr1_controller/share/atlasr1_controller/config/atlasr1_controllers.yaml
[1.246s] -- Up-to-date: /home/solomon/atlasr1_ws/install/atlasr1_controller/share/atlasr1_controller/launch
[1.246s] -- Up-to-date: /home/solomon/atlasr1_ws/install/atlasr1_controller/share/atlasr1_controller/launch/controller.launch.py
[1.247s] [31mCMake Error at cmake_install.cmake:81 (file):
[1.247s]   file INSTALL cannot find
[1.247s]   "/home/solomon/atlasr1_ws/src/atlasr1_controller/atlasr1_controller/atlasr1_controller/simple_controller.py":
[1.247s]   No such file or directory.
[1.247s] 
[1.247s] [0m
[1.248s] Invoked command in '/home/solomon/atlasr1_ws/build/atlasr1_controller' returned '1': CMAKE_PREFIX_PATH=${CMAKE_PREFIX_PATH}:/opt/ros/jazzy DEBUGINFOD_URLS=https://debuginfod.ubuntu.com /usr/bin/cmake --install /home/solomon/atlasr1_ws/build/atlasr1_controller
