[0.011s] Invoking command in '/home/solomon/atlasr1_ws/build/atlasr1_description': CMAKE_PREFIX_PATH=${CMAKE_PREFIX_PATH}:/opt/ros/jazzy DEBUGINFOD_URLS=https://debuginfod.ubuntu.com /usr/bin/cmake --build /home/solomon/atlasr1_ws/build/atlasr1_description -- -j16 -l16
[0.071s] Invoked command in '/home/solomon/atlasr1_ws/build/atlasr1_description' returned '0': CMAKE_PREFIX_PATH=${CMAKE_PREFIX_PATH}:/opt/ros/jazzy DEBUGINFOD_URLS=https://debuginfod.ubuntu.com /usr/bin/cmake --build /home/solomon/atlasr1_ws/build/atlasr1_description -- -j16 -l16
[0.086s] Invoking command in '/home/solomon/atlasr1_ws/build/atlasr1_description': CMAKE_PREFIX_PATH=${CMAKE_PREFIX_PATH}:/opt/ros/jazzy DEBUGINFOD_URLS=https://debuginfod.ubuntu.com /usr/bin/cmake --install /home/solomon/atlasr1_ws/build/atlasr1_description
[0.098s] -- Install configuration: ""
[0.098s] -- Installing: /home/solomon/atlasr1_ws/install/atlasr1_description/share/atlasr1_description/meshes
[0.099s] -- Installing: /home/solomon/atlasr1_ws/install/atlasr1_description/share/atlasr1_description/meshes/base_link.stl
[0.099s] -- Installing: /home/solomon/atlasr1_ws/install/atlasr1_description/share/atlasr1_description/meshes/wheel_2.stl
[0.101s] -- Installing: /home/solomon/atlasr1_ws/install/atlasr1_description/share/atlasr1_description/meshes/lidar.stl
[0.101s] -- Installing: /home/solomon/atlasr1_ws/install/atlasr1_description/share/atlasr1_description/meshes/wheel_3.stl
[0.102s] -- Installing: /home/solomon/atlasr1_ws/install/atlasr1_description/share/atlasr1_description/meshes/wheel_1.stl
[0.103s] -- Installing: /home/solomon/atlasr1_ws/install/atlasr1_description/share/atlasr1_description/urdf
[0.104s] -- Installing: /home/solomon/atlasr1_ws/install/atlasr1_description/share/atlasr1_description/urdf/atlasr1.urdf.xacro
[0.104s] -- Installing: /home/solomon/atlasr1_ws/install/atlasr1_description/share/atlasr1_description/launch
[0.104s] -- Installing: /home/solomon/atlasr1_ws/install/atlasr1_description/share/atlasr1_description/launch/display.launch.py
[0.104s] -- Installing: /home/solomon/atlasr1_ws/install/atlasr1_description/share/atlasr1_description/launch/gazebo.launch.py
[0.105s] [31mCMake Error at cmake_install.cmake:46 (file):
[0.105s]   file INSTALL cannot find
[0.105s]   "/home/solomon/atlasr1_ws/src/atlasr1_description/rviz": No such file or
[0.105s]   directory.
[0.105s] 
[0.105s] [0m
[0.108s] Invoked command in '/home/solomon/atlasr1_ws/build/atlasr1_description' returned '1': CMAKE_PREFIX_PATH=${CMAKE_PREFIX_PATH}:/opt/ros/jazzy DEBUGINFOD_URLS=https://debuginfod.ubuntu.com /usr/bin/cmake --install /home/solomon/atlasr1_ws/build/atlasr1_description
