[0.010s] Invoking command in '/home/solomon/atlasr1_ws/build/atlasr1_description': CMAKE_PREFIX_PATH=${CMAKE_PREFIX_PATH}:/opt/ros/jazzy DEBUGINFOD_URLS=https://debuginfod.ubuntu.com /usr/bin/cmake /home/solomon/atlasr1_ws/src/atlasr1_description -DCMAKE_INSTALL_PREFIX=/home/solomon/atlasr1_ws/install/atlasr1_description
[0.147s] -- The C compiler identification is GNU 13.3.0
[0.254s] -- The CXX compiler identification is GNU 13.3.0
[0.276s] -- Detecting C compiler ABI info
[0.386s] -- Detecting C compiler ABI info - done
[0.395s] -- Check for working C compiler: /usr/bin/cc - skipped
[0.395s] -- Detecting C compile features
[0.396s] -- Detecting C compile features - done
[0.408s] -- Detecting CXX compiler ABI info
[0.521s] -- Detecting CXX compiler ABI info - done
[0.529s] -- Check for working CXX compiler: /usr/bin/c++ - skipped
[0.529s] -- Detecting CXX compile features
[0.530s] -- Detecting CXX compile features - done
[0.548s] -- Found ament_cmake: 2.5.4 (/opt/ros/jazzy/share/ament_cmake/cmake)
[0.712s] -- Found Python3: /usr/bin/python3 (found version "3.12.3") found components: Interpreter 
[0.858s] -- Found ament_lint_auto: 0.17.3 (/opt/ros/jazzy/share/ament_lint_auto/cmake)
[0.983s] -- Added test 'lint_cmake' to check CMake code style
[0.985s] -- Added test 'xmllint' to check XML markup files
[0.988s] -- Configuring done (1.0s)
[0.991s] -- Generating done (0.0s)
[0.993s] -- Build files have been written to: /home/solomon/atlasr1_ws/build/atlasr1_description
[0.999s] Invoked command in '/home/solomon/atlasr1_ws/build/atlasr1_description' returned '0': CMAKE_PREFIX_PATH=${CMAKE_PREFIX_PATH}:/opt/ros/jazzy DEBUGINFOD_URLS=https://debuginfod.ubuntu.com /usr/bin/cmake /home/solomon/atlasr1_ws/src/atlasr1_description -DCMAKE_INSTALL_PREFIX=/home/solomon/atlasr1_ws/install/atlasr1_description
[1.000s] Invoking command in '/home/solomon/atlasr1_ws/build/atlasr1_description': CMAKE_PREFIX_PATH=${CMAKE_PREFIX_PATH}:/opt/ros/jazzy DEBUGINFOD_URLS=https://debuginfod.ubuntu.com /usr/bin/cmake --build /home/solomon/atlasr1_ws/build/atlasr1_description -- -j16 -l16
[1.048s] Invoked command in '/home/solomon/atlasr1_ws/build/atlasr1_description' returned '0': CMAKE_PREFIX_PATH=${CMAKE_PREFIX_PATH}:/opt/ros/jazzy DEBUGINFOD_URLS=https://debuginfod.ubuntu.com /usr/bin/cmake --build /home/solomon/atlasr1_ws/build/atlasr1_description -- -j16 -l16
[1.060s] Invoking command in '/home/solomon/atlasr1_ws/build/atlasr1_description': CMAKE_PREFIX_PATH=${CMAKE_PREFIX_PATH}:/opt/ros/jazzy DEBUGINFOD_URLS=https://debuginfod.ubuntu.com /usr/bin/cmake --install /home/solomon/atlasr1_ws/build/atlasr1_description
[1.069s] -- Install configuration: ""
[1.069s] -- Installing: /home/solomon/atlasr1_ws/install/atlasr1_description/share/ament_index/resource_index/package_run_dependencies/atlasr1_description
[1.070s] -- Installing: /home/solomon/atlasr1_ws/install/atlasr1_description/share/ament_index/resource_index/parent_prefix_path/atlasr1_description
[1.070s] -- Installing: /home/solomon/atlasr1_ws/install/atlasr1_description/share/atlasr1_description/environment/ament_prefix_path.sh
[1.070s] -- Installing: /home/solomon/atlasr1_ws/install/atlasr1_description/share/atlasr1_description/environment/ament_prefix_path.dsv
[1.070s] -- Installing: /home/solomon/atlasr1_ws/install/atlasr1_description/share/atlasr1_description/environment/path.sh
[1.070s] -- Installing: /home/solomon/atlasr1_ws/install/atlasr1_description/share/atlasr1_description/environment/path.dsv
[1.070s] -- Installing: /home/solomon/atlasr1_ws/install/atlasr1_description/share/atlasr1_description/local_setup.bash
[1.070s] -- Installing: /home/solomon/atlasr1_ws/install/atlasr1_description/share/atlasr1_description/local_setup.sh
[1.071s] -- Installing: /home/solomon/atlasr1_ws/install/atlasr1_description/share/atlasr1_description/local_setup.zsh
[1.071s] -- Installing: /home/solomon/atlasr1_ws/install/atlasr1_description/share/atlasr1_description/local_setup.dsv
[1.071s] -- Installing: /home/solomon/atlasr1_ws/install/atlasr1_description/share/atlasr1_description/package.dsv
[1.071s] -- Installing: /home/solomon/atlasr1_ws/install/atlasr1_description/share/ament_index/resource_index/packages/atlasr1_description
[1.071s] -- Installing: /home/solomon/atlasr1_ws/install/atlasr1_description/share/atlasr1_description/cmake/atlasr1_descriptionConfig.cmake
[1.071s] -- Installing: /home/solomon/atlasr1_ws/install/atlasr1_description/share/atlasr1_description/cmake/atlasr1_descriptionConfig-version.cmake
[1.071s] -- Installing: /home/solomon/atlasr1_ws/install/atlasr1_description/share/atlasr1_description/package.xml
[1.074s] Invoked command in '/home/solomon/atlasr1_ws/build/atlasr1_description' returned '0': CMAKE_PREFIX_PATH=${CMAKE_PREFIX_PATH}:/opt/ros/jazzy DEBUGINFOD_URLS=https://debuginfod.ubuntu.com /usr/bin/cmake --install /home/solomon/atlasr1_ws/build/atlasr1_description
