[0.011s] Invoking command in '/home/solomon/atlasr1_ws/build/atlasr1_description': CMAKE_PREFIX_PATH=${CMAKE_PREFIX_PATH}:/opt/ros/jazzy DEBUGINFOD_URLS=https://debuginfod.ubuntu.com /usr/bin/cmake --build /home/solomon/atlasr1_ws/build/atlasr1_description -- -j16 -l16
[0.044s] -- Found ament_cmake: 2.5.4 (/opt/ros/jazzy/share/ament_cmake/cmake)
[0.282s] -- Found urdf: 2.10.0 (/opt/ros/jazzy/share/urdf/cmake)
[0.313s] -- Found TinyXML2 via Config file: /usr/lib/x86_64-linux-gnu/cmake/tinyxml2
[0.319s] -- Found ament_lint_auto: 0.17.3 (/opt/ros/jazzy/share/ament_lint_auto/cmake)
[0.426s] -- Added test 'flake8' to check Python code syntax and style conventions
[0.426s] -- Configured 'flake8' exclude dirs and/or files: 
[0.427s] -- Added test 'lint_cmake' to check CMake code style
[0.427s] -- Added test 'pep257' to check Python code against some of the docstring style conventions in PEP 257
[0.430s] -- Added test 'xmllint' to check XML markup files
[0.431s] -- Configuring done (0.4s)
[0.440s] -- Generating done (0.0s)
[0.442s] -- Build files have been written to: /home/solomon/atlasr1_ws/build/atlasr1_description
[0.479s] Invoked command in '/home/solomon/atlasr1_ws/build/atlasr1_description' returned '0': CMAKE_PREFIX_PATH=${CMAKE_PREFIX_PATH}:/opt/ros/jazzy DEBUGINFOD_URLS=https://debuginfod.ubuntu.com /usr/bin/cmake --build /home/solomon/atlasr1_ws/build/atlasr1_description -- -j16 -l16
[0.491s] Invoking command in '/home/solomon/atlasr1_ws/build/atlasr1_description': CMAKE_PREFIX_PATH=${CMAKE_PREFIX_PATH}:/opt/ros/jazzy DEBUGINFOD_URLS=https://debuginfod.ubuntu.com /usr/bin/cmake --install /home/solomon/atlasr1_ws/build/atlasr1_description
[0.501s] -- Install configuration: ""
[0.502s] -- Up-to-date: /home/solomon/atlasr1_ws/install/atlasr1_description/share/atlasr1_description/meshes
[0.502s] -- Up-to-date: /home/solomon/atlasr1_ws/install/atlasr1_description/share/atlasr1_description/meshes/base_link.stl
[0.502s] -- Up-to-date: /home/solomon/atlasr1_ws/install/atlasr1_description/share/atlasr1_description/meshes/wheel_2.stl
[0.502s] -- Up-to-date: /home/solomon/atlasr1_ws/install/atlasr1_description/share/atlasr1_description/meshes/lidar.stl
[0.502s] -- Up-to-date: /home/solomon/atlasr1_ws/install/atlasr1_description/share/atlasr1_description/meshes/wheel_3.stl
[0.502s] -- Up-to-date: /home/solomon/atlasr1_ws/install/atlasr1_description/share/atlasr1_description/meshes/wheel_1.stl
[0.502s] -- Up-to-date: /home/solomon/atlasr1_ws/install/atlasr1_description/share/atlasr1_description/urdf
[0.502s] -- Up-to-date: /home/solomon/atlasr1_ws/install/atlasr1_description/share/atlasr1_description/urdf/atlasr1_gazebo.xacro
[0.503s] -- Up-to-date: /home/solomon/atlasr1_ws/install/atlasr1_description/share/atlasr1_description/urdf/atlasr1.urdf.xacro
[0.503s] -- Installing: /home/solomon/atlasr1_ws/install/atlasr1_description/share/atlasr1_description/urdf/atlasr2.urdf.xacro
[0.503s] -- Up-to-date: /home/solomon/atlasr1_ws/install/atlasr1_description/share/atlasr1_description/launch
[0.503s] -- Up-to-date: /home/solomon/atlasr1_ws/install/atlasr1_description/share/atlasr1_description/launch/display.launch.py
[0.503s] -- Up-to-date: /home/solomon/atlasr1_ws/install/atlasr1_description/share/atlasr1_description/launch/gazebo.launch.py
[0.503s] -- Up-to-date: /home/solomon/atlasr1_ws/install/atlasr1_description/share/atlasr1_description/rviz
[0.503s] -- Up-to-date: /home/solomon/atlasr1_ws/install/atlasr1_description/share/atlasr1_description/rviz/display.rviz
[0.503s] -- Up-to-date: /home/solomon/atlasr1_ws/install/atlasr1_description/share/ament_index/resource_index/package_run_dependencies/atlasr1_description
[0.503s] -- Up-to-date: /home/solomon/atlasr1_ws/install/atlasr1_description/share/ament_index/resource_index/parent_prefix_path/atlasr1_description
[0.503s] -- Up-to-date: /home/solomon/atlasr1_ws/install/atlasr1_description/share/atlasr1_description/environment/ament_prefix_path.sh
[0.504s] -- Up-to-date: /home/solomon/atlasr1_ws/install/atlasr1_description/share/atlasr1_description/environment/ament_prefix_path.dsv
[0.504s] -- Up-to-date: /home/solomon/atlasr1_ws/install/atlasr1_description/share/atlasr1_description/environment/path.sh
[0.504s] -- Up-to-date: /home/solomon/atlasr1_ws/install/atlasr1_description/share/atlasr1_description/environment/path.dsv
[0.504s] -- Up-to-date: /home/solomon/atlasr1_ws/install/atlasr1_description/share/atlasr1_description/local_setup.bash
[0.504s] -- Up-to-date: /home/solomon/atlasr1_ws/install/atlasr1_description/share/atlasr1_description/local_setup.sh
[0.504s] -- Up-to-date: /home/solomon/atlasr1_ws/install/atlasr1_description/share/atlasr1_description/local_setup.zsh
[0.504s] -- Up-to-date: /home/solomon/atlasr1_ws/install/atlasr1_description/share/atlasr1_description/local_setup.dsv
[0.504s] -- Installing: /home/solomon/atlasr1_ws/install/atlasr1_description/share/atlasr1_description/package.dsv
[0.504s] -- Up-to-date: /home/solomon/atlasr1_ws/install/atlasr1_description/share/ament_index/resource_index/packages/atlasr1_description
[0.504s] -- Up-to-date: /home/solomon/atlasr1_ws/install/atlasr1_description/share/atlasr1_description/cmake/atlasr1_descriptionConfig.cmake
[0.504s] -- Up-to-date: /home/solomon/atlasr1_ws/install/atlasr1_description/share/atlasr1_description/cmake/atlasr1_descriptionConfig-version.cmake
[0.505s] -- Up-to-date: /home/solomon/atlasr1_ws/install/atlasr1_description/share/atlasr1_description/package.xml
[0.506s] Invoked command in '/home/solomon/atlasr1_ws/build/atlasr1_description' returned '0': CMAKE_PREFIX_PATH=${CMAKE_PREFIX_PATH}:/opt/ros/jazzy DEBUGINFOD_URLS=https://debuginfod.ubuntu.com /usr/bin/cmake --install /home/solomon/atlasr1_ws/build/atlasr1_description
