[0.016s] Invoking command in '/home/solomon/atlasr1_ws/build/atlasr1_description': CMAKE_PREFIX_PATH=${CMAKE_PREFIX_PATH}:/opt/ros/jazzy DEBUGINFOD_URLS=https://debuginfod.ubuntu.com /usr/bin/cmake --build /home/solomon/atlasr1_ws/build/atlasr1_description -- -j16 -l16
[0.093s] Invoked command in '/home/solomon/atlasr1_ws/build/atlasr1_description' returned '0': CMAKE_PREFIX_PATH=${CMAKE_PREFIX_PATH}:/opt/ros/jazzy DEBUGINFOD_URLS=https://debuginfod.ubuntu.com /usr/bin/cmake --build /home/solomon/atlasr1_ws/build/atlasr1_description -- -j16 -l16
[0.106s] Invoking command in '/home/solomon/atlasr1_ws/build/atlasr1_description': CMAKE_PREFIX_PATH=${CMAKE_PREFIX_PATH}:/opt/ros/jazzy DEBUGINFOD_URLS=https://debuginfod.ubuntu.com /usr/bin/cmake --install /home/solomon/atlasr1_ws/build/atlasr1_description
[0.118s] -- Install configuration: ""
[0.119s] -- Up-to-date: /home/solomon/atlasr1_ws/install/atlasr1_description/share/atlasr1_description/meshes
[0.119s] -- Installing: /home/solomon/atlasr1_ws/install/atlasr1_description/share/atlasr1_description/meshes/base_link.stl
[0.119s] -- Installing: /home/solomon/atlasr1_ws/install/atlasr1_description/share/atlasr1_description/meshes/wheel_2.stl
[0.120s] -- Installing: /home/solomon/atlasr1_ws/install/atlasr1_description/share/atlasr1_description/meshes/lidar.stl
[0.135s] -- Installing: /home/solomon/atlasr1_ws/install/atlasr1_description/share/atlasr1_description/meshes/wheel_3.stl
[0.135s] -- Installing: /home/solomon/atlasr1_ws/install/atlasr1_description/share/atlasr1_description/meshes/wheel_1.stl
[0.136s] -- Up-to-date: /home/solomon/atlasr1_ws/install/atlasr1_description/share/atlasr1_description/urdf
[0.136s] -- Up-to-date: /home/solomon/atlasr1_ws/install/atlasr1_description/share/atlasr1_description/urdf/atlasr1_gazebo.xacro
[0.136s] -- Installing: /home/solomon/atlasr1_ws/install/atlasr1_description/share/atlasr1_description/urdf/atlasr4.urdf.xacro
[0.136s] -- Up-to-date: /home/solomon/atlasr1_ws/install/atlasr1_description/share/atlasr1_description/urdf/atlasr1.urdf.xacro
[0.137s] -- Installing: /home/solomon/atlasr1_ws/install/atlasr1_description/share/atlasr1_description/urdf/atlasr3.urdf.xacro
[0.137s] -- Up-to-date: /home/solomon/atlasr1_ws/install/atlasr1_description/share/atlasr1_description/launch
[0.137s] -- Installing: /home/solomon/atlasr1_ws/install/atlasr1_description/share/atlasr1_description/launch/display.launch.py
[0.137s] -- Up-to-date: /home/solomon/atlasr1_ws/install/atlasr1_description/share/atlasr1_description/launch/gazebo.launch.py
[0.137s] -- Up-to-date: /home/solomon/atlasr1_ws/install/atlasr1_description/share/atlasr1_description/rviz
[0.137s] -- Up-to-date: /home/solomon/atlasr1_ws/install/atlasr1_description/share/atlasr1_description/rviz/display.rviz
[0.137s] -- Up-to-date: /home/solomon/atlasr1_ws/install/atlasr1_description/share/ament_index/resource_index/package_run_dependencies/atlasr1_description
[0.138s] -- Up-to-date: /home/solomon/atlasr1_ws/install/atlasr1_description/share/ament_index/resource_index/parent_prefix_path/atlasr1_description
[0.138s] -- Up-to-date: /home/solomon/atlasr1_ws/install/atlasr1_description/share/atlasr1_description/environment/ament_prefix_path.sh
[0.138s] -- Up-to-date: /home/solomon/atlasr1_ws/install/atlasr1_description/share/atlasr1_description/environment/ament_prefix_path.dsv
[0.138s] -- Up-to-date: /home/solomon/atlasr1_ws/install/atlasr1_description/share/atlasr1_description/environment/path.sh
[0.138s] -- Up-to-date: /home/solomon/atlasr1_ws/install/atlasr1_description/share/atlasr1_description/environment/path.dsv
[0.138s] -- Up-to-date: /home/solomon/atlasr1_ws/install/atlasr1_description/share/atlasr1_description/local_setup.bash
[0.138s] -- Up-to-date: /home/solomon/atlasr1_ws/install/atlasr1_description/share/atlasr1_description/local_setup.sh
[0.138s] -- Up-to-date: /home/solomon/atlasr1_ws/install/atlasr1_description/share/atlasr1_description/local_setup.zsh
[0.138s] -- Up-to-date: /home/solomon/atlasr1_ws/install/atlasr1_description/share/atlasr1_description/local_setup.dsv
[0.138s] -- Installing: /home/solomon/atlasr1_ws/install/atlasr1_description/share/atlasr1_description/package.dsv
[0.139s] -- Up-to-date: /home/solomon/atlasr1_ws/install/atlasr1_description/share/ament_index/resource_index/packages/atlasr1_description
[0.139s] -- Up-to-date: /home/solomon/atlasr1_ws/install/atlasr1_description/share/atlasr1_description/cmake/atlasr1_descriptionConfig.cmake
[0.139s] -- Up-to-date: /home/solomon/atlasr1_ws/install/atlasr1_description/share/atlasr1_description/cmake/atlasr1_descriptionConfig-version.cmake
[0.139s] -- Up-to-date: /home/solomon/atlasr1_ws/install/atlasr1_description/share/atlasr1_description/package.xml
[0.142s] Invoked command in '/home/solomon/atlasr1_ws/build/atlasr1_description' returned '0': CMAKE_PREFIX_PATH=${CMAKE_PREFIX_PATH}:/opt/ros/jazzy DEBUGINFOD_URLS=https://debuginfod.ubuntu.com /usr/bin/cmake --install /home/solomon/atlasr1_ws/build/atlasr1_description
