[0.182s] DEBUG:colcon:Command line arguments: ['/usr/bin/colcon', 'build']
[0.182s] DEBUG:colcon:Parsed command line arguments: Namespace(log_base=None, log_level=None, verb_name='build', build_base='build', install_base='install', merge_install=False, symlink_install=False, test_result_base=None, continue_on_error=False, executor='parallel', parallel_workers=16, event_handlers=None, ignore_user_meta=False, metas=['./colcon.meta'], base_paths=['.'], packages_ignore=None, packages_ignore_regex=None, paths=None, packages_up_to=None, packages_up_to_regex=None, packages_above=None, packages_above_and_dependencies=None, packages_above_depth=None, packages_select_by_dep=None, packages_skip_by_dep=None, packages_skip_up_to=None, packages_select_build_failed=False, packages_skip_build_finished=False, packages_select_test_failures=False, packages_skip_test_passed=False, packages_select=None, packages_skip=None, packages_select_regex=None, packages_skip_regex=None, packages_start=None, packages_end=None, allow_overriding=[], cmake_args=None, cmake_target=None, cmake_target_skip_unavailable=False, cmake_clean_cache=False, cmake_clean_first=False, cmake_force_configure=False, ament_cmake_args=None, catkin_cmake_args=None, catkin_skip_building_tests=False, mixin_files=None, mixin=None, verb_parser=<colcon_mixin.mixin.mixin_argument.MixinArgumentDecorator object at 0x728eed2a1370>, verb_extension=<colcon_core.verb.build.BuildVerb object at 0x728eed3b1df0>, main=<bound method BuildVerb.main of <colcon_core.verb.build.BuildVerb object at 0x728eed3b1df0>>, mixin_verb=('build',))
[0.258s] Level 1:colcon.colcon_core.package_discovery:discover_packages(colcon_meta) check parameters
[0.259s] Level 1:colcon.colcon_core.package_discovery:discover_packages(recursive) check parameters
[0.259s] Level 1:colcon.colcon_core.package_discovery:discover_packages(ignore) check parameters
[0.259s] Level 1:colcon.colcon_core.package_discovery:discover_packages(path) check parameters
[0.259s] Level 1:colcon.colcon_core.package_discovery:discover_packages(colcon_meta) discover
[0.259s] Level 1:colcon.colcon_core.package_discovery:discover_packages(recursive) discover
[0.259s] INFO:colcon.colcon_core.package_discovery:Crawling recursively for packages in '/home/solomon/atlasr1_ws'
[0.259s] Level 1:colcon.colcon_core.package_identification:_identify(.) by extensions ['ignore', 'ignore_ament_install']
[0.259s] Level 1:colcon.colcon_core.package_identification:_identify(.) by extension 'ignore'
[0.259s] Level 1:colcon.colcon_core.package_identification:_identify(.) by extension 'ignore_ament_install'
[0.259s] Level 1:colcon.colcon_core.package_identification:_identify(.) by extensions ['colcon_pkg']
[0.259s] Level 1:colcon.colcon_core.package_identification:_identify(.) by extension 'colcon_pkg'
[0.259s] Level 1:colcon.colcon_core.package_identification:_identify(.) by extensions ['colcon_meta']
[0.259s] Level 1:colcon.colcon_core.package_identification:_identify(.) by extension 'colcon_meta'
[0.260s] Level 1:colcon.colcon_core.package_identification:_identify(.) by extensions ['ros']
[0.260s] Level 1:colcon.colcon_core.package_identification:_identify(.) by extension 'ros'
[0.306s] Level 1:colcon.colcon_core.package_identification:_identify(.) by extensions ['cmake', 'python']
[0.306s] Level 1:colcon.colcon_core.package_identification:_identify(.) by extension 'cmake'
[0.306s] Level 1:colcon.colcon_core.package_identification:_identify(.) by extension 'python'
[0.306s] Level 1:colcon.colcon_core.package_identification:_identify(.) by extensions ['python_setup_py']
[0.306s] Level 1:colcon.colcon_core.package_identification:_identify(.) by extension 'python_setup_py'
[0.307s] Level 1:colcon.colcon_core.package_identification:_identify(build) by extensions ['ignore', 'ignore_ament_install']
[0.307s] Level 1:colcon.colcon_core.package_identification:_identify(build) by extension 'ignore'
[0.307s] Level 1:colcon.colcon_core.package_identification:_identify(build) ignored
[0.307s] Level 1:colcon.colcon_core.package_identification:_identify(install) by extensions ['ignore', 'ignore_ament_install']
[0.307s] Level 1:colcon.colcon_core.package_identification:_identify(install) by extension 'ignore'
[0.307s] Level 1:colcon.colcon_core.package_identification:_identify(install) ignored
[0.307s] Level 1:colcon.colcon_core.package_identification:_identify(log) by extensions ['ignore', 'ignore_ament_install']
[0.307s] Level 1:colcon.colcon_core.package_identification:_identify(log) by extension 'ignore'
[0.307s] Level 1:colcon.colcon_core.package_identification:_identify(log) ignored
[0.308s] Level 1:colcon.colcon_core.package_identification:_identify(src) by extensions ['ignore', 'ignore_ament_install']
[0.308s] Level 1:colcon.colcon_core.package_identification:_identify(src) by extension 'ignore'
[0.308s] Level 1:colcon.colcon_core.package_identification:_identify(src) by extension 'ignore_ament_install'
[0.308s] Level 1:colcon.colcon_core.package_identification:_identify(src) by extensions ['colcon_pkg']
[0.308s] Level 1:colcon.colcon_core.package_identification:_identify(src) by extension 'colcon_pkg'
[0.308s] Level 1:colcon.colcon_core.package_identification:_identify(src) by extensions ['colcon_meta']
[0.308s] Level 1:colcon.colcon_core.package_identification:_identify(src) by extension 'colcon_meta'
[0.308s] Level 1:colcon.colcon_core.package_identification:_identify(src) by extensions ['ros']
[0.308s] Level 1:colcon.colcon_core.package_identification:_identify(src) by extension 'ros'
[0.308s] Level 1:colcon.colcon_core.package_identification:_identify(src) by extensions ['cmake', 'python']
[0.308s] Level 1:colcon.colcon_core.package_identification:_identify(src) by extension 'cmake'
[0.308s] Level 1:colcon.colcon_core.package_identification:_identify(src) by extension 'python'
[0.308s] Level 1:colcon.colcon_core.package_identification:_identify(src) by extensions ['python_setup_py']
[0.308s] Level 1:colcon.colcon_core.package_identification:_identify(src) by extension 'python_setup_py'
[0.308s] Level 1:colcon.colcon_core.package_identification:_identify(src/atlasr1_controller) by extensions ['ignore', 'ignore_ament_install']
[0.308s] Level 1:colcon.colcon_core.package_identification:_identify(src/atlasr1_controller) by extension 'ignore'
[0.308s] Level 1:colcon.colcon_core.package_identification:_identify(src/atlasr1_controller) by extension 'ignore_ament_install'
[0.309s] Level 1:colcon.colcon_core.package_identification:_identify(src/atlasr1_controller) by extensions ['colcon_pkg']
[0.309s] Level 1:colcon.colcon_core.package_identification:_identify(src/atlasr1_controller) by extension 'colcon_pkg'
[0.309s] Level 1:colcon.colcon_core.package_identification:_identify(src/atlasr1_controller) by extensions ['colcon_meta']
[0.309s] Level 1:colcon.colcon_core.package_identification:_identify(src/atlasr1_controller) by extension 'colcon_meta'
[0.309s] Level 1:colcon.colcon_core.package_identification:_identify(src/atlasr1_controller) by extensions ['ros']
[0.309s] Level 1:colcon.colcon_core.package_identification:_identify(src/atlasr1_controller) by extension 'ros'
[0.314s] DEBUG:colcon.colcon_core.package_identification:Package 'src/atlasr1_controller' with type 'ros.ament_cmake' and name 'atlasr1_controller'
[0.314s] Level 1:colcon.colcon_core.package_identification:_identify(src/atlasr1_description) by extensions ['ignore', 'ignore_ament_install']
[0.314s] Level 1:colcon.colcon_core.package_identification:_identify(src/atlasr1_description) by extension 'ignore'
[0.315s] Level 1:colcon.colcon_core.package_identification:_identify(src/atlasr1_description) by extension 'ignore_ament_install'
[0.315s] Level 1:colcon.colcon_core.package_identification:_identify(src/atlasr1_description) by extensions ['colcon_pkg']
[0.315s] Level 1:colcon.colcon_core.package_identification:_identify(src/atlasr1_description) by extension 'colcon_pkg'
[0.315s] Level 1:colcon.colcon_core.package_identification:_identify(src/atlasr1_description) by extensions ['colcon_meta']
[0.315s] Level 1:colcon.colcon_core.package_identification:_identify(src/atlasr1_description) by extension 'colcon_meta'
[0.315s] Level 1:colcon.colcon_core.package_identification:_identify(src/atlasr1_description) by extensions ['ros']
[0.315s] Level 1:colcon.colcon_core.package_identification:_identify(src/atlasr1_description) by extension 'ros'
[0.321s] DEBUG:colcon.colcon_core.package_identification:Package 'src/atlasr1_description' with type 'ros.ament_cmake' and name 'atlasr1_description'
[0.321s] Level 1:colcon.colcon_core.package_discovery:discover_packages(recursive) using defaults
[0.321s] Level 1:colcon.colcon_core.package_discovery:discover_packages(ignore) discover
[0.321s] Level 1:colcon.colcon_core.package_discovery:discover_packages(ignore) using defaults
[0.321s] Level 1:colcon.colcon_core.package_discovery:discover_packages(path) discover
[0.321s] Level 1:colcon.colcon_core.package_discovery:discover_packages(path) using defaults
[0.356s] Level 1:colcon.colcon_core.package_discovery:discover_packages(prefix_path) check parameters
[0.356s] Level 1:colcon.colcon_core.package_discovery:discover_packages(prefix_path) discover
[0.362s] DEBUG:colcon.colcon_installed_package_information.package_discovery:Found 2 installed packages in /home/solomon/atlasr1_ws/install
[0.364s] DEBUG:colcon.colcon_installed_package_information.package_discovery:Found 382 installed packages in /opt/ros/jazzy
[0.368s] Level 1:colcon.colcon_core.package_discovery:discover_packages(prefix_path) using defaults
[0.456s] Level 5:colcon.colcon_core.verb:set package 'atlasr1_controller' build argument 'cmake_args' from command line to 'None'
[0.456s] Level 5:colcon.colcon_core.verb:set package 'atlasr1_controller' build argument 'cmake_target' from command line to 'None'
[0.456s] Level 5:colcon.colcon_core.verb:set package 'atlasr1_controller' build argument 'cmake_target_skip_unavailable' from command line to 'False'
[0.456s] Level 5:colcon.colcon_core.verb:set package 'atlasr1_controller' build argument 'cmake_clean_cache' from command line to 'False'
[0.456s] Level 5:colcon.colcon_core.verb:set package 'atlasr1_controller' build argument 'cmake_clean_first' from command line to 'False'
[0.456s] Level 5:colcon.colcon_core.verb:set package 'atlasr1_controller' build argument 'cmake_force_configure' from command line to 'False'
[0.456s] Level 5:colcon.colcon_core.verb:set package 'atlasr1_controller' build argument 'ament_cmake_args' from command line to 'None'
[0.456s] Level 5:colcon.colcon_core.verb:set package 'atlasr1_controller' build argument 'catkin_cmake_args' from command line to 'None'
[0.456s] Level 5:colcon.colcon_core.verb:set package 'atlasr1_controller' build argument 'catkin_skip_building_tests' from command line to 'False'
[0.457s] DEBUG:colcon.colcon_core.verb:Building package 'atlasr1_controller' with the following arguments: {'ament_cmake_args': None, 'build_base': '/home/solomon/atlasr1_ws/build/atlasr1_controller', 'catkin_cmake_args': None, 'catkin_skip_building_tests': False, 'cmake_args': None, 'cmake_clean_cache': False, 'cmake_clean_first': False, 'cmake_force_configure': False, 'cmake_target': None, 'cmake_target_skip_unavailable': False, 'install_base': '/home/solomon/atlasr1_ws/install/atlasr1_controller', 'merge_install': False, 'path': '/home/solomon/atlasr1_ws/src/atlasr1_controller', 'symlink_install': False, 'test_result_base': None}
[0.457s] Level 5:colcon.colcon_core.verb:set package 'atlasr1_description' build argument 'cmake_args' from command line to 'None'
[0.457s] Level 5:colcon.colcon_core.verb:set package 'atlasr1_description' build argument 'cmake_target' from command line to 'None'
[0.457s] Level 5:colcon.colcon_core.verb:set package 'atlasr1_description' build argument 'cmake_target_skip_unavailable' from command line to 'False'
[0.457s] Level 5:colcon.colcon_core.verb:set package 'atlasr1_description' build argument 'cmake_clean_cache' from command line to 'False'
[0.457s] Level 5:colcon.colcon_core.verb:set package 'atlasr1_description' build argument 'cmake_clean_first' from command line to 'False'
[0.457s] Level 5:colcon.colcon_core.verb:set package 'atlasr1_description' build argument 'cmake_force_configure' from command line to 'False'
[0.457s] Level 5:colcon.colcon_core.verb:set package 'atlasr1_description' build argument 'ament_cmake_args' from command line to 'None'
[0.457s] Level 5:colcon.colcon_core.verb:set package 'atlasr1_description' build argument 'catkin_cmake_args' from command line to 'None'
[0.457s] Level 5:colcon.colcon_core.verb:set package 'atlasr1_description' build argument 'catkin_skip_building_tests' from command line to 'False'
[0.457s] DEBUG:colcon.colcon_core.verb:Building package 'atlasr1_description' with the following arguments: {'ament_cmake_args': None, 'build_base': '/home/solomon/atlasr1_ws/build/atlasr1_description', 'catkin_cmake_args': None, 'catkin_skip_building_tests': False, 'cmake_args': None, 'cmake_clean_cache': False, 'cmake_clean_first': False, 'cmake_force_configure': False, 'cmake_target': None, 'cmake_target_skip_unavailable': False, 'install_base': '/home/solomon/atlasr1_ws/install/atlasr1_description', 'merge_install': False, 'path': '/home/solomon/atlasr1_ws/src/atlasr1_description', 'symlink_install': False, 'test_result_base': None}
[0.457s] INFO:colcon.colcon_core.executor:Executing jobs using 'parallel' executor
[0.459s] DEBUG:colcon.colcon_parallel_executor.executor.parallel:run_until_complete
[0.460s] INFO:colcon.colcon_ros.task.ament_cmake.build:Building ROS package in '/home/solomon/atlasr1_ws/src/atlasr1_controller' with build type 'ament_cmake'
[0.460s] INFO:colcon.colcon_cmake.task.cmake.build:Building CMake package in '/home/solomon/atlasr1_ws/src/atlasr1_controller'
[0.465s] INFO:colcon.colcon_core.plugin_system:Skipping extension 'colcon_core.shell.bat': Not used on non-Windows systems
[0.466s] INFO:colcon.colcon_core.shell:Skip shell extension 'powershell' for command environment: Not usable outside of PowerShell
[0.466s] DEBUG:colcon.colcon_core.shell:Skip shell extension 'dsv' for command environment
[0.474s] INFO:colcon.colcon_ros.task.ament_cmake.build:Building ROS package in '/home/solomon/atlasr1_ws/src/atlasr1_description' with build type 'ament_cmake'
[0.475s] INFO:colcon.colcon_cmake.task.cmake.build:Building CMake package in '/home/solomon/atlasr1_ws/src/atlasr1_description'
[0.475s] INFO:colcon.colcon_core.shell:Skip shell extension 'powershell' for command environment: Not usable outside of PowerShell
[0.475s] DEBUG:colcon.colcon_core.shell:Skip shell extension 'dsv' for command environment
[0.489s] DEBUG:colcon.colcon_core.event_handler.log_command:Invoking command in '/home/solomon/atlasr1_ws/build/atlasr1_controller': CMAKE_PREFIX_PATH=${CMAKE_PREFIX_PATH}:/opt/ros/jazzy DEBUGINFOD_URLS=https://debuginfod.ubuntu.com /usr/bin/cmake --build /home/solomon/atlasr1_ws/build/atlasr1_controller -- -j16 -l16
[0.499s] DEBUG:colcon.colcon_core.event_handler.log_command:Invoking command in '/home/solomon/atlasr1_ws/build/atlasr1_description': CMAKE_PREFIX_PATH=${CMAKE_PREFIX_PATH}:/opt/ros/jazzy DEBUGINFOD_URLS=https://debuginfod.ubuntu.com /usr/bin/cmake --build /home/solomon/atlasr1_ws/build/atlasr1_description -- -j16 -l16
[0.597s] DEBUG:colcon.colcon_core.event_handler.log_command:Invoked command in '/home/solomon/atlasr1_ws/build/atlasr1_description' returned '0': CMAKE_PREFIX_PATH=${CMAKE_PREFIX_PATH}:/opt/ros/jazzy DEBUGINFOD_URLS=https://debuginfod.ubuntu.com /usr/bin/cmake --build /home/solomon/atlasr1_ws/build/atlasr1_description -- -j16 -l16
[0.621s] DEBUG:colcon.colcon_core.event_handler.log_command:Invoking command in '/home/solomon/atlasr1_ws/build/atlasr1_description': CMAKE_PREFIX_PATH=${CMAKE_PREFIX_PATH}:/opt/ros/jazzy DEBUGINFOD_URLS=https://debuginfod.ubuntu.com /usr/bin/cmake --install /home/solomon/atlasr1_ws/build/atlasr1_description
[0.646s] Level 1:colcon.colcon_core.environment:create_environment_scripts_only(atlasr1_description)
[0.647s] DEBUG:colcon.colcon_core.event_handler.log_command:Invoked command in '/home/solomon/atlasr1_ws/build/atlasr1_description' returned '0': CMAKE_PREFIX_PATH=${CMAKE_PREFIX_PATH}:/opt/ros/jazzy DEBUGINFOD_URLS=https://debuginfod.ubuntu.com /usr/bin/cmake --install /home/solomon/atlasr1_ws/build/atlasr1_description
[0.653s] Level 1:colcon.colcon_core.environment:checking '/home/solomon/atlasr1_ws/install/atlasr1_description' for CMake module files
[0.654s] Level 1:colcon.colcon_core.environment:checking '/home/solomon/atlasr1_ws/install/atlasr1_description' for CMake config files
[0.655s] Level 1:colcon.colcon_core.shell:create_environment_hook('atlasr1_description', 'cmake_prefix_path')
[0.655s] INFO:colcon.colcon_core.shell:Creating environment hook '/home/solomon/atlasr1_ws/install/atlasr1_description/share/atlasr1_description/hook/cmake_prefix_path.ps1'
[0.656s] INFO:colcon.colcon_core.shell:Creating environment descriptor '/home/solomon/atlasr1_ws/install/atlasr1_description/share/atlasr1_description/hook/cmake_prefix_path.dsv'
[0.657s] INFO:colcon.colcon_core.shell:Creating environment hook '/home/solomon/atlasr1_ws/install/atlasr1_description/share/atlasr1_description/hook/cmake_prefix_path.sh'
[0.660s] Level 1:colcon.colcon_core.environment:checking '/home/solomon/atlasr1_ws/install/atlasr1_description/bin'
[0.660s] Level 1:colcon.colcon_core.environment:checking '/home/solomon/atlasr1_ws/install/atlasr1_description/lib/pkgconfig/atlasr1_description.pc'
[0.660s] Level 1:colcon.colcon_core.environment:checking '/home/solomon/atlasr1_ws/install/atlasr1_description/lib/python3.12/site-packages'
[0.661s] Level 1:colcon.colcon_core.environment:checking '/home/solomon/atlasr1_ws/install/atlasr1_description/bin'
[0.661s] INFO:colcon.colcon_core.shell:Creating package script '/home/solomon/atlasr1_ws/install/atlasr1_description/share/atlasr1_description/package.ps1'
[0.664s] INFO:colcon.colcon_core.shell:Creating package descriptor '/home/solomon/atlasr1_ws/install/atlasr1_description/share/atlasr1_description/package.dsv'
[0.666s] INFO:colcon.colcon_core.shell:Creating package script '/home/solomon/atlasr1_ws/install/atlasr1_description/share/atlasr1_description/package.sh'
[0.667s] INFO:colcon.colcon_core.shell:Creating package script '/home/solomon/atlasr1_ws/install/atlasr1_description/share/atlasr1_description/package.bash'
[0.668s] INFO:colcon.colcon_core.shell:Creating package script '/home/solomon/atlasr1_ws/install/atlasr1_description/share/atlasr1_description/package.zsh'
[0.669s] Level 1:colcon.colcon_core.environment:create_file_with_runtime_dependencies(/home/solomon/atlasr1_ws/install/atlasr1_description/share/colcon-core/packages/atlasr1_description)
[0.671s] Level 1:colcon.colcon_core.environment:create_environment_scripts_only(atlasr1_description)
[0.671s] Level 1:colcon.colcon_core.environment:checking '/home/solomon/atlasr1_ws/install/atlasr1_description' for CMake module files
[0.672s] Level 1:colcon.colcon_core.environment:checking '/home/solomon/atlasr1_ws/install/atlasr1_description' for CMake config files
[0.673s] Level 1:colcon.colcon_core.shell:create_environment_hook('atlasr1_description', 'cmake_prefix_path')
[0.673s] INFO:colcon.colcon_core.shell:Creating environment hook '/home/solomon/atlasr1_ws/install/atlasr1_description/share/atlasr1_description/hook/cmake_prefix_path.ps1'
[0.674s] INFO:colcon.colcon_core.shell:Creating environment descriptor '/home/solomon/atlasr1_ws/install/atlasr1_description/share/atlasr1_description/hook/cmake_prefix_path.dsv'
[0.674s] INFO:colcon.colcon_core.shell:Creating environment hook '/home/solomon/atlasr1_ws/install/atlasr1_description/share/atlasr1_description/hook/cmake_prefix_path.sh'
[0.675s] Level 1:colcon.colcon_core.environment:checking '/home/solomon/atlasr1_ws/install/atlasr1_description/bin'
[0.675s] Level 1:colcon.colcon_core.environment:checking '/home/solomon/atlasr1_ws/install/atlasr1_description/lib/pkgconfig/atlasr1_description.pc'
[0.676s] Level 1:colcon.colcon_core.environment:checking '/home/solomon/atlasr1_ws/install/atlasr1_description/lib/python3.12/site-packages'
[0.676s] Level 1:colcon.colcon_core.environment:checking '/home/solomon/atlasr1_ws/install/atlasr1_description/bin'
[0.677s] INFO:colcon.colcon_core.shell:Creating package script '/home/solomon/atlasr1_ws/install/atlasr1_description/share/atlasr1_description/package.ps1'
[0.678s] INFO:colcon.colcon_core.shell:Creating package descriptor '/home/solomon/atlasr1_ws/install/atlasr1_description/share/atlasr1_description/package.dsv'
[0.678s] INFO:colcon.colcon_core.shell:Creating package script '/home/solomon/atlasr1_ws/install/atlasr1_description/share/atlasr1_description/package.sh'
[0.679s] INFO:colcon.colcon_core.shell:Creating package script '/home/solomon/atlasr1_ws/install/atlasr1_description/share/atlasr1_description/package.bash'
[0.679s] INFO:colcon.colcon_core.shell:Creating package script '/home/solomon/atlasr1_ws/install/atlasr1_description/share/atlasr1_description/package.zsh'
[0.679s] Level 1:colcon.colcon_core.environment:create_file_with_runtime_dependencies(/home/solomon/atlasr1_ws/install/atlasr1_description/share/colcon-core/packages/atlasr1_description)
[1.285s] DEBUG:colcon.colcon_core.event_handler.log_command:Invoked command in '/home/solomon/atlasr1_ws/build/atlasr1_controller' returned '0': CMAKE_PREFIX_PATH=${CMAKE_PREFIX_PATH}:/opt/ros/jazzy DEBUGINFOD_URLS=https://debuginfod.ubuntu.com /usr/bin/cmake --build /home/solomon/atlasr1_ws/build/atlasr1_controller -- -j16 -l16
[1.288s] DEBUG:colcon.colcon_core.event_handler.log_command:Invoking command in '/home/solomon/atlasr1_ws/build/atlasr1_controller': CMAKE_PREFIX_PATH=${CMAKE_PREFIX_PATH}:/opt/ros/jazzy DEBUGINFOD_URLS=https://debuginfod.ubuntu.com /usr/bin/cmake --install /home/solomon/atlasr1_ws/build/atlasr1_controller
[1.399s] Level 1:colcon.colcon_core.environment:create_environment_scripts_only(atlasr1_controller)
[1.400s] Level 1:colcon.colcon_core.environment:checking '/home/solomon/atlasr1_ws/install/atlasr1_controller' for CMake module files
[1.401s] DEBUG:colcon.colcon_core.event_handler.log_command:Invoked command in '/home/solomon/atlasr1_ws/build/atlasr1_controller' returned '0': CMAKE_PREFIX_PATH=${CMAKE_PREFIX_PATH}:/opt/ros/jazzy DEBUGINFOD_URLS=https://debuginfod.ubuntu.com /usr/bin/cmake --install /home/solomon/atlasr1_ws/build/atlasr1_controller
[1.401s] Level 1:colcon.colcon_core.environment:checking '/home/solomon/atlasr1_ws/install/atlasr1_controller' for CMake config files
[1.402s] Level 1:colcon.colcon_core.shell:create_environment_hook('atlasr1_controller', 'cmake_prefix_path')
[1.402s] INFO:colcon.colcon_core.shell:Creating environment hook '/home/solomon/atlasr1_ws/install/atlasr1_controller/share/atlasr1_controller/hook/cmake_prefix_path.ps1'
[1.402s] INFO:colcon.colcon_core.shell:Creating environment descriptor '/home/solomon/atlasr1_ws/install/atlasr1_controller/share/atlasr1_controller/hook/cmake_prefix_path.dsv'
[1.403s] INFO:colcon.colcon_core.shell:Creating environment hook '/home/solomon/atlasr1_ws/install/atlasr1_controller/share/atlasr1_controller/hook/cmake_prefix_path.sh'
[1.403s] Level 1:colcon.colcon_core.environment:checking '/home/solomon/atlasr1_ws/install/atlasr1_controller/lib'
[1.404s] Level 1:colcon.colcon_core.environment:checking '/home/solomon/atlasr1_ws/install/atlasr1_controller/bin'
[1.404s] Level 1:colcon.colcon_core.environment:checking '/home/solomon/atlasr1_ws/install/atlasr1_controller/lib/pkgconfig/atlasr1_controller.pc'
[1.404s] Level 1:colcon.colcon_core.environment:checking '/home/solomon/atlasr1_ws/install/atlasr1_controller/lib/python3.12/site-packages'
[1.404s] Level 1:colcon.colcon_core.shell:create_environment_hook('atlasr1_controller', 'pythonpath')
[1.404s] INFO:colcon.colcon_core.shell:Creating environment hook '/home/solomon/atlasr1_ws/install/atlasr1_controller/share/atlasr1_controller/hook/pythonpath.ps1'
[1.405s] INFO:colcon.colcon_core.shell:Creating environment descriptor '/home/solomon/atlasr1_ws/install/atlasr1_controller/share/atlasr1_controller/hook/pythonpath.dsv'
[1.405s] INFO:colcon.colcon_core.shell:Creating environment hook '/home/solomon/atlasr1_ws/install/atlasr1_controller/share/atlasr1_controller/hook/pythonpath.sh'
[1.406s] Level 1:colcon.colcon_core.environment:checking '/home/solomon/atlasr1_ws/install/atlasr1_controller/bin'
[1.406s] INFO:colcon.colcon_core.shell:Creating package script '/home/solomon/atlasr1_ws/install/atlasr1_controller/share/atlasr1_controller/package.ps1'
[1.408s] INFO:colcon.colcon_core.shell:Creating package descriptor '/home/solomon/atlasr1_ws/install/atlasr1_controller/share/atlasr1_controller/package.dsv'
[1.409s] INFO:colcon.colcon_core.shell:Creating package script '/home/solomon/atlasr1_ws/install/atlasr1_controller/share/atlasr1_controller/package.sh'
[1.409s] INFO:colcon.colcon_core.shell:Creating package script '/home/solomon/atlasr1_ws/install/atlasr1_controller/share/atlasr1_controller/package.bash'
[1.410s] INFO:colcon.colcon_core.shell:Creating package script '/home/solomon/atlasr1_ws/install/atlasr1_controller/share/atlasr1_controller/package.zsh'
[1.410s] Level 1:colcon.colcon_core.environment:create_file_with_runtime_dependencies(/home/solomon/atlasr1_ws/install/atlasr1_controller/share/colcon-core/packages/atlasr1_controller)
[1.411s] Level 1:colcon.colcon_core.environment:create_environment_scripts_only(atlasr1_controller)
[1.411s] Level 1:colcon.colcon_core.environment:checking '/home/solomon/atlasr1_ws/install/atlasr1_controller' for CMake module files
[1.412s] Level 1:colcon.colcon_core.environment:checking '/home/solomon/atlasr1_ws/install/atlasr1_controller' for CMake config files
[1.412s] Level 1:colcon.colcon_core.shell:create_environment_hook('atlasr1_controller', 'cmake_prefix_path')
[1.412s] INFO:colcon.colcon_core.shell:Creating environment hook '/home/solomon/atlasr1_ws/install/atlasr1_controller/share/atlasr1_controller/hook/cmake_prefix_path.ps1'
[1.413s] INFO:colcon.colcon_core.shell:Creating environment descriptor '/home/solomon/atlasr1_ws/install/atlasr1_controller/share/atlasr1_controller/hook/cmake_prefix_path.dsv'
[1.413s] INFO:colcon.colcon_core.shell:Creating environment hook '/home/solomon/atlasr1_ws/install/atlasr1_controller/share/atlasr1_controller/hook/cmake_prefix_path.sh'
[1.414s] Level 1:colcon.colcon_core.environment:checking '/home/solomon/atlasr1_ws/install/atlasr1_controller/lib'
[1.415s] Level 1:colcon.colcon_core.environment:checking '/home/solomon/atlasr1_ws/install/atlasr1_controller/bin'
[1.415s] Level 1:colcon.colcon_core.environment:checking '/home/solomon/atlasr1_ws/install/atlasr1_controller/lib/pkgconfig/atlasr1_controller.pc'
[1.415s] Level 1:colcon.colcon_core.environment:checking '/home/solomon/atlasr1_ws/install/atlasr1_controller/lib/python3.12/site-packages'
[1.415s] Level 1:colcon.colcon_core.shell:create_environment_hook('atlasr1_controller', 'pythonpath')
[1.415s] INFO:colcon.colcon_core.shell:Creating environment hook '/home/solomon/atlasr1_ws/install/atlasr1_controller/share/atlasr1_controller/hook/pythonpath.ps1'
[1.416s] INFO:colcon.colcon_core.shell:Creating environment descriptor '/home/solomon/atlasr1_ws/install/atlasr1_controller/share/atlasr1_controller/hook/pythonpath.dsv'
[1.416s] INFO:colcon.colcon_core.shell:Creating environment hook '/home/solomon/atlasr1_ws/install/atlasr1_controller/share/atlasr1_controller/hook/pythonpath.sh'
[1.418s] Level 1:colcon.colcon_core.environment:checking '/home/solomon/atlasr1_ws/install/atlasr1_controller/bin'
[1.418s] INFO:colcon.colcon_core.shell:Creating package script '/home/solomon/atlasr1_ws/install/atlasr1_controller/share/atlasr1_controller/package.ps1'
[1.419s] INFO:colcon.colcon_core.shell:Creating package descriptor '/home/solomon/atlasr1_ws/install/atlasr1_controller/share/atlasr1_controller/package.dsv'
[1.419s] INFO:colcon.colcon_core.shell:Creating package script '/home/solomon/atlasr1_ws/install/atlasr1_controller/share/atlasr1_controller/package.sh'
[1.420s] INFO:colcon.colcon_core.shell:Creating package script '/home/solomon/atlasr1_ws/install/atlasr1_controller/share/atlasr1_controller/package.bash'
[1.421s] INFO:colcon.colcon_core.shell:Creating package script '/home/solomon/atlasr1_ws/install/atlasr1_controller/share/atlasr1_controller/package.zsh'
[1.421s] Level 1:colcon.colcon_core.environment:create_file_with_runtime_dependencies(/home/solomon/atlasr1_ws/install/atlasr1_controller/share/colcon-core/packages/atlasr1_controller)
[1.422s] DEBUG:colcon.colcon_parallel_executor.executor.parallel:closing loop
[1.423s] DEBUG:colcon.colcon_parallel_executor.executor.parallel:loop closed
[1.423s] DEBUG:colcon.colcon_parallel_executor.executor.parallel:run_until_complete finished with '0'
[1.423s] DEBUG:colcon.colcon_core.event_reactor:joining thread
[1.435s] INFO:colcon.colcon_core.plugin_system:Skipping extension 'colcon_notification.desktop_notification.terminal_notifier': Not used on non-Darwin systems
[1.435s] INFO:colcon.colcon_core.plugin_system:Skipping extension 'colcon_notification.desktop_notification.win32': Not used on non-Windows systems
[1.435s] INFO:colcon.colcon_notification.desktop_notification:Sending desktop notification using 'notify2'
[1.474s] DEBUG:colcon.colcon_core.event_reactor:joined thread
[1.474s] INFO:colcon.colcon_core.shell:Creating prefix script '/home/solomon/atlasr1_ws/install/local_setup.ps1'
[1.476s] INFO:colcon.colcon_core.shell:Creating prefix util module '/home/solomon/atlasr1_ws/install/_local_setup_util_ps1.py'
[1.479s] INFO:colcon.colcon_core.shell:Creating prefix chain script '/home/solomon/atlasr1_ws/install/setup.ps1'
[1.481s] INFO:colcon.colcon_core.shell:Creating prefix script '/home/solomon/atlasr1_ws/install/local_setup.sh'
[1.482s] INFO:colcon.colcon_core.shell:Creating prefix util module '/home/solomon/atlasr1_ws/install/_local_setup_util_sh.py'
[1.483s] INFO:colcon.colcon_core.shell:Creating prefix chain script '/home/solomon/atlasr1_ws/install/setup.sh'
[1.485s] INFO:colcon.colcon_core.shell:Creating prefix script '/home/solomon/atlasr1_ws/install/local_setup.bash'
[1.485s] INFO:colcon.colcon_core.shell:Creating prefix chain script '/home/solomon/atlasr1_ws/install/setup.bash'
[1.487s] INFO:colcon.colcon_core.shell:Creating prefix script '/home/solomon/atlasr1_ws/install/local_setup.zsh'
[1.488s] INFO:colcon.colcon_core.shell:Creating prefix chain script '/home/solomon/atlasr1_ws/install/setup.zsh'
