[0.126s] DEBUG:colcon:Command line arguments: ['/usr/bin/colcon', 'build']
[0.126s] DEBUG:colcon:Parsed command line arguments: Namespace(log_base=None, log_level=None, verb_name='build', build_base='build', install_base='install', merge_install=False, symlink_install=False, test_result_base=None, continue_on_error=False, executor='parallel', parallel_workers=16, event_handlers=None, ignore_user_meta=False, metas=['./colcon.meta'], base_paths=['.'], packages_ignore=None, packages_ignore_regex=None, paths=None, packages_up_to=None, packages_up_to_regex=None, packages_above=None, packages_above_and_dependencies=None, packages_above_depth=None, packages_select_by_dep=None, packages_skip_by_dep=None, packages_skip_up_to=None, packages_select_build_failed=False, packages_skip_build_finished=False, packages_select_test_failures=False, packages_skip_test_passed=False, packages_select=None, packages_skip=None, packages_select_regex=None, packages_skip_regex=None, packages_start=None, packages_end=None, allow_overriding=[], cmake_args=None, cmake_target=None, cmake_target_skip_unavailable=False, cmake_clean_cache=False, cmake_clean_first=False, cmake_force_configure=False, ament_cmake_args=None, catkin_cmake_args=None, catkin_skip_building_tests=False, mixin_files=None, mixin=None, verb_parser=<colcon_mixin.mixin.mixin_argument.MixinArgumentDecorator object at 0x7e888f1b1130>, verb_extension=<colcon_core.verb.build.BuildVerb object at 0x7e888f7e5d00>, main=<bound method BuildVerb.main of <colcon_core.verb.build.BuildVerb object at 0x7e888f7e5d00>>, mixin_verb=('build',))
[0.170s] Level 1:colcon.colcon_core.package_discovery:discover_packages(colcon_meta) check parameters
[0.170s] Level 1:colcon.colcon_core.package_discovery:discover_packages(recursive) check parameters
[0.170s] Level 1:colcon.colcon_core.package_discovery:discover_packages(ignore) check parameters
[0.170s] Level 1:colcon.colcon_core.package_discovery:discover_packages(path) check parameters
[0.170s] Level 1:colcon.colcon_core.package_discovery:discover_packages(colcon_meta) discover
[0.170s] Level 1:colcon.colcon_core.package_discovery:discover_packages(recursive) discover
[0.170s] INFO:colcon.colcon_core.package_discovery:Crawling recursively for packages in '/home/solomon/atlasr1_ws'
[0.171s] Level 1:colcon.colcon_core.package_identification:_identify(.) by extensions ['ignore', 'ignore_ament_install']
[0.171s] Level 1:colcon.colcon_core.package_identification:_identify(.) by extension 'ignore'
[0.171s] Level 1:colcon.colcon_core.package_identification:_identify(.) by extension 'ignore_ament_install'
[0.171s] Level 1:colcon.colcon_core.package_identification:_identify(.) by extensions ['colcon_pkg']
[0.171s] Level 1:colcon.colcon_core.package_identification:_identify(.) by extension 'colcon_pkg'
[0.171s] Level 1:colcon.colcon_core.package_identification:_identify(.) by extensions ['colcon_meta']
[0.171s] Level 1:colcon.colcon_core.package_identification:_identify(.) by extension 'colcon_meta'
[0.171s] Level 1:colcon.colcon_core.package_identification:_identify(.) by extensions ['ros']
[0.171s] Level 1:colcon.colcon_core.package_identification:_identify(.) by extension 'ros'
[0.203s] Level 1:colcon.colcon_core.package_identification:_identify(.) by extensions ['cmake', 'python']
[0.203s] Level 1:colcon.colcon_core.package_identification:_identify(.) by extension 'cmake'
[0.203s] Level 1:colcon.colcon_core.package_identification:_identify(.) by extension 'python'
[0.203s] Level 1:colcon.colcon_core.package_identification:_identify(.) by extensions ['python_setup_py']
[0.203s] Level 1:colcon.colcon_core.package_identification:_identify(.) by extension 'python_setup_py'
[0.204s] Level 1:colcon.colcon_core.package_identification:_identify(build) by extensions ['ignore', 'ignore_ament_install']
[0.204s] Level 1:colcon.colcon_core.package_identification:_identify(build) by extension 'ignore'
[0.204s] Level 1:colcon.colcon_core.package_identification:_identify(build) ignored
[0.204s] Level 1:colcon.colcon_core.package_identification:_identify(install) by extensions ['ignore', 'ignore_ament_install']
[0.204s] Level 1:colcon.colcon_core.package_identification:_identify(install) by extension 'ignore'
[0.204s] Level 1:colcon.colcon_core.package_identification:_identify(install) ignored
[0.204s] Level 1:colcon.colcon_core.package_identification:_identify(log) by extensions ['ignore', 'ignore_ament_install']
[0.204s] Level 1:colcon.colcon_core.package_identification:_identify(log) by extension 'ignore'
[0.204s] Level 1:colcon.colcon_core.package_identification:_identify(log) ignored
[0.204s] Level 1:colcon.colcon_core.package_identification:_identify(src) by extensions ['ignore', 'ignore_ament_install']
[0.204s] Level 1:colcon.colcon_core.package_identification:_identify(src) by extension 'ignore'
[0.204s] Level 1:colcon.colcon_core.package_identification:_identify(src) by extension 'ignore_ament_install'
[0.204s] Level 1:colcon.colcon_core.package_identification:_identify(src) by extensions ['colcon_pkg']
[0.204s] Level 1:colcon.colcon_core.package_identification:_identify(src) by extension 'colcon_pkg'
[0.205s] Level 1:colcon.colcon_core.package_identification:_identify(src) by extensions ['colcon_meta']
[0.205s] Level 1:colcon.colcon_core.package_identification:_identify(src) by extension 'colcon_meta'
[0.205s] Level 1:colcon.colcon_core.package_identification:_identify(src) by extensions ['ros']
[0.205s] Level 1:colcon.colcon_core.package_identification:_identify(src) by extension 'ros'
[0.205s] Level 1:colcon.colcon_core.package_identification:_identify(src) by extensions ['cmake', 'python']
[0.205s] Level 1:colcon.colcon_core.package_identification:_identify(src) by extension 'cmake'
[0.205s] Level 1:colcon.colcon_core.package_identification:_identify(src) by extension 'python'
[0.205s] Level 1:colcon.colcon_core.package_identification:_identify(src) by extensions ['python_setup_py']
[0.205s] Level 1:colcon.colcon_core.package_identification:_identify(src) by extension 'python_setup_py'
[0.205s] Level 1:colcon.colcon_core.package_identification:_identify(src/atlasr1_controller) by extensions ['ignore', 'ignore_ament_install']
[0.205s] Level 1:colcon.colcon_core.package_identification:_identify(src/atlasr1_controller) by extension 'ignore'
[0.205s] Level 1:colcon.colcon_core.package_identification:_identify(src/atlasr1_controller) by extension 'ignore_ament_install'
[0.205s] Level 1:colcon.colcon_core.package_identification:_identify(src/atlasr1_controller) by extensions ['colcon_pkg']
[0.205s] Level 1:colcon.colcon_core.package_identification:_identify(src/atlasr1_controller) by extension 'colcon_pkg'
[0.205s] Level 1:colcon.colcon_core.package_identification:_identify(src/atlasr1_controller) by extensions ['colcon_meta']
[0.205s] Level 1:colcon.colcon_core.package_identification:_identify(src/atlasr1_controller) by extension 'colcon_meta'
[0.205s] Level 1:colcon.colcon_core.package_identification:_identify(src/atlasr1_controller) by extensions ['ros']
[0.205s] Level 1:colcon.colcon_core.package_identification:_identify(src/atlasr1_controller) by extension 'ros'
[0.208s] DEBUG:colcon.colcon_core.package_identification:Package 'src/atlasr1_controller' with type 'ros.ament_cmake' and name 'atlasr1_controller'
[0.208s] Level 1:colcon.colcon_core.package_identification:_identify(src/atlasr1_description) by extensions ['ignore', 'ignore_ament_install']
[0.208s] Level 1:colcon.colcon_core.package_identification:_identify(src/atlasr1_description) by extension 'ignore'
[0.208s] Level 1:colcon.colcon_core.package_identification:_identify(src/atlasr1_description) by extension 'ignore_ament_install'
[0.208s] Level 1:colcon.colcon_core.package_identification:_identify(src/atlasr1_description) by extensions ['colcon_pkg']
[0.208s] Level 1:colcon.colcon_core.package_identification:_identify(src/atlasr1_description) by extension 'colcon_pkg'
[0.208s] Level 1:colcon.colcon_core.package_identification:_identify(src/atlasr1_description) by extensions ['colcon_meta']
[0.208s] Level 1:colcon.colcon_core.package_identification:_identify(src/atlasr1_description) by extension 'colcon_meta'
[0.208s] Level 1:colcon.colcon_core.package_identification:_identify(src/atlasr1_description) by extensions ['ros']
[0.208s] Level 1:colcon.colcon_core.package_identification:_identify(src/atlasr1_description) by extension 'ros'
[0.211s] DEBUG:colcon.colcon_core.package_identification:Package 'src/atlasr1_description' with type 'ros.ament_cmake' and name 'atlasr1_description'
[0.211s] Level 1:colcon.colcon_core.package_discovery:discover_packages(recursive) using defaults
[0.211s] Level 1:colcon.colcon_core.package_discovery:discover_packages(ignore) discover
[0.211s] Level 1:colcon.colcon_core.package_discovery:discover_packages(ignore) using defaults
[0.211s] Level 1:colcon.colcon_core.package_discovery:discover_packages(path) discover
[0.211s] Level 1:colcon.colcon_core.package_discovery:discover_packages(path) using defaults
[0.234s] Level 1:colcon.colcon_core.package_discovery:discover_packages(prefix_path) check parameters
[0.234s] Level 1:colcon.colcon_core.package_discovery:discover_packages(prefix_path) discover
[0.237s] DEBUG:colcon.colcon_installed_package_information.package_discovery:Found 382 installed packages in /opt/ros/jazzy
[0.239s] Level 1:colcon.colcon_core.package_discovery:discover_packages(prefix_path) using defaults
[0.289s] Level 5:colcon.colcon_core.verb:set package 'atlasr1_controller' build argument 'cmake_args' from command line to 'None'
[0.289s] Level 5:colcon.colcon_core.verb:set package 'atlasr1_controller' build argument 'cmake_target' from command line to 'None'
[0.289s] Level 5:colcon.colcon_core.verb:set package 'atlasr1_controller' build argument 'cmake_target_skip_unavailable' from command line to 'False'
[0.289s] Level 5:colcon.colcon_core.verb:set package 'atlasr1_controller' build argument 'cmake_clean_cache' from command line to 'False'
[0.289s] Level 5:colcon.colcon_core.verb:set package 'atlasr1_controller' build argument 'cmake_clean_first' from command line to 'False'
[0.289s] Level 5:colcon.colcon_core.verb:set package 'atlasr1_controller' build argument 'cmake_force_configure' from command line to 'False'
[0.289s] Level 5:colcon.colcon_core.verb:set package 'atlasr1_controller' build argument 'ament_cmake_args' from command line to 'None'
[0.289s] Level 5:colcon.colcon_core.verb:set package 'atlasr1_controller' build argument 'catkin_cmake_args' from command line to 'None'
[0.289s] Level 5:colcon.colcon_core.verb:set package 'atlasr1_controller' build argument 'catkin_skip_building_tests' from command line to 'False'
[0.289s] DEBUG:colcon.colcon_core.verb:Building package 'atlasr1_controller' with the following arguments: {'ament_cmake_args': None, 'build_base': '/home/solomon/atlasr1_ws/build/atlasr1_controller', 'catkin_cmake_args': None, 'catkin_skip_building_tests': False, 'cmake_args': None, 'cmake_clean_cache': False, 'cmake_clean_first': False, 'cmake_force_configure': False, 'cmake_target': None, 'cmake_target_skip_unavailable': False, 'install_base': '/home/solomon/atlasr1_ws/install/atlasr1_controller', 'merge_install': False, 'path': '/home/solomon/atlasr1_ws/src/atlasr1_controller', 'symlink_install': False, 'test_result_base': None}
[0.289s] Level 5:colcon.colcon_core.verb:set package 'atlasr1_description' build argument 'cmake_args' from command line to 'None'
[0.290s] Level 5:colcon.colcon_core.verb:set package 'atlasr1_description' build argument 'cmake_target' from command line to 'None'
[0.290s] Level 5:colcon.colcon_core.verb:set package 'atlasr1_description' build argument 'cmake_target_skip_unavailable' from command line to 'False'
[0.290s] Level 5:colcon.colcon_core.verb:set package 'atlasr1_description' build argument 'cmake_clean_cache' from command line to 'False'
[0.290s] Level 5:colcon.colcon_core.verb:set package 'atlasr1_description' build argument 'cmake_clean_first' from command line to 'False'
[0.290s] Level 5:colcon.colcon_core.verb:set package 'atlasr1_description' build argument 'cmake_force_configure' from command line to 'False'
[0.290s] Level 5:colcon.colcon_core.verb:set package 'atlasr1_description' build argument 'ament_cmake_args' from command line to 'None'
[0.290s] Level 5:colcon.colcon_core.verb:set package 'atlasr1_description' build argument 'catkin_cmake_args' from command line to 'None'
[0.290s] Level 5:colcon.colcon_core.verb:set package 'atlasr1_description' build argument 'catkin_skip_building_tests' from command line to 'False'
[0.290s] DEBUG:colcon.colcon_core.verb:Building package 'atlasr1_description' with the following arguments: {'ament_cmake_args': None, 'build_base': '/home/solomon/atlasr1_ws/build/atlasr1_description', 'catkin_cmake_args': None, 'catkin_skip_building_tests': False, 'cmake_args': None, 'cmake_clean_cache': False, 'cmake_clean_first': False, 'cmake_force_configure': False, 'cmake_target': None, 'cmake_target_skip_unavailable': False, 'install_base': '/home/solomon/atlasr1_ws/install/atlasr1_description', 'merge_install': False, 'path': '/home/solomon/atlasr1_ws/src/atlasr1_description', 'symlink_install': False, 'test_result_base': None}
[0.290s] INFO:colcon.colcon_core.executor:Executing jobs using 'parallel' executor
[0.291s] DEBUG:colcon.colcon_parallel_executor.executor.parallel:run_until_complete
[0.291s] INFO:colcon.colcon_ros.task.ament_cmake.build:Building ROS package in '/home/solomon/atlasr1_ws/src/atlasr1_controller' with build type 'ament_cmake'
[0.291s] INFO:colcon.colcon_cmake.task.cmake.build:Building CMake package in '/home/solomon/atlasr1_ws/src/atlasr1_controller'
[0.294s] INFO:colcon.colcon_core.plugin_system:Skipping extension 'colcon_core.shell.bat': Not used on non-Windows systems
[0.295s] INFO:colcon.colcon_core.shell:Skip shell extension 'powershell' for command environment: Not usable outside of PowerShell
[0.295s] DEBUG:colcon.colcon_core.shell:Skip shell extension 'dsv' for command environment
[0.303s] INFO:colcon.colcon_ros.task.ament_cmake.build:Building ROS package in '/home/solomon/atlasr1_ws/src/atlasr1_description' with build type 'ament_cmake'
[0.303s] INFO:colcon.colcon_cmake.task.cmake.build:Building CMake package in '/home/solomon/atlasr1_ws/src/atlasr1_description'
[0.304s] INFO:colcon.colcon_core.shell:Skip shell extension 'powershell' for command environment: Not usable outside of PowerShell
[0.304s] DEBUG:colcon.colcon_core.shell:Skip shell extension 'dsv' for command environment
[0.315s] DEBUG:colcon.colcon_core.event_handler.log_command:Invoking command in '/home/solomon/atlasr1_ws/build/atlasr1_controller': CMAKE_PREFIX_PATH=${CMAKE_PREFIX_PATH}:/opt/ros/jazzy DEBUGINFOD_URLS=https://debuginfod.ubuntu.com /usr/bin/cmake --build /home/solomon/atlasr1_ws/build/atlasr1_controller -- -j16 -l16
[0.320s] DEBUG:colcon.colcon_core.event_handler.log_command:Invoking command in '/home/solomon/atlasr1_ws/build/atlasr1_description': CMAKE_PREFIX_PATH=${CMAKE_PREFIX_PATH}:/opt/ros/jazzy DEBUGINFOD_URLS=https://debuginfod.ubuntu.com /usr/bin/cmake --build /home/solomon/atlasr1_ws/build/atlasr1_description -- -j16 -l16
[0.380s] DEBUG:colcon.colcon_core.event_handler.log_command:Invoked command in '/home/solomon/atlasr1_ws/build/atlasr1_description' returned '0': CMAKE_PREFIX_PATH=${CMAKE_PREFIX_PATH}:/opt/ros/jazzy DEBUGINFOD_URLS=https://debuginfod.ubuntu.com /usr/bin/cmake --build /home/solomon/atlasr1_ws/build/atlasr1_description -- -j16 -l16
[0.402s] DEBUG:colcon.colcon_core.event_handler.log_command:Invoking command in '/home/solomon/atlasr1_ws/build/atlasr1_description': CMAKE_PREFIX_PATH=${CMAKE_PREFIX_PATH}:/opt/ros/jazzy DEBUGINFOD_URLS=https://debuginfod.ubuntu.com /usr/bin/cmake --install /home/solomon/atlasr1_ws/build/atlasr1_description
[0.423s] Level 1:colcon.colcon_core.environment:create_environment_scripts_only(atlasr1_description)
[0.424s] DEBUG:colcon.colcon_core.event_handler.log_command:Invoked command in '/home/solomon/atlasr1_ws/build/atlasr1_description' returned '0': CMAKE_PREFIX_PATH=${CMAKE_PREFIX_PATH}:/opt/ros/jazzy DEBUGINFOD_URLS=https://debuginfod.ubuntu.com /usr/bin/cmake --install /home/solomon/atlasr1_ws/build/atlasr1_description
[0.426s] Level 1:colcon.colcon_core.environment:checking '/home/solomon/atlasr1_ws/install/atlasr1_description' for CMake module files
[0.427s] Level 1:colcon.colcon_core.environment:checking '/home/solomon/atlasr1_ws/install/atlasr1_description' for CMake config files
[0.427s] Level 1:colcon.colcon_core.shell:create_environment_hook('atlasr1_description', 'cmake_prefix_path')
[0.427s] INFO:colcon.colcon_core.shell:Creating environment hook '/home/solomon/atlasr1_ws/install/atlasr1_description/share/atlasr1_description/hook/cmake_prefix_path.ps1'
[0.428s] INFO:colcon.colcon_core.shell:Creating environment descriptor '/home/solomon/atlasr1_ws/install/atlasr1_description/share/atlasr1_description/hook/cmake_prefix_path.dsv'
[0.428s] INFO:colcon.colcon_core.shell:Creating environment hook '/home/solomon/atlasr1_ws/install/atlasr1_description/share/atlasr1_description/hook/cmake_prefix_path.sh'
[0.429s] Level 1:colcon.colcon_core.environment:checking '/home/solomon/atlasr1_ws/install/atlasr1_description/bin'
[0.429s] Level 1:colcon.colcon_core.environment:checking '/home/solomon/atlasr1_ws/install/atlasr1_description/lib/pkgconfig/atlasr1_description.pc'
[0.429s] Level 1:colcon.colcon_core.environment:checking '/home/solomon/atlasr1_ws/install/atlasr1_description/lib/python3.12/site-packages'
[0.430s] Level 1:colcon.colcon_core.environment:checking '/home/solomon/atlasr1_ws/install/atlasr1_description/bin'
[0.430s] INFO:colcon.colcon_core.shell:Creating package script '/home/solomon/atlasr1_ws/install/atlasr1_description/share/atlasr1_description/package.ps1'
[0.431s] INFO:colcon.colcon_core.shell:Creating package descriptor '/home/solomon/atlasr1_ws/install/atlasr1_description/share/atlasr1_description/package.dsv'
[0.431s] INFO:colcon.colcon_core.shell:Creating package script '/home/solomon/atlasr1_ws/install/atlasr1_description/share/atlasr1_description/package.sh'
[0.432s] INFO:colcon.colcon_core.shell:Creating package script '/home/solomon/atlasr1_ws/install/atlasr1_description/share/atlasr1_description/package.bash'
[0.432s] INFO:colcon.colcon_core.shell:Creating package script '/home/solomon/atlasr1_ws/install/atlasr1_description/share/atlasr1_description/package.zsh'
[0.433s] Level 1:colcon.colcon_core.environment:create_file_with_runtime_dependencies(/home/solomon/atlasr1_ws/install/atlasr1_description/share/colcon-core/packages/atlasr1_description)
[0.434s] Level 1:colcon.colcon_core.environment:create_environment_scripts_only(atlasr1_description)
[0.434s] Level 1:colcon.colcon_core.environment:checking '/home/solomon/atlasr1_ws/install/atlasr1_description' for CMake module files
[0.434s] Level 1:colcon.colcon_core.environment:checking '/home/solomon/atlasr1_ws/install/atlasr1_description' for CMake config files
[0.434s] Level 1:colcon.colcon_core.shell:create_environment_hook('atlasr1_description', 'cmake_prefix_path')
[0.435s] INFO:colcon.colcon_core.shell:Creating environment hook '/home/solomon/atlasr1_ws/install/atlasr1_description/share/atlasr1_description/hook/cmake_prefix_path.ps1'
[0.435s] INFO:colcon.colcon_core.shell:Creating environment descriptor '/home/solomon/atlasr1_ws/install/atlasr1_description/share/atlasr1_description/hook/cmake_prefix_path.dsv'
[0.435s] INFO:colcon.colcon_core.shell:Creating environment hook '/home/solomon/atlasr1_ws/install/atlasr1_description/share/atlasr1_description/hook/cmake_prefix_path.sh'
[0.436s] Level 1:colcon.colcon_core.environment:checking '/home/solomon/atlasr1_ws/install/atlasr1_description/bin'
[0.436s] Level 1:colcon.colcon_core.environment:checking '/home/solomon/atlasr1_ws/install/atlasr1_description/lib/pkgconfig/atlasr1_description.pc'
[0.436s] Level 1:colcon.colcon_core.environment:checking '/home/solomon/atlasr1_ws/install/atlasr1_description/lib/python3.12/site-packages'
[0.436s] Level 1:colcon.colcon_core.environment:checking '/home/solomon/atlasr1_ws/install/atlasr1_description/bin'
[0.437s] INFO:colcon.colcon_core.shell:Creating package script '/home/solomon/atlasr1_ws/install/atlasr1_description/share/atlasr1_description/package.ps1'
[0.437s] INFO:colcon.colcon_core.shell:Creating package descriptor '/home/solomon/atlasr1_ws/install/atlasr1_description/share/atlasr1_description/package.dsv'
[0.438s] INFO:colcon.colcon_core.shell:Creating package script '/home/solomon/atlasr1_ws/install/atlasr1_description/share/atlasr1_description/package.sh'
[0.438s] INFO:colcon.colcon_core.shell:Creating package script '/home/solomon/atlasr1_ws/install/atlasr1_description/share/atlasr1_description/package.bash'
[0.439s] INFO:colcon.colcon_core.shell:Creating package script '/home/solomon/atlasr1_ws/install/atlasr1_description/share/atlasr1_description/package.zsh'
[0.439s] Level 1:colcon.colcon_core.environment:create_file_with_runtime_dependencies(/home/solomon/atlasr1_ws/install/atlasr1_description/share/colcon-core/packages/atlasr1_description)
[1.244s] DEBUG:colcon.colcon_core.event_handler.log_command:Invoked command in '/home/solomon/atlasr1_ws/build/atlasr1_controller' returned '2': CMAKE_PREFIX_PATH=${CMAKE_PREFIX_PATH}:/opt/ros/jazzy DEBUGINFOD_URLS=https://debuginfod.ubuntu.com /usr/bin/cmake --build /home/solomon/atlasr1_ws/build/atlasr1_controller -- -j16 -l16
[1.244s] Level 1:colcon.colcon_core.environment:create_environment_scripts_only(atlasr1_controller)
[1.244s] Level 1:colcon.colcon_core.environment:checking '/home/solomon/atlasr1_ws/install/atlasr1_controller' for CMake module files
[1.245s] Level 1:colcon.colcon_core.environment:checking '/home/solomon/atlasr1_ws/install/atlasr1_controller' for CMake config files
[1.245s] Level 1:colcon.colcon_core.shell:create_environment_hook('atlasr1_controller', 'cmake_prefix_path')
[1.245s] INFO:colcon.colcon_core.shell:Creating environment hook '/home/solomon/atlasr1_ws/install/atlasr1_controller/share/atlasr1_controller/hook/cmake_prefix_path.ps1'
[1.246s] INFO:colcon.colcon_core.shell:Creating environment descriptor '/home/solomon/atlasr1_ws/install/atlasr1_controller/share/atlasr1_controller/hook/cmake_prefix_path.dsv'
[1.246s] INFO:colcon.colcon_core.shell:Creating environment hook '/home/solomon/atlasr1_ws/install/atlasr1_controller/share/atlasr1_controller/hook/cmake_prefix_path.sh'
[1.247s] Level 1:colcon.colcon_core.environment:checking '/home/solomon/atlasr1_ws/install/atlasr1_controller/lib'
[1.247s] Level 1:colcon.colcon_core.environment:checking '/home/solomon/atlasr1_ws/install/atlasr1_controller/bin'
[1.247s] Level 1:colcon.colcon_core.environment:checking '/home/solomon/atlasr1_ws/install/atlasr1_controller/lib/pkgconfig/atlasr1_controller.pc'
[1.247s] Level 1:colcon.colcon_core.environment:checking '/home/solomon/atlasr1_ws/install/atlasr1_controller/lib/python3.12/site-packages'
[1.247s] Level 1:colcon.colcon_core.shell:create_environment_hook('atlasr1_controller', 'pythonpath')
[1.248s] INFO:colcon.colcon_core.shell:Creating environment hook '/home/solomon/atlasr1_ws/install/atlasr1_controller/share/atlasr1_controller/hook/pythonpath.ps1'
[1.248s] INFO:colcon.colcon_core.shell:Creating environment descriptor '/home/solomon/atlasr1_ws/install/atlasr1_controller/share/atlasr1_controller/hook/pythonpath.dsv'
[1.248s] INFO:colcon.colcon_core.shell:Creating environment hook '/home/solomon/atlasr1_ws/install/atlasr1_controller/share/atlasr1_controller/hook/pythonpath.sh'
[1.249s] Level 1:colcon.colcon_core.environment:checking '/home/solomon/atlasr1_ws/install/atlasr1_controller/bin'
[1.249s] INFO:colcon.colcon_core.shell:Creating package script '/home/solomon/atlasr1_ws/install/atlasr1_controller/share/atlasr1_controller/package.ps1'
[1.250s] INFO:colcon.colcon_core.shell:Creating package descriptor '/home/solomon/atlasr1_ws/install/atlasr1_controller/share/atlasr1_controller/package.dsv'
[1.251s] INFO:colcon.colcon_core.shell:Creating package script '/home/solomon/atlasr1_ws/install/atlasr1_controller/share/atlasr1_controller/package.sh'
[1.252s] INFO:colcon.colcon_core.shell:Creating package script '/home/solomon/atlasr1_ws/install/atlasr1_controller/share/atlasr1_controller/package.bash'
[1.252s] INFO:colcon.colcon_core.shell:Creating package script '/home/solomon/atlasr1_ws/install/atlasr1_controller/share/atlasr1_controller/package.zsh'
[1.253s] Level 1:colcon.colcon_core.environment:create_file_with_runtime_dependencies(/home/solomon/atlasr1_ws/install/atlasr1_controller/share/colcon-core/packages/atlasr1_controller)
[1.263s] DEBUG:colcon.colcon_parallel_executor.executor.parallel:closing loop
[1.264s] DEBUG:colcon.colcon_parallel_executor.executor.parallel:loop closed
[1.264s] DEBUG:colcon.colcon_parallel_executor.executor.parallel:run_until_complete finished with '2'
[1.265s] DEBUG:colcon.colcon_core.event_reactor:joining thread
[1.275s] INFO:colcon.colcon_core.plugin_system:Skipping extension 'colcon_notification.desktop_notification.terminal_notifier': Not used on non-Darwin systems
[1.275s] INFO:colcon.colcon_core.plugin_system:Skipping extension 'colcon_notification.desktop_notification.win32': Not used on non-Windows systems
[1.275s] INFO:colcon.colcon_notification.desktop_notification:Sending desktop notification using 'notify2'
[1.289s] DEBUG:colcon.colcon_core.event_reactor:joined thread
[1.290s] INFO:colcon.colcon_core.shell:Creating prefix script '/home/solomon/atlasr1_ws/install/local_setup.ps1'
[1.291s] INFO:colcon.colcon_core.shell:Creating prefix util module '/home/solomon/atlasr1_ws/install/_local_setup_util_ps1.py'
[1.292s] INFO:colcon.colcon_core.shell:Creating prefix chain script '/home/solomon/atlasr1_ws/install/setup.ps1'
[1.295s] INFO:colcon.colcon_core.shell:Creating prefix script '/home/solomon/atlasr1_ws/install/local_setup.sh'
[1.295s] INFO:colcon.colcon_core.shell:Creating prefix util module '/home/solomon/atlasr1_ws/install/_local_setup_util_sh.py'
[1.296s] INFO:colcon.colcon_core.shell:Creating prefix chain script '/home/solomon/atlasr1_ws/install/setup.sh'
[1.297s] INFO:colcon.colcon_core.shell:Creating prefix script '/home/solomon/atlasr1_ws/install/local_setup.bash'
[1.297s] INFO:colcon.colcon_core.shell:Creating prefix chain script '/home/solomon/atlasr1_ws/install/setup.bash'
[1.298s] INFO:colcon.colcon_core.shell:Creating prefix script '/home/solomon/atlasr1_ws/install/local_setup.zsh'
[1.298s] INFO:colcon.colcon_core.shell:Creating prefix chain script '/home/solomon/atlasr1_ws/install/setup.zsh'
