[0.015s] Invoking command in '/home/solomon/atlasr1_ws/build/atlasr1_controller': CMAKE_PREFIX_PATH=${CMAKE_PREFIX_PATH}:/opt/ros/jazzy DEBUGINFOD_URLS=https://debuginfod.ubuntu.com /usr/bin/cmake --build /home/solomon/atlasr1_ws/build/atlasr1_controller -- -j16 -l16
[0.062s] -- Found ament_cmake: 2.5.4 (/opt/ros/jazzy/share/ament_cmake/cmake)
[0.389s] -- Found rclcpp: 28.1.13 (/opt/ros/jazzy/share/rclcpp/cmake)
[0.434s] -- Found rosidl_generator_c: 4.6.6 (/opt/ros/jazzy/share/rosidl_generator_c/cmake)
[0.444s] -- Found rosidl_generator_cpp: 4.6.6 (/opt/ros/jazzy/share/rosidl_generator_cpp/cmake)
[0.472s] -- Using all available rosidl_typesupport_c: rosidl_typesupport_fastrtps_c;rosidl_typesupport_introspection_c
[0.501s] -- Using all available rosidl_typesupport_cpp: rosidl_typesupport_fastrtps_cpp;rosidl_typesupport_introspection_cpp
[0.606s] -- Found rmw_implementation_cmake: 7.3.2 (/opt/ros/jazzy/share/rmw_implementation_cmake/cmake)
[0.607s] -- Found rmw_fastrtps_cpp: 8.4.3 (/opt/ros/jazzy/share/rmw_fastrtps_cpp/cmake)
[0.700s] -- Using RMW implementation 'rmw_fastrtps_cpp' as default
[0.781s] -- Found rclpy: 7.1.6 (/opt/ros/jazzy/share/rclpy/cmake)
[0.781s] -- Found geometry_msgs: 5.3.6 (/opt/ros/jazzy/share/geometry_msgs/cmake)
[1.067s] -- Configuring done (1.0s)
[1.083s] -- Generating done (0.0s)
[1.089s] -- Build files have been written to: /home/solomon/atlasr1_ws/build/atlasr1_controller
[1.163s] Built target ament_cmake_python_copy_atlasr1_controller
[1.425s] running egg_info
[1.451s] writing atlasr1_controller.egg-info/PKG-INFO
[1.451s] writing dependency_links to atlasr1_controller.egg-info/dependency_links.txt
[1.451s] writing top-level names to atlasr1_controller.egg-info/top_level.txt
[1.520s] reading manifest file 'atlasr1_controller.egg-info/SOURCES.txt'
[1.521s] writing manifest file 'atlasr1_controller.egg-info/SOURCES.txt'
[1.573s] Built target ament_cmake_python_build_atlasr1_controller_egg
[1.594s] Invoked command in '/home/solomon/atlasr1_ws/build/atlasr1_controller' returned '0': CMAKE_PREFIX_PATH=${CMAKE_PREFIX_PATH}:/opt/ros/jazzy DEBUGINFOD_URLS=https://debuginfod.ubuntu.com /usr/bin/cmake --build /home/solomon/atlasr1_ws/build/atlasr1_controller -- -j16 -l16
[1.597s] Invoking command in '/home/solomon/atlasr1_ws/build/atlasr1_controller': CMAKE_PREFIX_PATH=${CMAKE_PREFIX_PATH}:/opt/ros/jazzy DEBUGINFOD_URLS=https://debuginfod.ubuntu.com /usr/bin/cmake --install /home/solomon/atlasr1_ws/build/atlasr1_controller
[1.608s] -- Install configuration: ""
[1.608s] -- Up-to-date: /home/solomon/atlasr1_ws/install/atlasr1_controller/share/atlasr1_controller/environment/pythonpath.sh
[1.608s] -- Up-to-date: /home/solomon/atlasr1_ws/install/atlasr1_controller/share/atlasr1_controller/environment/pythonpath.dsv
[1.608s] -- Up-to-date: /home/solomon/atlasr1_ws/install/atlasr1_controller/lib/python3.12/site-packages/atlasr1_controller-0.0.0-py3.12.egg-info
[1.608s] -- Installing: /home/solomon/atlasr1_ws/install/atlasr1_controller/lib/python3.12/site-packages/atlasr1_controller-0.0.0-py3.12.egg-info/SOURCES.txt
[1.609s] -- Installing: /home/solomon/atlasr1_ws/install/atlasr1_controller/lib/python3.12/site-packages/atlasr1_controller-0.0.0-py3.12.egg-info/dependency_links.txt
[1.609s] -- Installing: /home/solomon/atlasr1_ws/install/atlasr1_controller/lib/python3.12/site-packages/atlasr1_controller-0.0.0-py3.12.egg-info/top_level.txt
[1.609s] -- Installing: /home/solomon/atlasr1_ws/install/atlasr1_controller/lib/python3.12/site-packages/atlasr1_controller-0.0.0-py3.12.egg-info/PKG-INFO
[1.609s] -- Up-to-date: /home/solomon/atlasr1_ws/install/atlasr1_controller/lib/python3.12/site-packages/atlasr1_controller
[1.609s] -- Up-to-date: /home/solomon/atlasr1_ws/install/atlasr1_controller/lib/python3.12/site-packages/atlasr1_controller/__init__.py
[1.609s] -- Up-to-date: /home/solomon/atlasr1_ws/install/atlasr1_controller/lib/python3.12/site-packages/atlasr1_controller/whymialive_1.py
[1.609s] -- Up-to-date: /home/solomon/atlasr1_ws/install/atlasr1_controller/lib/python3.12/site-packages/atlasr1_controller/simple_controller.py
[1.651s] Listing '/home/solomon/atlasr1_ws/install/atlasr1_controller/lib/python3.12/site-packages/atlasr1_controller'...
[1.657s] -- Up-to-date: /home/solomon/atlasr1_ws/install/atlasr1_controller/include/include
[1.657s] -- Up-to-date: /home/solomon/atlasr1_ws/install/atlasr1_controller/include/include/atlasr1_controller
[1.657s] -- Up-to-date: /home/solomon/atlasr1_ws/install/atlasr1_controller/share/atlasr1_controller/launch
[1.658s] -- Up-to-date: /home/solomon/atlasr1_ws/install/atlasr1_controller/share/atlasr1_controller/launch/controller.launch.py
[1.658s] -- Up-to-date: /home/solomon/atlasr1_ws/install/atlasr1_controller/share/atlasr1_controller/config
[1.658s] -- Up-to-date: /home/solomon/atlasr1_ws/install/atlasr1_controller/share/atlasr1_controller/config/joy_teleop.yaml
[1.658s] -- Up-to-date: /home/solomon/atlasr1_ws/install/atlasr1_controller/share/atlasr1_controller/config/joy_config.yaml
[1.658s] -- Up-to-date: /home/solomon/atlasr1_ws/install/atlasr1_controller/share/atlasr1_controller/config/atlasr1_controllers.yaml
[1.658s] -- Up-to-date: /home/solomon/atlasr1_ws/install/atlasr1_controller/lib/atlasr1_controller/simple_controller.py
[1.658s] -- Up-to-date: /home/solomon/atlasr1_ws/install/atlasr1_controller/share/ament_index/resource_index/package_run_dependencies/atlasr1_controller
[1.658s] -- Up-to-date: /home/solomon/atlasr1_ws/install/atlasr1_controller/share/ament_index/resource_index/parent_prefix_path/atlasr1_controller
[1.658s] -- Up-to-date: /home/solomon/atlasr1_ws/install/atlasr1_controller/share/atlasr1_controller/environment/ament_prefix_path.sh
[1.658s] -- Up-to-date: /home/solomon/atlasr1_ws/install/atlasr1_controller/share/atlasr1_controller/environment/ament_prefix_path.dsv
[1.659s] -- Up-to-date: /home/solomon/atlasr1_ws/install/atlasr1_controller/share/atlasr1_controller/environment/path.sh
[1.659s] -- Up-to-date: /home/solomon/atlasr1_ws/install/atlasr1_controller/share/atlasr1_controller/environment/path.dsv
[1.659s] -- Up-to-date: /home/solomon/atlasr1_ws/install/atlasr1_controller/share/atlasr1_controller/local_setup.bash
[1.659s] -- Up-to-date: /home/solomon/atlasr1_ws/install/atlasr1_controller/share/atlasr1_controller/local_setup.sh
[1.659s] -- Up-to-date: /home/solomon/atlasr1_ws/install/atlasr1_controller/share/atlasr1_controller/local_setup.zsh
[1.659s] -- Up-to-date: /home/solomon/atlasr1_ws/install/atlasr1_controller/share/atlasr1_controller/local_setup.dsv
[1.659s] -- Installing: /home/solomon/atlasr1_ws/install/atlasr1_controller/share/atlasr1_controller/package.dsv
[1.659s] -- Up-to-date: /home/solomon/atlasr1_ws/install/atlasr1_controller/share/ament_index/resource_index/packages/atlasr1_controller
[1.659s] -- Up-to-date: /home/solomon/atlasr1_ws/install/atlasr1_controller/share/atlasr1_controller/cmake/atlasr1_controllerConfig.cmake
[1.659s] -- Up-to-date: /home/solomon/atlasr1_ws/install/atlasr1_controller/share/atlasr1_controller/cmake/atlasr1_controllerConfig-version.cmake
[1.659s] -- Up-to-date: /home/solomon/atlasr1_ws/install/atlasr1_controller/share/atlasr1_controller/package.xml
[1.663s] Invoked command in '/home/solomon/atlasr1_ws/build/atlasr1_controller' returned '0': CMAKE_PREFIX_PATH=${CMAKE_PREFIX_PATH}:/opt/ros/jazzy DEBUGINFOD_URLS=https://debuginfod.ubuntu.com /usr/bin/cmake --install /home/solomon/atlasr1_ws/build/atlasr1_controller
