[0.017s] Invoking command in '/home/solomon/atlasr1_ws/build/atlasr1_controller': CMAKE_PREFIX_PATH=${CMAKE_PREFIX_PATH}:/opt/ros/jazzy DEBUGINFOD_URLS=https://debuginfod.ubuntu.com /usr/bin/cmake --build /home/solomon/atlasr1_ws/build/atlasr1_controller -- -j16 -l16
[0.081s] -- Found ament_cmake: 2.5.4 (/opt/ros/jazzy/share/ament_cmake/cmake)
[0.356s] -- Found rclcpp: 28.1.13 (/opt/ros/jazzy/share/rclcpp/cmake)
[0.401s] -- Found rosidl_generator_c: 4.6.6 (/opt/ros/jazzy/share/rosidl_generator_c/cmake)
[0.415s] -- Found rosidl_generator_cpp: 4.6.6 (/opt/ros/jazzy/share/rosidl_generator_cpp/cmake)
[0.435s] -- Using all available rosidl_typesupport_c: rosidl_typesupport_fastrtps_c;rosidl_typesupport_introspection_c
[0.453s] -- Using all available rosidl_typesupport_cpp: rosidl_typesupport_fastrtps_cpp;rosidl_typesupport_introspection_cpp
[0.530s] -- Found rmw_implementation_cmake: 7.3.2 (/opt/ros/jazzy/share/rmw_implementation_cmake/cmake)
[0.533s] -- Found rmw_fastrtps_cpp: 8.4.3 (/opt/ros/jazzy/share/rmw_fastrtps_cpp/cmake)
[0.626s] -- Using RMW implementation 'rmw_fastrtps_cpp' as default
[0.724s] -- Found rclpy: 7.1.6 (/opt/ros/jazzy/share/rclpy/cmake)
[0.724s] -- Found geometry_msgs: 5.3.6 (/opt/ros/jazzy/share/geometry_msgs/cmake)
[1.033s] -- Configuring done (1.0s)
[1.045s] -- Generating done (0.0s)
[1.048s] -- Build files have been written to: /home/solomon/atlasr1_ws/build/atlasr1_controller
[1.114s] Built target ament_cmake_python_copy_atlasr1_controller
[1.361s] running egg_info
[1.384s] writing atlasr1_controller.egg-info/PKG-INFO
[1.384s] writing dependency_links to atlasr1_controller.egg-info/dependency_links.txt
[1.385s] writing top-level names to atlasr1_controller.egg-info/top_level.txt
[1.449s] reading manifest file 'atlasr1_controller.egg-info/SOURCES.txt'
[1.450s] writing manifest file 'atlasr1_controller.egg-info/SOURCES.txt'
[1.501s] Built target ament_cmake_python_build_atlasr1_controller_egg
[1.517s] Invoked command in '/home/solomon/atlasr1_ws/build/atlasr1_controller' returned '0': CMAKE_PREFIX_PATH=${CMAKE_PREFIX_PATH}:/opt/ros/jazzy DEBUGINFOD_URLS=https://debuginfod.ubuntu.com /usr/bin/cmake --build /home/solomon/atlasr1_ws/build/atlasr1_controller -- -j16 -l16
[1.518s] Invoking command in '/home/solomon/atlasr1_ws/build/atlasr1_controller': CMAKE_PREFIX_PATH=${CMAKE_PREFIX_PATH}:/opt/ros/jazzy DEBUGINFOD_URLS=https://debuginfod.ubuntu.com /usr/bin/cmake --install /home/solomon/atlasr1_ws/build/atlasr1_controller
[1.530s] -- Install configuration: ""
[1.530s] -- Up-to-date: /home/solomon/atlasr1_ws/install/atlasr1_controller/share/atlasr1_controller/environment/pythonpath.sh
[1.530s] -- Up-to-date: /home/solomon/atlasr1_ws/install/atlasr1_controller/share/atlasr1_controller/environment/pythonpath.dsv
[1.530s] -- Up-to-date: /home/solomon/atlasr1_ws/install/atlasr1_controller/lib/python3.12/site-packages/atlasr1_controller-0.0.0-py3.12.egg-info
[1.530s] -- Installing: /home/solomon/atlasr1_ws/install/atlasr1_controller/lib/python3.12/site-packages/atlasr1_controller-0.0.0-py3.12.egg-info/SOURCES.txt
[1.531s] -- Installing: /home/solomon/atlasr1_ws/install/atlasr1_controller/lib/python3.12/site-packages/atlasr1_controller-0.0.0-py3.12.egg-info/dependency_links.txt
[1.531s] -- Installing: /home/solomon/atlasr1_ws/install/atlasr1_controller/lib/python3.12/site-packages/atlasr1_controller-0.0.0-py3.12.egg-info/top_level.txt
[1.531s] -- Installing: /home/solomon/atlasr1_ws/install/atlasr1_controller/lib/python3.12/site-packages/atlasr1_controller-0.0.0-py3.12.egg-info/PKG-INFO
[1.531s] -- Up-to-date: /home/solomon/atlasr1_ws/install/atlasr1_controller/lib/python3.12/site-packages/atlasr1_controller
[1.531s] -- Up-to-date: /home/solomon/atlasr1_ws/install/atlasr1_controller/lib/python3.12/site-packages/atlasr1_controller/__init__.py
[1.531s] -- Up-to-date: /home/solomon/atlasr1_ws/install/atlasr1_controller/lib/python3.12/site-packages/atlasr1_controller/simple_controller.py
[1.569s] Listing '/home/solomon/atlasr1_ws/install/atlasr1_controller/lib/python3.12/site-packages/atlasr1_controller'...
[1.576s] -- Up-to-date: /home/solomon/atlasr1_ws/install/atlasr1_controller/include/include
[1.576s] -- Up-to-date: /home/solomon/atlasr1_ws/install/atlasr1_controller/include/include/atlasr1_controller
[1.576s] -- Up-to-date: /home/solomon/atlasr1_ws/install/atlasr1_controller/share/atlasr1_controller/config
[1.576s] -- Up-to-date: /home/solomon/atlasr1_ws/install/atlasr1_controller/share/atlasr1_controller/config/atlasr1_controllers.yaml
[1.576s] -- Up-to-date: /home/solomon/atlasr1_ws/install/atlasr1_controller/share/atlasr1_controller/launch
[1.576s] -- Up-to-date: /home/solomon/atlasr1_ws/install/atlasr1_controller/share/atlasr1_controller/launch/controller.launch.py
[1.577s] -- Up-to-date: /home/solomon/atlasr1_ws/install/atlasr1_controller/share/ament_index/resource_index/package_run_dependencies/atlasr1_controller
[1.577s] -- Installing: /home/solomon/atlasr1_ws/install/atlasr1_controller/share/ament_index/resource_index/parent_prefix_path/atlasr1_controller
[1.577s] -- Up-to-date: /home/solomon/atlasr1_ws/install/atlasr1_controller/share/atlasr1_controller/environment/ament_prefix_path.sh
[1.577s] -- Up-to-date: /home/solomon/atlasr1_ws/install/atlasr1_controller/share/atlasr1_controller/environment/ament_prefix_path.dsv
[1.577s] -- Up-to-date: /home/solomon/atlasr1_ws/install/atlasr1_controller/share/atlasr1_controller/environment/path.sh
[1.577s] -- Up-to-date: /home/solomon/atlasr1_ws/install/atlasr1_controller/share/atlasr1_controller/environment/path.dsv
[1.577s] -- Up-to-date: /home/solomon/atlasr1_ws/install/atlasr1_controller/share/atlasr1_controller/local_setup.bash
[1.578s] -- Up-to-date: /home/solomon/atlasr1_ws/install/atlasr1_controller/share/atlasr1_controller/local_setup.sh
[1.578s] -- Up-to-date: /home/solomon/atlasr1_ws/install/atlasr1_controller/share/atlasr1_controller/local_setup.zsh
[1.578s] -- Up-to-date: /home/solomon/atlasr1_ws/install/atlasr1_controller/share/atlasr1_controller/local_setup.dsv
[1.578s] -- Installing: /home/solomon/atlasr1_ws/install/atlasr1_controller/share/atlasr1_controller/package.dsv
[1.578s] -- Up-to-date: /home/solomon/atlasr1_ws/install/atlasr1_controller/share/ament_index/resource_index/packages/atlasr1_controller
[1.578s] -- Up-to-date: /home/solomon/atlasr1_ws/install/atlasr1_controller/share/atlasr1_controller/cmake/atlasr1_controllerConfig.cmake
[1.578s] -- Up-to-date: /home/solomon/atlasr1_ws/install/atlasr1_controller/share/atlasr1_controller/cmake/atlasr1_controllerConfig-version.cmake
[1.578s] -- Up-to-date: /home/solomon/atlasr1_ws/install/atlasr1_controller/share/atlasr1_controller/package.xml
[1.582s] Invoked command in '/home/solomon/atlasr1_ws/build/atlasr1_controller' returned '0': CMAKE_PREFIX_PATH=${CMAKE_PREFIX_PATH}:/opt/ros/jazzy DEBUGINFOD_URLS=https://debuginfod.ubuntu.com /usr/bin/cmake --install /home/solomon/atlasr1_ws/build/atlasr1_controller
